Starting Full House Registration Job...
Running "module reset". Resetting modules to system default. The following $MODULEPATH directories have been removed: None

Lmod is automatically replacing "cce/19.0.0" with "gcc-native/14.2".


Lmod is automatically replacing "PrgEnv-cray/8.6.0" with "PrgEnv-gnu/8.6.0".


Due to MODULEPATH changes, the following have been reloaded:
  1) cray-libsci/25.03.0     2) cray-mpich/8.1.32


Lmod is automatically replacing "gcc-native/14.2" with "gcc/12.2.0".


The following have been reloaded with a version change:
  1) cray-libsci/25.03.0 => cray-libsci/23.09.1.1
  2) cray-mpich/8.1.32 => cray-mpich/8.1.27

🚀 Starting Realistic Photocopy House Registration...
✅ Generated: house_full_xerox_0001.jpg
✅ Generated: house_full_xerox_0002.jpg
✅ Generated: house_full_xerox_0003.jpg
✅ Generated: house_full_xerox_0004.jpg
✅ Generated: house_full_xerox_0005.jpg
✅ Generated: house_full_xerox_0006.jpg
✅ Generated: house_full_xerox_0007.jpg
✅ Generated: house_full_xerox_0008.jpg
✅ Generated: house_full_xerox_0009.jpg
✅ Generated: house_full_xerox_0010.jpg
✅ Generated: house_full_xerox_0011.jpg
✅ Generated: house_full_xerox_0012.jpg
✅ Generated: house_full_xerox_0013.jpg
✅ Generated: house_full_xerox_0014.jpg
✅ Generated: house_full_xerox_0015.jpg
✅ Generated: house_full_xerox_0016.jpg
✅ Generated: house_full_xerox_0017.jpg
✅ Generated: house_full_xerox_0018.jpg
✅ Generated: house_full_xerox_0019.jpg
✅ Generated: house_full_xerox_0020.jpg
✅ Generated: house_full_xerox_0021.jpg
✅ Generated: house_full_xerox_0022.jpg
✅ Generated: house_full_xerox_0023.jpg
✅ Generated: house_full_xerox_0024.jpg
✅ Generated: house_full_xerox_0025.jpg
✅ Generated: house_full_xerox_0026.jpg
✅ Generated: house_full_xerox_0027.jpg
✅ Generated: house_full_xerox_0028.jpg
✅ Generated: house_full_xerox_0029.jpg
✅ Generated: house_full_xerox_0030.jpg
✅ Generated: house_full_xerox_0031.jpg
✅ Generated: house_full_xerox_0032.jpg
✅ Generated: house_full_xerox_0033.jpg
✅ Generated: house_full_xerox_0034.jpg
✅ Generated: house_full_xerox_0035.jpg
✅ Generated: house_full_xerox_0036.jpg
✅ Generated: house_full_xerox_0037.jpg
✅ Generated: house_full_xerox_0038.jpg
✅ Generated: house_full_xerox_0039.jpg
✅ Generated: house_full_xerox_0040.jpg
✅ Generated: house_full_xerox_0041.jpg
✅ Generated: house_full_xerox_0042.jpg
✅ Generated: house_full_xerox_0043.jpg
✅ Generated: house_full_xerox_0044.jpg
✅ Generated: house_full_xerox_0045.jpg
✅ Generated: house_full_xerox_0046.jpg
✅ Generated: house_full_xerox_0047.jpg
✅ Generated: house_full_xerox_0048.jpg
✅ Generated: house_full_xerox_0049.jpg
✅ Generated: house_full_xerox_0050.jpg
✅ Generated: house_full_xerox_0051.jpg
✅ Generated: house_full_xerox_0052.jpg
✅ Generated: house_full_xerox_0053.jpg
✅ Generated: house_full_xerox_0054.jpg
✅ Generated: house_full_xerox_0055.jpg
✅ Generated: house_full_xerox_0056.jpg
✅ Generated: house_full_xerox_0057.jpg
✅ Generated: house_full_xerox_0058.jpg
✅ Generated: house_full_xerox_0059.jpg
✅ Generated: house_full_xerox_0060.jpg
✅ Generated: house_full_xerox_0061.jpg
✅ Generated: house_full_xerox_0062.jpg
✅ Generated: house_full_xerox_0063.jpg
✅ Generated: house_full_xerox_0064.jpg
✅ Generated: house_full_xerox_0065.jpg
✅ Generated: house_full_xerox_0066.jpg
✅ Generated: house_full_xerox_0067.jpg
✅ Generated: house_full_xerox_0068.jpg
✅ Generated: house_full_xerox_0069.jpg
✅ Generated: house_full_xerox_0070.jpg
✅ Generated: house_full_xerox_0071.jpg
✅ Generated: house_full_xerox_0072.jpg
✅ Generated: house_full_xerox_0073.jpg
✅ Generated: house_full_xerox_0074.jpg
✅ Generated: house_full_xerox_0075.jpg
✅ Generated: house_full_xerox_0076.jpg
✅ Generated: house_full_xerox_0077.jpg
✅ Generated: house_full_xerox_0078.jpg
✅ Generated: house_full_xerox_0079.jpg
✅ Generated: house_full_xerox_0080.jpg
✅ Generated: house_full_xerox_0081.jpg
✅ Generated: house_full_xerox_0082.jpg
✅ Generated: house_full_xerox_0083.jpg
✅ Generated: house_full_xerox_0084.jpg
✅ Generated: house_full_xerox_0085.jpg
✅ Generated: house_full_xerox_0086.jpg
✅ Generated: house_full_xerox_0087.jpg
✅ Generated: house_full_xerox_0088.jpg
✅ Generated: house_full_xerox_0089.jpg
✅ Generated: house_full_xerox_0090.jpg
✅ Generated: house_full_xerox_0091.jpg
✅ Generated: house_full_xerox_0092.jpg
✅ Generated: house_full_xerox_0093.jpg
✅ Generated: house_full_xerox_0094.jpg
✅ Generated: house_full_xerox_0095.jpg
✅ Generated: house_full_xerox_0096.jpg
✅ Generated: house_full_xerox_0097.jpg
✅ Generated: house_full_xerox_0098.jpg
✅ Generated: house_full_xerox_0099.jpg
✅ Generated: house_full_xerox_0100.jpg
✅ Generated: house_full_xerox_0101.jpg
✅ Generated: house_full_xerox_0102.jpg
✅ Generated: house_full_xerox_0103.jpg
✅ Generated: house_full_xerox_0104.jpg
✅ Generated: house_full_xerox_0105.jpg
✅ Generated: house_full_xerox_0106.jpg
✅ Generated: house_full_xerox_0107.jpg
✅ Generated: house_full_xerox_0108.jpg
✅ Generated: house_full_xerox_0109.jpg
✅ Generated: house_full_xerox_0110.jpg
✅ Generated: house_full_xerox_0111.jpg
✅ Generated: house_full_xerox_0112.jpg
✅ Generated: house_full_xerox_0113.jpg
✅ Generated: house_full_xerox_0114.jpg
✅ Generated: house_full_xerox_0115.jpg
✅ Generated: house_full_xerox_0116.jpg
✅ Generated: house_full_xerox_0117.jpg
✅ Generated: house_full_xerox_0118.jpg
✅ Generated: house_full_xerox_0119.jpg
✅ Generated: house_full_xerox_0120.jpg
✅ Generated: house_full_xerox_0121.jpg
✅ Generated: house_full_xerox_0122.jpg
✅ Generated: house_full_xerox_0123.jpg
✅ Generated: house_full_xerox_0124.jpg
✅ Generated: house_full_xerox_0125.jpg
✅ Generated: house_full_xerox_0126.jpg
✅ Generated: house_full_xerox_0127.jpg
✅ Generated: house_full_xerox_0128.jpg
✅ Generated: house_full_xerox_0129.jpg
✅ Generated: house_full_xerox_0130.jpg
✅ Generated: house_full_xerox_0131.jpg
✅ Generated: house_full_xerox_0132.jpg
✅ Generated: house_full_xerox_0133.jpg
✅ Generated: house_full_xerox_0134.jpg
✅ Generated: house_full_xerox_0135.jpg
✅ Generated: house_full_xerox_0136.jpg
✅ Generated: house_full_xerox_0137.jpg
✅ Generated: house_full_xerox_0138.jpg
✅ Generated: house_full_xerox_0139.jpg
✅ Generated: house_full_xerox_0140.jpg
✅ Generated: house_full_xerox_0141.jpg
✅ Generated: house_full_xerox_0142.jpg
✅ Generated: house_full_xerox_0143.jpg
✅ Generated: house_full_xerox_0144.jpg
✅ Generated: house_full_xerox_0145.jpg
✅ Generated: house_full_xerox_0146.jpg
✅ Generated: house_full_xerox_0147.jpg
✅ Generated: house_full_xerox_0148.jpg
✅ Generated: house_full_xerox_0149.jpg
✅ Generated: house_full_xerox_0150.jpg
✅ Generated: house_full_xerox_0151.jpg
✅ Generated: house_full_xerox_0152.jpg
✅ Generated: house_full_xerox_0153.jpg
✅ Generated: house_full_xerox_0154.jpg
✅ Generated: house_full_xerox_0155.jpg
✅ Generated: house_full_xerox_0156.jpg
✅ Generated: house_full_xerox_0157.jpg
✅ Generated: house_full_xerox_0158.jpg
✅ Generated: house_full_xerox_0159.jpg
✅ Generated: house_full_xerox_0160.jpg
✅ Generated: house_full_xerox_0161.jpg
✅ Generated: house_full_xerox_0162.jpg
✅ Generated: house_full_xerox_0163.jpg
✅ Generated: house_full_xerox_0164.jpg
✅ Generated: house_full_xerox_0165.jpg
✅ Generated: house_full_xerox_0166.jpg
✅ Generated: house_full_xerox_0167.jpg
✅ Generated: house_full_xerox_0168.jpg
✅ Generated: house_full_xerox_0169.jpg
✅ Generated: house_full_xerox_0170.jpg
✅ Generated: house_full_xerox_0171.jpg
✅ Generated: house_full_xerox_0172.jpg
✅ Generated: house_full_xerox_0173.jpg
✅ Generated: house_full_xerox_0174.jpg
✅ Generated: house_full_xerox_0175.jpg
✅ Generated: house_full_xerox_0176.jpg
✅ Generated: house_full_xerox_0177.jpg
✅ Generated: house_full_xerox_0178.jpg
✅ Generated: house_full_xerox_0179.jpg
✅ Generated: house_full_xerox_0180.jpg
✅ Generated: house_full_xerox_0181.jpg
✅ Generated: house_full_xerox_0182.jpg
✅ Generated: house_full_xerox_0183.jpg
✅ Generated: house_full_xerox_0184.jpg
✅ Generated: house_full_xerox_0185.jpg
✅ Generated: house_full_xerox_0186.jpg
✅ Generated: house_full_xerox_0187.jpg
✅ Generated: house_full_xerox_0188.jpg
✅ Generated: house_full_xerox_0189.jpg
✅ Generated: house_full_xerox_0190.jpg
✅ Generated: house_full_xerox_0191.jpg
✅ Generated: house_full_xerox_0192.jpg
✅ Generated: house_full_xerox_0193.jpg
✅ Generated: house_full_xerox_0194.jpg
✅ Generated: house_full_xerox_0195.jpg
✅ Generated: house_full_xerox_0196.jpg
✅ Generated: house_full_xerox_0197.jpg
✅ Generated: house_full_xerox_0198.jpg
✅ Generated: house_full_xerox_0199.jpg
✅ Generated: house_full_xerox_0200.jpg
✅ Generated: house_full_xerox_0201.jpg
✅ Generated: house_full_xerox_0202.jpg
✅ Generated: house_full_xerox_0203.jpg
✅ Generated: house_full_xerox_0204.jpg
✅ Generated: house_full_xerox_0205.jpg
✅ Generated: house_full_xerox_0206.jpg
✅ Generated: house_full_xerox_0207.jpg
✅ Generated: house_full_xerox_0208.jpg
✅ Generated: house_full_xerox_0209.jpg
✅ Generated: house_full_xerox_0210.jpg
✅ Generated: house_full_xerox_0211.jpg
✅ Generated: house_full_xerox_0212.jpg
✅ Generated: house_full_xerox_0213.jpg
✅ Generated: house_full_xerox_0214.jpg
✅ Generated: house_full_xerox_0215.jpg
✅ Generated: house_full_xerox_0216.jpg
✅ Generated: house_full_xerox_0217.jpg
✅ Generated: house_full_xerox_0218.jpg
✅ Generated: house_full_xerox_0219.jpg
✅ Generated: house_full_xerox_0220.jpg
✅ Generated: house_full_xerox_0221.jpg
✅ Generated: house_full_xerox_0222.jpg
✅ Generated: house_full_xerox_0223.jpg
✅ Generated: house_full_xerox_0224.jpg
✅ Generated: house_full_xerox_0225.jpg
✅ Generated: house_full_xerox_0226.jpg
✅ Generated: house_full_xerox_0227.jpg
✅ Generated: house_full_xerox_0228.jpg
✅ Generated: house_full_xerox_0229.jpg
✅ Generated: house_full_xerox_0230.jpg
✅ Generated: house_full_xerox_0231.jpg
✅ Generated: house_full_xerox_0232.jpg
✅ Generated: house_full_xerox_0233.jpg
✅ Generated: house_full_xerox_0234.jpg
✅ Generated: house_full_xerox_0235.jpg
✅ Generated: house_full_xerox_0236.jpg
✅ Generated: house_full_xerox_0237.jpg
✅ Generated: house_full_xerox_0238.jpg
✅ Generated: house_full_xerox_0239.jpg
✅ Generated: house_full_xerox_0240.jpg
✅ Generated: house_full_xerox_0241.jpg
✅ Generated: house_full_xerox_0242.jpg
✅ Generated: house_full_xerox_0243.jpg
✅ Generated: house_full_xerox_0244.jpg
✅ Generated: house_full_xerox_0245.jpg
✅ Generated: house_full_xerox_0246.jpg
✅ Generated: house_full_xerox_0247.jpg
✅ Generated: house_full_xerox_0248.jpg
✅ Generated: house_full_xerox_0249.jpg
✅ Generated: house_full_xerox_0250.jpg
✅ Generated: house_full_xerox_0251.jpg
✅ Generated: house_full_xerox_0252.jpg
✅ Generated: house_full_xerox_0253.jpg
✅ Generated: house_full_xerox_0254.jpg
✅ Generated: house_full_xerox_0255.jpg
✅ Generated: house_full_xerox_0256.jpg
✅ Generated: house_full_xerox_0257.jpg
✅ Generated: house_full_xerox_0258.jpg
✅ Generated: house_full_xerox_0259.jpg
✅ Generated: house_full_xerox_0260.jpg
✅ Generated: house_full_xerox_0261.jpg
✅ Generated: house_full_xerox_0262.jpg
✅ Generated: house_full_xerox_0263.jpg
✅ Generated: house_full_xerox_0264.jpg
✅ Generated: house_full_xerox_0265.jpg
✅ Generated: house_full_xerox_0266.jpg
✅ Generated: house_full_xerox_0267.jpg
✅ Generated: house_full_xerox_0268.jpg
✅ Generated: house_full_xerox_0269.jpg
✅ Generated: house_full_xerox_0270.jpg
✅ Generated: house_full_xerox_0271.jpg
✅ Generated: house_full_xerox_0272.jpg
✅ Generated: house_full_xerox_0273.jpg
✅ Generated: house_full_xerox_0274.jpg
✅ Generated: house_full_xerox_0275.jpg
✅ Generated: house_full_xerox_0276.jpg
✅ Generated: house_full_xerox_0277.jpg
✅ Generated: house_full_xerox_0278.jpg
✅ Generated: house_full_xerox_0279.jpg
✅ Generated: house_full_xerox_0280.jpg
✅ Generated: house_full_xerox_0281.jpg
✅ Generated: house_full_xerox_0282.jpg
✅ Generated: house_full_xerox_0283.jpg
✅ Generated: house_full_xerox_0284.jpg
✅ Generated: house_full_xerox_0285.jpg
✅ Generated: house_full_xerox_0286.jpg
✅ Generated: house_full_xerox_0287.jpg
✅ Generated: house_full_xerox_0288.jpg
✅ Generated: house_full_xerox_0289.jpg
✅ Generated: house_full_xerox_0290.jpg
✅ Generated: house_full_xerox_0291.jpg
✅ Generated: house_full_xerox_0292.jpg
✅ Generated: house_full_xerox_0293.jpg
✅ Generated: house_full_xerox_0294.jpg
✅ Generated: house_full_xerox_0295.jpg
✅ Generated: house_full_xerox_0296.jpg
✅ Generated: house_full_xerox_0297.jpg
✅ Generated: house_full_xerox_0298.jpg
✅ Generated: house_full_xerox_0299.jpg
✅ Generated: house_full_xerox_0300.jpg
✅ Generated: house_full_xerox_0301.jpg
✅ Generated: house_full_xerox_0302.jpg
✅ Generated: house_full_xerox_0303.jpg
✅ Generated: house_full_xerox_0304.jpg
✅ Generated: house_full_xerox_0305.jpg
✅ Generated: house_full_xerox_0306.jpg
✅ Generated: house_full_xerox_0307.jpg
✅ Generated: house_full_xerox_0308.jpg
✅ Generated: house_full_xerox_0309.jpg
✅ Generated: house_full_xerox_0310.jpg
✅ Generated: house_full_xerox_0311.jpg
✅ Generated: house_full_xerox_0312.jpg
✅ Generated: house_full_xerox_0313.jpg
✅ Generated: house_full_xerox_0314.jpg
✅ Generated: house_full_xerox_0315.jpg
✅ Generated: house_full_xerox_0316.jpg
✅ Generated: house_full_xerox_0317.jpg
✅ Generated: house_full_xerox_0318.jpg
✅ Generated: house_full_xerox_0319.jpg
✅ Generated: house_full_xerox_0320.jpg
✅ Generated: house_full_xerox_0321.jpg
✅ Generated: house_full_xerox_0322.jpg
✅ Generated: house_full_xerox_0323.jpg
✅ Generated: house_full_xerox_0324.jpg
✅ Generated: house_full_xerox_0325.jpg
✅ Generated: house_full_xerox_0326.jpg
✅ Generated: house_full_xerox_0327.jpg
✅ Generated: house_full_xerox_0328.jpg
✅ Generated: house_full_xerox_0329.jpg
✅ Generated: house_full_xerox_0330.jpg
✅ Generated: house_full_xerox_0331.jpg
✅ Generated: house_full_xerox_0332.jpg
✅ Generated: house_full_xerox_0333.jpg
✅ Generated: house_full_xerox_0334.jpg
✅ Generated: house_full_xerox_0335.jpg
✅ Generated: house_full_xerox_0336.jpg
✅ Generated: house_full_xerox_0337.jpg
✅ Generated: house_full_xerox_0338.jpg
✅ Generated: house_full_xerox_0339.jpg
✅ Generated: house_full_xerox_0340.jpg
✅ Generated: house_full_xerox_0341.jpg
✅ Generated: house_full_xerox_0342.jpg
✅ Generated: house_full_xerox_0343.jpg
✅ Generated: house_full_xerox_0344.jpg
✅ Generated: house_full_xerox_0345.jpg
✅ Generated: house_full_xerox_0346.jpg
✅ Generated: house_full_xerox_0347.jpg
✅ Generated: house_full_xerox_0348.jpg
✅ Generated: house_full_xerox_0349.jpg
✅ Generated: house_full_xerox_0350.jpg
✅ Generated: house_full_xerox_0351.jpg
✅ Generated: house_full_xerox_0352.jpg
✅ Generated: house_full_xerox_0353.jpg
✅ Generated: house_full_xerox_0354.jpg
✅ Generated: house_full_xerox_0355.jpg
✅ Generated: house_full_xerox_0356.jpg
✅ Generated: house_full_xerox_0357.jpg
✅ Generated: house_full_xerox_0358.jpg
✅ Generated: house_full_xerox_0359.jpg
✅ Generated: house_full_xerox_0360.jpg
✅ Generated: house_full_xerox_0361.jpg
✅ Generated: house_full_xerox_0362.jpg
✅ Generated: house_full_xerox_0363.jpg
✅ Generated: house_full_xerox_0364.jpg
✅ Generated: house_full_xerox_0365.jpg
✅ Generated: house_full_xerox_0366.jpg
✅ Generated: house_full_xerox_0367.jpg
✅ Generated: house_full_xerox_0368.jpg
✅ Generated: house_full_xerox_0369.jpg
✅ Generated: house_full_xerox_0370.jpg
✅ Generated: house_full_xerox_0371.jpg
✅ Generated: house_full_xerox_0372.jpg
✅ Generated: house_full_xerox_0373.jpg
✅ Generated: house_full_xerox_0374.jpg
✅ Generated: house_full_xerox_0375.jpg
✅ Generated: house_full_xerox_0376.jpg
✅ Generated: house_full_xerox_0377.jpg
✅ Generated: house_full_xerox_0378.jpg
✅ Generated: house_full_xerox_0379.jpg
✅ Generated: house_full_xerox_0380.jpg
✅ Generated: house_full_xerox_0381.jpg
✅ Generated: house_full_xerox_0382.jpg
✅ Generated: house_full_xerox_0383.jpg
✅ Generated: house_full_xerox_0384.jpg
✅ Generated: house_full_xerox_0385.jpg
✅ Generated: house_full_xerox_0386.jpg
✅ Generated: house_full_xerox_0387.jpg
✅ Generated: house_full_xerox_0388.jpg
✅ Generated: house_full_xerox_0389.jpg
✅ Generated: house_full_xerox_0390.jpg
✅ Generated: house_full_xerox_0391.jpg
✅ Generated: house_full_xerox_0392.jpg
✅ Generated: house_full_xerox_0393.jpg
✅ Generated: house_full_xerox_0394.jpg
✅ Generated: house_full_xerox_0395.jpg
✅ Generated: house_full_xerox_0396.jpg
✅ Generated: house_full_xerox_0397.jpg
✅ Generated: house_full_xerox_0398.jpg
✅ Generated: house_full_xerox_0399.jpg
✅ Generated: house_full_xerox_0400.jpg
✅ Generated: house_full_xerox_0401.jpg
✅ Generated: house_full_xerox_0402.jpg
✅ Generated: house_full_xerox_0403.jpg
✅ Generated: house_full_xerox_0404.jpg
✅ Generated: house_full_xerox_0405.jpg
✅ Generated: house_full_xerox_0406.jpg
✅ Generated: house_full_xerox_0407.jpg
✅ Generated: house_full_xerox_0408.jpg
✅ Generated: house_full_xerox_0409.jpg
✅ Generated: house_full_xerox_0410.jpg
✅ Generated: house_full_xerox_0411.jpg
✅ Generated: house_full_xerox_0412.jpg
✅ Generated: house_full_xerox_0413.jpg
✅ Generated: house_full_xerox_0414.jpg
✅ Generated: house_full_xerox_0415.jpg
✅ Generated: house_full_xerox_0416.jpg
✅ Generated: house_full_xerox_0417.jpg
✅ Generated: house_full_xerox_0418.jpg
✅ Generated: house_full_xerox_0419.jpg
✅ Generated: house_full_xerox_0420.jpg
✅ Generated: house_full_xerox_0421.jpg
✅ Generated: house_full_xerox_0422.jpg
✅ Generated: house_full_xerox_0423.jpg
✅ Generated: house_full_xerox_0424.jpg
✅ Generated: house_full_xerox_0425.jpg
✅ Generated: house_full_xerox_0426.jpg
✅ Generated: house_full_xerox_0427.jpg
✅ Generated: house_full_xerox_0428.jpg
✅ Generated: house_full_xerox_0429.jpg
✅ Generated: house_full_xerox_0430.jpg
✅ Generated: house_full_xerox_0431.jpg
✅ Generated: house_full_xerox_0432.jpg
✅ Generated: house_full_xerox_0433.jpg
✅ Generated: house_full_xerox_0434.jpg
✅ Generated: house_full_xerox_0435.jpg
✅ Generated: house_full_xerox_0436.jpg
✅ Generated: house_full_xerox_0437.jpg
✅ Generated: house_full_xerox_0438.jpg
✅ Generated: house_full_xerox_0439.jpg
✅ Generated: house_full_xerox_0440.jpg
✅ Generated: house_full_xerox_0441.jpg
✅ Generated: house_full_xerox_0442.jpg
✅ Generated: house_full_xerox_0443.jpg
✅ Generated: house_full_xerox_0444.jpg
✅ Generated: house_full_xerox_0445.jpg
✅ Generated: house_full_xerox_0446.jpg
✅ Generated: house_full_xerox_0447.jpg
✅ Generated: house_full_xerox_0448.jpg
✅ Generated: house_full_xerox_0449.jpg
✅ Generated: house_full_xerox_0450.jpg
✅ Generated: house_full_xerox_0451.jpg
✅ Generated: house_full_xerox_0452.jpg
✅ Generated: house_full_xerox_0453.jpg
✅ Generated: house_full_xerox_0454.jpg
✅ Generated: house_full_xerox_0455.jpg
✅ Generated: house_full_xerox_0456.jpg
✅ Generated: house_full_xerox_0457.jpg
✅ Generated: house_full_xerox_0458.jpg
✅ Generated: house_full_xerox_0459.jpg
✅ Generated: house_full_xerox_0460.jpg
✅ Generated: house_full_xerox_0461.jpg
✅ Generated: house_full_xerox_0462.jpg
✅ Generated: house_full_xerox_0463.jpg
✅ Generated: house_full_xerox_0464.jpg
✅ Generated: house_full_xerox_0465.jpg
✅ Generated: house_full_xerox_0466.jpg
✅ Generated: house_full_xerox_0467.jpg
✅ Generated: house_full_xerox_0468.jpg
✅ Generated: house_full_xerox_0469.jpg
✅ Generated: house_full_xerox_0470.jpg
✅ Generated: house_full_xerox_0471.jpg
✅ Generated: house_full_xerox_0472.jpg
✅ Generated: house_full_xerox_0473.jpg
✅ Generated: house_full_xerox_0474.jpg
✅ Generated: house_full_xerox_0475.jpg
✅ Generated: house_full_xerox_0476.jpg
✅ Generated: house_full_xerox_0477.jpg
✅ Generated: house_full_xerox_0478.jpg
✅ Generated: house_full_xerox_0479.jpg
✅ Generated: house_full_xerox_0480.jpg
✅ Generated: house_full_xerox_0481.jpg
✅ Generated: house_full_xerox_0482.jpg
✅ Generated: house_full_xerox_0483.jpg
✅ Generated: house_full_xerox_0484.jpg
✅ Generated: house_full_xerox_0485.jpg
✅ Generated: house_full_xerox_0486.jpg
✅ Generated: house_full_xerox_0487.jpg
✅ Generated: house_full_xerox_0488.jpg
✅ Generated: house_full_xerox_0489.jpg
✅ Generated: house_full_xerox_0490.jpg
✅ Generated: house_full_xerox_0491.jpg
✅ Generated: house_full_xerox_0492.jpg
✅ Generated: house_full_xerox_0493.jpg
✅ Generated: house_full_xerox_0494.jpg
✅ Generated: house_full_xerox_0495.jpg
✅ Generated: house_full_xerox_0496.jpg
✅ Generated: house_full_xerox_0497.jpg
✅ Generated: house_full_xerox_0498.jpg
✅ Generated: house_full_xerox_0499.jpg
✅ Generated: house_full_xerox_0500.jpg
✅ Job Finished!
