Starting Full House Registration Job...
Running "module reset". Resetting modules to system default. The following $MODULEPATH directories have been removed: None

Lmod is automatically replacing "cce/19.0.0" with "gcc-native/14.2".


Lmod is automatically replacing "PrgEnv-cray/8.6.0" with "PrgEnv-gnu/8.6.0".


Due to MODULEPATH changes, the following have been reloaded:
  1) cray-libsci/25.03.0     2) cray-mpich/8.1.32


Lmod is automatically replacing "gcc-native/14.2" with "gcc/12.2.0".


The following have been reloaded with a version change:
  1) cray-libsci/25.03.0 => cray-libsci/23.09.1.1
  2) cray-mpich/8.1.32 => cray-mpich/8.1.27

🚀 Starting Vertical House Registration Generation...
✅ Generated: house_full_vertical_0001.jpg
✅ Generated: house_full_vertical_0002.jpg
✅ Generated: house_full_vertical_0003.jpg
✅ Generated: house_full_vertical_0004.jpg
✅ Generated: house_full_vertical_0005.jpg
✅ Generated: house_full_vertical_0006.jpg
✅ Generated: house_full_vertical_0007.jpg
✅ Generated: house_full_vertical_0008.jpg
✅ Generated: house_full_vertical_0009.jpg
✅ Generated: house_full_vertical_0010.jpg
✅ Generated: house_full_vertical_0011.jpg
✅ Generated: house_full_vertical_0012.jpg
✅ Generated: house_full_vertical_0013.jpg
✅ Generated: house_full_vertical_0014.jpg
✅ Generated: house_full_vertical_0015.jpg
✅ Generated: house_full_vertical_0016.jpg
✅ Generated: house_full_vertical_0017.jpg
✅ Generated: house_full_vertical_0018.jpg
✅ Generated: house_full_vertical_0019.jpg
✅ Generated: house_full_vertical_0020.jpg
✅ Generated: house_full_vertical_0021.jpg
✅ Generated: house_full_vertical_0022.jpg
✅ Generated: house_full_vertical_0023.jpg
✅ Generated: house_full_vertical_0024.jpg
✅ Generated: house_full_vertical_0025.jpg
✅ Generated: house_full_vertical_0026.jpg
✅ Generated: house_full_vertical_0027.jpg
✅ Generated: house_full_vertical_0028.jpg
✅ Generated: house_full_vertical_0029.jpg
✅ Generated: house_full_vertical_0030.jpg
✅ Generated: house_full_vertical_0031.jpg
✅ Generated: house_full_vertical_0032.jpg
✅ Generated: house_full_vertical_0033.jpg
✅ Generated: house_full_vertical_0034.jpg
✅ Generated: house_full_vertical_0035.jpg
✅ Generated: house_full_vertical_0036.jpg
✅ Generated: house_full_vertical_0037.jpg
✅ Generated: house_full_vertical_0038.jpg
✅ Generated: house_full_vertical_0039.jpg
✅ Generated: house_full_vertical_0040.jpg
✅ Generated: house_full_vertical_0041.jpg
✅ Generated: house_full_vertical_0042.jpg
✅ Generated: house_full_vertical_0043.jpg
✅ Generated: house_full_vertical_0044.jpg
✅ Generated: house_full_vertical_0045.jpg
✅ Generated: house_full_vertical_0046.jpg
✅ Generated: house_full_vertical_0047.jpg
✅ Generated: house_full_vertical_0048.jpg
✅ Generated: house_full_vertical_0049.jpg
✅ Generated: house_full_vertical_0050.jpg
✅ Generated: house_full_vertical_0051.jpg
✅ Generated: house_full_vertical_0052.jpg
✅ Generated: house_full_vertical_0053.jpg
✅ Generated: house_full_vertical_0054.jpg
✅ Generated: house_full_vertical_0055.jpg
✅ Generated: house_full_vertical_0056.jpg
✅ Generated: house_full_vertical_0057.jpg
✅ Generated: house_full_vertical_0058.jpg
✅ Generated: house_full_vertical_0059.jpg
✅ Generated: house_full_vertical_0060.jpg
✅ Generated: house_full_vertical_0061.jpg
✅ Generated: house_full_vertical_0062.jpg
✅ Generated: house_full_vertical_0063.jpg
✅ Generated: house_full_vertical_0064.jpg
✅ Generated: house_full_vertical_0065.jpg
✅ Generated: house_full_vertical_0066.jpg
✅ Generated: house_full_vertical_0067.jpg
✅ Generated: house_full_vertical_0068.jpg
✅ Generated: house_full_vertical_0069.jpg
✅ Generated: house_full_vertical_0070.jpg
✅ Generated: house_full_vertical_0071.jpg
✅ Generated: house_full_vertical_0072.jpg
✅ Generated: house_full_vertical_0073.jpg
✅ Generated: house_full_vertical_0074.jpg
✅ Generated: house_full_vertical_0075.jpg
✅ Generated: house_full_vertical_0076.jpg
✅ Generated: house_full_vertical_0077.jpg
✅ Generated: house_full_vertical_0078.jpg
✅ Generated: house_full_vertical_0079.jpg
✅ Generated: house_full_vertical_0080.jpg
✅ Generated: house_full_vertical_0081.jpg
✅ Generated: house_full_vertical_0082.jpg
✅ Generated: house_full_vertical_0083.jpg
✅ Generated: house_full_vertical_0084.jpg
✅ Generated: house_full_vertical_0085.jpg
✅ Generated: house_full_vertical_0086.jpg
✅ Generated: house_full_vertical_0087.jpg
✅ Generated: house_full_vertical_0088.jpg
✅ Generated: house_full_vertical_0089.jpg
✅ Generated: house_full_vertical_0090.jpg
✅ Generated: house_full_vertical_0091.jpg
✅ Generated: house_full_vertical_0092.jpg
✅ Generated: house_full_vertical_0093.jpg
✅ Generated: house_full_vertical_0094.jpg
✅ Generated: house_full_vertical_0095.jpg
✅ Generated: house_full_vertical_0096.jpg
✅ Generated: house_full_vertical_0097.jpg
✅ Generated: house_full_vertical_0098.jpg
✅ Generated: house_full_vertical_0099.jpg
✅ Generated: house_full_vertical_0100.jpg
✅ Generated: house_full_vertical_0101.jpg
✅ Generated: house_full_vertical_0102.jpg
✅ Generated: house_full_vertical_0103.jpg
✅ Generated: house_full_vertical_0104.jpg
✅ Generated: house_full_vertical_0105.jpg
✅ Generated: house_full_vertical_0106.jpg
✅ Generated: house_full_vertical_0107.jpg
✅ Generated: house_full_vertical_0108.jpg
✅ Generated: house_full_vertical_0109.jpg
✅ Generated: house_full_vertical_0110.jpg
✅ Generated: house_full_vertical_0111.jpg
✅ Generated: house_full_vertical_0112.jpg
✅ Generated: house_full_vertical_0113.jpg
✅ Generated: house_full_vertical_0114.jpg
✅ Generated: house_full_vertical_0115.jpg
✅ Generated: house_full_vertical_0116.jpg
✅ Generated: house_full_vertical_0117.jpg
✅ Generated: house_full_vertical_0118.jpg
✅ Generated: house_full_vertical_0119.jpg
✅ Generated: house_full_vertical_0120.jpg
✅ Generated: house_full_vertical_0121.jpg
✅ Generated: house_full_vertical_0122.jpg
✅ Generated: house_full_vertical_0123.jpg
✅ Generated: house_full_vertical_0124.jpg
✅ Generated: house_full_vertical_0125.jpg
✅ Generated: house_full_vertical_0126.jpg
✅ Generated: house_full_vertical_0127.jpg
✅ Generated: house_full_vertical_0128.jpg
✅ Generated: house_full_vertical_0129.jpg
✅ Generated: house_full_vertical_0130.jpg
✅ Generated: house_full_vertical_0131.jpg
✅ Generated: house_full_vertical_0132.jpg
✅ Generated: house_full_vertical_0133.jpg
✅ Generated: house_full_vertical_0134.jpg
✅ Generated: house_full_vertical_0135.jpg
✅ Generated: house_full_vertical_0136.jpg
✅ Generated: house_full_vertical_0137.jpg
✅ Generated: house_full_vertical_0138.jpg
✅ Generated: house_full_vertical_0139.jpg
✅ Generated: house_full_vertical_0140.jpg
✅ Generated: house_full_vertical_0141.jpg
✅ Generated: house_full_vertical_0142.jpg
✅ Generated: house_full_vertical_0143.jpg
✅ Generated: house_full_vertical_0144.jpg
✅ Generated: house_full_vertical_0145.jpg
✅ Generated: house_full_vertical_0146.jpg
✅ Generated: house_full_vertical_0147.jpg
✅ Generated: house_full_vertical_0148.jpg
✅ Generated: house_full_vertical_0149.jpg
✅ Generated: house_full_vertical_0150.jpg
✅ Generated: house_full_vertical_0151.jpg
✅ Generated: house_full_vertical_0152.jpg
✅ Generated: house_full_vertical_0153.jpg
✅ Generated: house_full_vertical_0154.jpg
✅ Generated: house_full_vertical_0155.jpg
✅ Generated: house_full_vertical_0156.jpg
✅ Generated: house_full_vertical_0157.jpg
✅ Generated: house_full_vertical_0158.jpg
✅ Generated: house_full_vertical_0159.jpg
✅ Generated: house_full_vertical_0160.jpg
✅ Generated: house_full_vertical_0161.jpg
✅ Generated: house_full_vertical_0162.jpg
✅ Generated: house_full_vertical_0163.jpg
✅ Generated: house_full_vertical_0164.jpg
✅ Generated: house_full_vertical_0165.jpg
✅ Generated: house_full_vertical_0166.jpg
✅ Generated: house_full_vertical_0167.jpg
✅ Generated: house_full_vertical_0168.jpg
✅ Generated: house_full_vertical_0169.jpg
✅ Generated: house_full_vertical_0170.jpg
✅ Generated: house_full_vertical_0171.jpg
✅ Generated: house_full_vertical_0172.jpg
✅ Generated: house_full_vertical_0173.jpg
✅ Generated: house_full_vertical_0174.jpg
✅ Generated: house_full_vertical_0175.jpg
✅ Generated: house_full_vertical_0176.jpg
✅ Generated: house_full_vertical_0177.jpg
✅ Generated: house_full_vertical_0178.jpg
✅ Generated: house_full_vertical_0179.jpg
✅ Generated: house_full_vertical_0180.jpg
✅ Generated: house_full_vertical_0181.jpg
✅ Generated: house_full_vertical_0182.jpg
✅ Generated: house_full_vertical_0183.jpg
✅ Generated: house_full_vertical_0184.jpg
✅ Generated: house_full_vertical_0185.jpg
✅ Generated: house_full_vertical_0186.jpg
✅ Generated: house_full_vertical_0187.jpg
✅ Generated: house_full_vertical_0188.jpg
✅ Generated: house_full_vertical_0189.jpg
✅ Generated: house_full_vertical_0190.jpg
✅ Generated: house_full_vertical_0191.jpg
✅ Generated: house_full_vertical_0192.jpg
✅ Generated: house_full_vertical_0193.jpg
✅ Generated: house_full_vertical_0194.jpg
✅ Generated: house_full_vertical_0195.jpg
✅ Generated: house_full_vertical_0196.jpg
✅ Generated: house_full_vertical_0197.jpg
✅ Generated: house_full_vertical_0198.jpg
✅ Generated: house_full_vertical_0199.jpg
✅ Generated: house_full_vertical_0200.jpg
✅ Generated: house_full_vertical_0201.jpg
✅ Generated: house_full_vertical_0202.jpg
✅ Generated: house_full_vertical_0203.jpg
✅ Generated: house_full_vertical_0204.jpg
✅ Generated: house_full_vertical_0205.jpg
✅ Generated: house_full_vertical_0206.jpg
✅ Generated: house_full_vertical_0207.jpg
✅ Generated: house_full_vertical_0208.jpg
✅ Generated: house_full_vertical_0209.jpg
✅ Generated: house_full_vertical_0210.jpg
✅ Generated: house_full_vertical_0211.jpg
✅ Generated: house_full_vertical_0212.jpg
✅ Generated: house_full_vertical_0213.jpg
✅ Generated: house_full_vertical_0214.jpg
✅ Generated: house_full_vertical_0215.jpg
✅ Generated: house_full_vertical_0216.jpg
✅ Generated: house_full_vertical_0217.jpg
✅ Generated: house_full_vertical_0218.jpg
✅ Generated: house_full_vertical_0219.jpg
✅ Generated: house_full_vertical_0220.jpg
✅ Generated: house_full_vertical_0221.jpg
✅ Generated: house_full_vertical_0222.jpg
✅ Generated: house_full_vertical_0223.jpg
✅ Generated: house_full_vertical_0224.jpg
✅ Generated: house_full_vertical_0225.jpg
✅ Generated: house_full_vertical_0226.jpg
✅ Generated: house_full_vertical_0227.jpg
✅ Generated: house_full_vertical_0228.jpg
✅ Generated: house_full_vertical_0229.jpg
✅ Generated: house_full_vertical_0230.jpg
✅ Generated: house_full_vertical_0231.jpg
✅ Generated: house_full_vertical_0232.jpg
✅ Generated: house_full_vertical_0233.jpg
✅ Generated: house_full_vertical_0234.jpg
✅ Generated: house_full_vertical_0235.jpg
✅ Generated: house_full_vertical_0236.jpg
✅ Generated: house_full_vertical_0237.jpg
✅ Generated: house_full_vertical_0238.jpg
✅ Generated: house_full_vertical_0239.jpg
✅ Generated: house_full_vertical_0240.jpg
✅ Generated: house_full_vertical_0241.jpg
✅ Generated: house_full_vertical_0242.jpg
✅ Generated: house_full_vertical_0243.jpg
✅ Generated: house_full_vertical_0244.jpg
✅ Generated: house_full_vertical_0245.jpg
✅ Generated: house_full_vertical_0246.jpg
✅ Generated: house_full_vertical_0247.jpg
✅ Generated: house_full_vertical_0248.jpg
✅ Generated: house_full_vertical_0249.jpg
✅ Generated: house_full_vertical_0250.jpg
✅ Generated: house_full_vertical_0251.jpg
✅ Generated: house_full_vertical_0252.jpg
✅ Generated: house_full_vertical_0253.jpg
✅ Generated: house_full_vertical_0254.jpg
✅ Generated: house_full_vertical_0255.jpg
✅ Generated: house_full_vertical_0256.jpg
✅ Generated: house_full_vertical_0257.jpg
✅ Generated: house_full_vertical_0258.jpg
✅ Generated: house_full_vertical_0259.jpg
✅ Generated: house_full_vertical_0260.jpg
✅ Generated: house_full_vertical_0261.jpg
✅ Generated: house_full_vertical_0262.jpg
✅ Generated: house_full_vertical_0263.jpg
✅ Generated: house_full_vertical_0264.jpg
✅ Generated: house_full_vertical_0265.jpg
✅ Generated: house_full_vertical_0266.jpg
✅ Generated: house_full_vertical_0267.jpg
✅ Generated: house_full_vertical_0268.jpg
✅ Generated: house_full_vertical_0269.jpg
✅ Generated: house_full_vertical_0270.jpg
✅ Generated: house_full_vertical_0271.jpg
✅ Generated: house_full_vertical_0272.jpg
✅ Generated: house_full_vertical_0273.jpg
✅ Generated: house_full_vertical_0274.jpg
✅ Generated: house_full_vertical_0275.jpg
✅ Generated: house_full_vertical_0276.jpg
✅ Generated: house_full_vertical_0277.jpg
✅ Generated: house_full_vertical_0278.jpg
✅ Generated: house_full_vertical_0279.jpg
✅ Generated: house_full_vertical_0280.jpg
✅ Generated: house_full_vertical_0281.jpg
✅ Generated: house_full_vertical_0282.jpg
✅ Generated: house_full_vertical_0283.jpg
✅ Generated: house_full_vertical_0284.jpg
✅ Generated: house_full_vertical_0285.jpg
✅ Generated: house_full_vertical_0286.jpg
✅ Generated: house_full_vertical_0287.jpg
✅ Generated: house_full_vertical_0288.jpg
✅ Generated: house_full_vertical_0289.jpg
✅ Generated: house_full_vertical_0290.jpg
✅ Generated: house_full_vertical_0291.jpg
✅ Generated: house_full_vertical_0292.jpg
✅ Generated: house_full_vertical_0293.jpg
✅ Generated: house_full_vertical_0294.jpg
✅ Generated: house_full_vertical_0295.jpg
✅ Generated: house_full_vertical_0296.jpg
✅ Generated: house_full_vertical_0297.jpg
✅ Generated: house_full_vertical_0298.jpg
✅ Generated: house_full_vertical_0299.jpg
✅ Generated: house_full_vertical_0300.jpg
✅ Job Finished!
