Starting Full House Registration Job...
Running "module reset". Resetting modules to system default. The following $MODULEPATH directories have been removed: None

Lmod is automatically replacing "cce/19.0.0" with "gcc-native/14.2".


Lmod is automatically replacing "PrgEnv-cray/8.6.0" with "PrgEnv-gnu/8.6.0".


Due to MODULEPATH changes, the following have been reloaded:
  1) cray-libsci/25.03.0     2) cray-mpich/8.1.32


Lmod is automatically replacing "gcc-native/14.2" with "gcc/12.2.0".


The following have been reloaded with a version change:
  1) cray-libsci/25.03.0 => cray-libsci/23.09.1.1
  2) cray-mpich/8.1.32 => cray-mpich/8.1.27

🚀 Starting Vertical House Registration Generation...
📊 เดิมมีอยู่: 0 รูป
➕ กำลังสร้างเพิ่มอีก: 1000 รูป (เริ่มที่ 1 ถึง 1000)
✅ Generated: house_full_vertical_0001.jpg
✅ Generated: house_full_vertical_0002.jpg
✅ Generated: house_full_vertical_0003.jpg
✅ Generated: house_full_vertical_0004.jpg
✅ Generated: house_full_vertical_0005.jpg
✅ Generated: house_full_vertical_0006.jpg
✅ Generated: house_full_vertical_0007.jpg
✅ Generated: house_full_vertical_0008.jpg
✅ Generated: house_full_vertical_0009.jpg
✅ Generated: house_full_vertical_0010.jpg
✅ Generated: house_full_vertical_0011.jpg
✅ Generated: house_full_vertical_0012.jpg
✅ Generated: house_full_vertical_0013.jpg
✅ Generated: house_full_vertical_0014.jpg
✅ Generated: house_full_vertical_0015.jpg
✅ Generated: house_full_vertical_0016.jpg
✅ Generated: house_full_vertical_0017.jpg
✅ Generated: house_full_vertical_0018.jpg
✅ Generated: house_full_vertical_0019.jpg
✅ Generated: house_full_vertical_0020.jpg
✅ Generated: house_full_vertical_0021.jpg
✅ Generated: house_full_vertical_0022.jpg
✅ Generated: house_full_vertical_0023.jpg
✅ Generated: house_full_vertical_0024.jpg
✅ Generated: house_full_vertical_0025.jpg
✅ Generated: house_full_vertical_0026.jpg
✅ Generated: house_full_vertical_0027.jpg
✅ Generated: house_full_vertical_0028.jpg
✅ Generated: house_full_vertical_0029.jpg
✅ Generated: house_full_vertical_0030.jpg
✅ Generated: house_full_vertical_0031.jpg
✅ Generated: house_full_vertical_0032.jpg
✅ Generated: house_full_vertical_0033.jpg
✅ Generated: house_full_vertical_0034.jpg
✅ Generated: house_full_vertical_0035.jpg
✅ Generated: house_full_vertical_0036.jpg
✅ Generated: house_full_vertical_0037.jpg
✅ Generated: house_full_vertical_0038.jpg
✅ Generated: house_full_vertical_0039.jpg
✅ Generated: house_full_vertical_0040.jpg
✅ Generated: house_full_vertical_0041.jpg
✅ Generated: house_full_vertical_0042.jpg
✅ Generated: house_full_vertical_0043.jpg
✅ Generated: house_full_vertical_0044.jpg
✅ Generated: house_full_vertical_0045.jpg
✅ Generated: house_full_vertical_0046.jpg
✅ Generated: house_full_vertical_0047.jpg
✅ Generated: house_full_vertical_0048.jpg
✅ Generated: house_full_vertical_0049.jpg
✅ Generated: house_full_vertical_0050.jpg
✅ Generated: house_full_vertical_0051.jpg
✅ Generated: house_full_vertical_0052.jpg
✅ Generated: house_full_vertical_0053.jpg
✅ Generated: house_full_vertical_0054.jpg
✅ Generated: house_full_vertical_0055.jpg
✅ Generated: house_full_vertical_0056.jpg
✅ Generated: house_full_vertical_0057.jpg
✅ Generated: house_full_vertical_0058.jpg
✅ Generated: house_full_vertical_0059.jpg
✅ Generated: house_full_vertical_0060.jpg
✅ Generated: house_full_vertical_0061.jpg
✅ Generated: house_full_vertical_0062.jpg
✅ Generated: house_full_vertical_0063.jpg
✅ Generated: house_full_vertical_0064.jpg
✅ Generated: house_full_vertical_0065.jpg
✅ Generated: house_full_vertical_0066.jpg
✅ Generated: house_full_vertical_0067.jpg
✅ Generated: house_full_vertical_0068.jpg
✅ Generated: house_full_vertical_0069.jpg
✅ Generated: house_full_vertical_0070.jpg
✅ Generated: house_full_vertical_0071.jpg
✅ Generated: house_full_vertical_0072.jpg
✅ Generated: house_full_vertical_0073.jpg
✅ Generated: house_full_vertical_0074.jpg
✅ Generated: house_full_vertical_0075.jpg
✅ Generated: house_full_vertical_0076.jpg
✅ Generated: house_full_vertical_0077.jpg
✅ Generated: house_full_vertical_0078.jpg
✅ Generated: house_full_vertical_0079.jpg
✅ Generated: house_full_vertical_0080.jpg
✅ Generated: house_full_vertical_0081.jpg
✅ Generated: house_full_vertical_0082.jpg
✅ Generated: house_full_vertical_0083.jpg
✅ Generated: house_full_vertical_0084.jpg
✅ Generated: house_full_vertical_0085.jpg
✅ Generated: house_full_vertical_0086.jpg
✅ Generated: house_full_vertical_0087.jpg
✅ Generated: house_full_vertical_0088.jpg
✅ Generated: house_full_vertical_0089.jpg
✅ Generated: house_full_vertical_0090.jpg
✅ Generated: house_full_vertical_0091.jpg
✅ Generated: house_full_vertical_0092.jpg
✅ Generated: house_full_vertical_0093.jpg
✅ Generated: house_full_vertical_0094.jpg
✅ Generated: house_full_vertical_0095.jpg
✅ Generated: house_full_vertical_0096.jpg
✅ Generated: house_full_vertical_0097.jpg
✅ Generated: house_full_vertical_0098.jpg
✅ Generated: house_full_vertical_0099.jpg
✅ Generated: house_full_vertical_0100.jpg
✅ Generated: house_full_vertical_0101.jpg
✅ Generated: house_full_vertical_0102.jpg
✅ Generated: house_full_vertical_0103.jpg
✅ Generated: house_full_vertical_0104.jpg
✅ Generated: house_full_vertical_0105.jpg
✅ Generated: house_full_vertical_0106.jpg
✅ Generated: house_full_vertical_0107.jpg
✅ Generated: house_full_vertical_0108.jpg
✅ Generated: house_full_vertical_0109.jpg
✅ Generated: house_full_vertical_0110.jpg
✅ Generated: house_full_vertical_0111.jpg
✅ Generated: house_full_vertical_0112.jpg
✅ Generated: house_full_vertical_0113.jpg
✅ Generated: house_full_vertical_0114.jpg
✅ Generated: house_full_vertical_0115.jpg
✅ Generated: house_full_vertical_0116.jpg
✅ Generated: house_full_vertical_0117.jpg
✅ Generated: house_full_vertical_0118.jpg
✅ Generated: house_full_vertical_0119.jpg
✅ Generated: house_full_vertical_0120.jpg
✅ Generated: house_full_vertical_0121.jpg
✅ Generated: house_full_vertical_0122.jpg
✅ Generated: house_full_vertical_0123.jpg
✅ Generated: house_full_vertical_0124.jpg
✅ Generated: house_full_vertical_0125.jpg
✅ Generated: house_full_vertical_0126.jpg
✅ Generated: house_full_vertical_0127.jpg
✅ Generated: house_full_vertical_0128.jpg
✅ Generated: house_full_vertical_0129.jpg
✅ Generated: house_full_vertical_0130.jpg
✅ Generated: house_full_vertical_0131.jpg
✅ Generated: house_full_vertical_0132.jpg
✅ Generated: house_full_vertical_0133.jpg
✅ Generated: house_full_vertical_0134.jpg
✅ Generated: house_full_vertical_0135.jpg
✅ Generated: house_full_vertical_0136.jpg
✅ Generated: house_full_vertical_0137.jpg
✅ Generated: house_full_vertical_0138.jpg
✅ Generated: house_full_vertical_0139.jpg
✅ Generated: house_full_vertical_0140.jpg
✅ Generated: house_full_vertical_0141.jpg
✅ Generated: house_full_vertical_0142.jpg
✅ Generated: house_full_vertical_0143.jpg
✅ Generated: house_full_vertical_0144.jpg
✅ Generated: house_full_vertical_0145.jpg
✅ Generated: house_full_vertical_0146.jpg
✅ Generated: house_full_vertical_0147.jpg
✅ Generated: house_full_vertical_0148.jpg
✅ Generated: house_full_vertical_0149.jpg
✅ Generated: house_full_vertical_0150.jpg
✅ Generated: house_full_vertical_0151.jpg
✅ Generated: house_full_vertical_0152.jpg
✅ Generated: house_full_vertical_0153.jpg
✅ Generated: house_full_vertical_0154.jpg
✅ Generated: house_full_vertical_0155.jpg
✅ Generated: house_full_vertical_0156.jpg
✅ Generated: house_full_vertical_0157.jpg
✅ Generated: house_full_vertical_0158.jpg
✅ Generated: house_full_vertical_0159.jpg
✅ Generated: house_full_vertical_0160.jpg
✅ Generated: house_full_vertical_0161.jpg
✅ Generated: house_full_vertical_0162.jpg
✅ Generated: house_full_vertical_0163.jpg
✅ Generated: house_full_vertical_0164.jpg
✅ Generated: house_full_vertical_0165.jpg
✅ Generated: house_full_vertical_0166.jpg
✅ Generated: house_full_vertical_0167.jpg
✅ Generated: house_full_vertical_0168.jpg
✅ Generated: house_full_vertical_0169.jpg
✅ Generated: house_full_vertical_0170.jpg
✅ Generated: house_full_vertical_0171.jpg
✅ Generated: house_full_vertical_0172.jpg
✅ Generated: house_full_vertical_0173.jpg
✅ Generated: house_full_vertical_0174.jpg
✅ Generated: house_full_vertical_0175.jpg
✅ Generated: house_full_vertical_0176.jpg
✅ Generated: house_full_vertical_0177.jpg
✅ Generated: house_full_vertical_0178.jpg
✅ Generated: house_full_vertical_0179.jpg
✅ Generated: house_full_vertical_0180.jpg
✅ Generated: house_full_vertical_0181.jpg
✅ Generated: house_full_vertical_0182.jpg
✅ Generated: house_full_vertical_0183.jpg
✅ Generated: house_full_vertical_0184.jpg
✅ Generated: house_full_vertical_0185.jpg
✅ Generated: house_full_vertical_0186.jpg
✅ Generated: house_full_vertical_0187.jpg
✅ Generated: house_full_vertical_0188.jpg
✅ Generated: house_full_vertical_0189.jpg
✅ Generated: house_full_vertical_0190.jpg
✅ Generated: house_full_vertical_0191.jpg
✅ Generated: house_full_vertical_0192.jpg
✅ Generated: house_full_vertical_0193.jpg
✅ Generated: house_full_vertical_0194.jpg
✅ Generated: house_full_vertical_0195.jpg
✅ Generated: house_full_vertical_0196.jpg
✅ Generated: house_full_vertical_0197.jpg
✅ Generated: house_full_vertical_0198.jpg
✅ Generated: house_full_vertical_0199.jpg
✅ Generated: house_full_vertical_0200.jpg
✅ Generated: house_full_vertical_0201.jpg
✅ Generated: house_full_vertical_0202.jpg
✅ Generated: house_full_vertical_0203.jpg
✅ Generated: house_full_vertical_0204.jpg
✅ Generated: house_full_vertical_0205.jpg
✅ Generated: house_full_vertical_0206.jpg
✅ Generated: house_full_vertical_0207.jpg
✅ Generated: house_full_vertical_0208.jpg
✅ Generated: house_full_vertical_0209.jpg
✅ Generated: house_full_vertical_0210.jpg
✅ Generated: house_full_vertical_0211.jpg
✅ Generated: house_full_vertical_0212.jpg
✅ Generated: house_full_vertical_0213.jpg
✅ Generated: house_full_vertical_0214.jpg
✅ Generated: house_full_vertical_0215.jpg
✅ Generated: house_full_vertical_0216.jpg
✅ Generated: house_full_vertical_0217.jpg
✅ Generated: house_full_vertical_0218.jpg
✅ Generated: house_full_vertical_0219.jpg
✅ Generated: house_full_vertical_0220.jpg
✅ Generated: house_full_vertical_0221.jpg
✅ Generated: house_full_vertical_0222.jpg
✅ Generated: house_full_vertical_0223.jpg
✅ Generated: house_full_vertical_0224.jpg
✅ Generated: house_full_vertical_0225.jpg
✅ Generated: house_full_vertical_0226.jpg
✅ Generated: house_full_vertical_0227.jpg
✅ Generated: house_full_vertical_0228.jpg
✅ Generated: house_full_vertical_0229.jpg
✅ Generated: house_full_vertical_0230.jpg
✅ Generated: house_full_vertical_0231.jpg
✅ Generated: house_full_vertical_0232.jpg
✅ Generated: house_full_vertical_0233.jpg
✅ Generated: house_full_vertical_0234.jpg
✅ Generated: house_full_vertical_0235.jpg
✅ Generated: house_full_vertical_0236.jpg
✅ Generated: house_full_vertical_0237.jpg
✅ Generated: house_full_vertical_0238.jpg
✅ Generated: house_full_vertical_0239.jpg
✅ Generated: house_full_vertical_0240.jpg
✅ Generated: house_full_vertical_0241.jpg
✅ Generated: house_full_vertical_0242.jpg
✅ Generated: house_full_vertical_0243.jpg
✅ Generated: house_full_vertical_0244.jpg
✅ Generated: house_full_vertical_0245.jpg
✅ Generated: house_full_vertical_0246.jpg
✅ Generated: house_full_vertical_0247.jpg
✅ Generated: house_full_vertical_0248.jpg
✅ Generated: house_full_vertical_0249.jpg
✅ Generated: house_full_vertical_0250.jpg
✅ Generated: house_full_vertical_0251.jpg
✅ Generated: house_full_vertical_0252.jpg
✅ Generated: house_full_vertical_0253.jpg
✅ Generated: house_full_vertical_0254.jpg
✅ Generated: house_full_vertical_0255.jpg
✅ Generated: house_full_vertical_0256.jpg
✅ Generated: house_full_vertical_0257.jpg
✅ Generated: house_full_vertical_0258.jpg
✅ Generated: house_full_vertical_0259.jpg
✅ Generated: house_full_vertical_0260.jpg
✅ Generated: house_full_vertical_0261.jpg
✅ Generated: house_full_vertical_0262.jpg
✅ Generated: house_full_vertical_0263.jpg
✅ Generated: house_full_vertical_0264.jpg
✅ Generated: house_full_vertical_0265.jpg
✅ Generated: house_full_vertical_0266.jpg
✅ Generated: house_full_vertical_0267.jpg
✅ Generated: house_full_vertical_0268.jpg
✅ Generated: house_full_vertical_0269.jpg
✅ Generated: house_full_vertical_0270.jpg
✅ Generated: house_full_vertical_0271.jpg
✅ Generated: house_full_vertical_0272.jpg
✅ Generated: house_full_vertical_0273.jpg
✅ Generated: house_full_vertical_0274.jpg
✅ Generated: house_full_vertical_0275.jpg
✅ Generated: house_full_vertical_0276.jpg
✅ Generated: house_full_vertical_0277.jpg
✅ Generated: house_full_vertical_0278.jpg
✅ Generated: house_full_vertical_0279.jpg
✅ Generated: house_full_vertical_0280.jpg
✅ Generated: house_full_vertical_0281.jpg
✅ Generated: house_full_vertical_0282.jpg
✅ Generated: house_full_vertical_0283.jpg
✅ Generated: house_full_vertical_0284.jpg
✅ Generated: house_full_vertical_0285.jpg
✅ Generated: house_full_vertical_0286.jpg
✅ Generated: house_full_vertical_0287.jpg
✅ Generated: house_full_vertical_0288.jpg
✅ Generated: house_full_vertical_0289.jpg
✅ Generated: house_full_vertical_0290.jpg
✅ Generated: house_full_vertical_0291.jpg
✅ Generated: house_full_vertical_0292.jpg
✅ Generated: house_full_vertical_0293.jpg
✅ Generated: house_full_vertical_0294.jpg
✅ Generated: house_full_vertical_0295.jpg
✅ Generated: house_full_vertical_0296.jpg
✅ Generated: house_full_vertical_0297.jpg
✅ Generated: house_full_vertical_0298.jpg
✅ Generated: house_full_vertical_0299.jpg
✅ Generated: house_full_vertical_0300.jpg
✅ Generated: house_full_vertical_0301.jpg
✅ Generated: house_full_vertical_0302.jpg
✅ Generated: house_full_vertical_0303.jpg
✅ Generated: house_full_vertical_0304.jpg
✅ Generated: house_full_vertical_0305.jpg
✅ Generated: house_full_vertical_0306.jpg
✅ Generated: house_full_vertical_0307.jpg
✅ Generated: house_full_vertical_0308.jpg
✅ Generated: house_full_vertical_0309.jpg
✅ Generated: house_full_vertical_0310.jpg
✅ Generated: house_full_vertical_0311.jpg
✅ Generated: house_full_vertical_0312.jpg
✅ Generated: house_full_vertical_0313.jpg
✅ Generated: house_full_vertical_0314.jpg
✅ Generated: house_full_vertical_0315.jpg
✅ Generated: house_full_vertical_0316.jpg
✅ Generated: house_full_vertical_0317.jpg
✅ Generated: house_full_vertical_0318.jpg
✅ Generated: house_full_vertical_0319.jpg
✅ Generated: house_full_vertical_0320.jpg
✅ Generated: house_full_vertical_0321.jpg
✅ Generated: house_full_vertical_0322.jpg
✅ Generated: house_full_vertical_0323.jpg
✅ Generated: house_full_vertical_0324.jpg
✅ Generated: house_full_vertical_0325.jpg
✅ Generated: house_full_vertical_0326.jpg
✅ Generated: house_full_vertical_0327.jpg
✅ Generated: house_full_vertical_0328.jpg
✅ Generated: house_full_vertical_0329.jpg
✅ Generated: house_full_vertical_0330.jpg
✅ Generated: house_full_vertical_0331.jpg
✅ Generated: house_full_vertical_0332.jpg
✅ Generated: house_full_vertical_0333.jpg
✅ Generated: house_full_vertical_0334.jpg
✅ Generated: house_full_vertical_0335.jpg
✅ Generated: house_full_vertical_0336.jpg
✅ Generated: house_full_vertical_0337.jpg
✅ Generated: house_full_vertical_0338.jpg
✅ Generated: house_full_vertical_0339.jpg
✅ Generated: house_full_vertical_0340.jpg
✅ Generated: house_full_vertical_0341.jpg
✅ Generated: house_full_vertical_0342.jpg
✅ Generated: house_full_vertical_0343.jpg
✅ Generated: house_full_vertical_0344.jpg
✅ Generated: house_full_vertical_0345.jpg
✅ Generated: house_full_vertical_0346.jpg
✅ Generated: house_full_vertical_0347.jpg
✅ Generated: house_full_vertical_0348.jpg
✅ Generated: house_full_vertical_0349.jpg
✅ Generated: house_full_vertical_0350.jpg
✅ Generated: house_full_vertical_0351.jpg
✅ Generated: house_full_vertical_0352.jpg
✅ Generated: house_full_vertical_0353.jpg
✅ Generated: house_full_vertical_0354.jpg
✅ Generated: house_full_vertical_0355.jpg
✅ Generated: house_full_vertical_0356.jpg
✅ Generated: house_full_vertical_0357.jpg
✅ Generated: house_full_vertical_0358.jpg
✅ Generated: house_full_vertical_0359.jpg
✅ Generated: house_full_vertical_0360.jpg
✅ Generated: house_full_vertical_0361.jpg
✅ Generated: house_full_vertical_0362.jpg
✅ Generated: house_full_vertical_0363.jpg
✅ Generated: house_full_vertical_0364.jpg
✅ Generated: house_full_vertical_0365.jpg
✅ Generated: house_full_vertical_0366.jpg
✅ Generated: house_full_vertical_0367.jpg
✅ Generated: house_full_vertical_0368.jpg
✅ Generated: house_full_vertical_0369.jpg
✅ Generated: house_full_vertical_0370.jpg
✅ Generated: house_full_vertical_0371.jpg
✅ Generated: house_full_vertical_0372.jpg
✅ Generated: house_full_vertical_0373.jpg
✅ Generated: house_full_vertical_0374.jpg
✅ Generated: house_full_vertical_0375.jpg
✅ Generated: house_full_vertical_0376.jpg
✅ Generated: house_full_vertical_0377.jpg
✅ Generated: house_full_vertical_0378.jpg
✅ Generated: house_full_vertical_0379.jpg
✅ Generated: house_full_vertical_0380.jpg
✅ Generated: house_full_vertical_0381.jpg
✅ Generated: house_full_vertical_0382.jpg
✅ Generated: house_full_vertical_0383.jpg
✅ Generated: house_full_vertical_0384.jpg
✅ Generated: house_full_vertical_0385.jpg
✅ Generated: house_full_vertical_0386.jpg
✅ Generated: house_full_vertical_0387.jpg
✅ Generated: house_full_vertical_0388.jpg
✅ Generated: house_full_vertical_0389.jpg
✅ Generated: house_full_vertical_0390.jpg
✅ Generated: house_full_vertical_0391.jpg
✅ Generated: house_full_vertical_0392.jpg
✅ Generated: house_full_vertical_0393.jpg
✅ Generated: house_full_vertical_0394.jpg
✅ Generated: house_full_vertical_0395.jpg
✅ Generated: house_full_vertical_0396.jpg
✅ Generated: house_full_vertical_0397.jpg
✅ Generated: house_full_vertical_0398.jpg
✅ Generated: house_full_vertical_0399.jpg
✅ Generated: house_full_vertical_0400.jpg
✅ Generated: house_full_vertical_0401.jpg
✅ Generated: house_full_vertical_0402.jpg
✅ Generated: house_full_vertical_0403.jpg
✅ Generated: house_full_vertical_0404.jpg
✅ Generated: house_full_vertical_0405.jpg
✅ Generated: house_full_vertical_0406.jpg
✅ Generated: house_full_vertical_0407.jpg
✅ Generated: house_full_vertical_0408.jpg
✅ Generated: house_full_vertical_0409.jpg
✅ Generated: house_full_vertical_0410.jpg
✅ Generated: house_full_vertical_0411.jpg
✅ Generated: house_full_vertical_0412.jpg
✅ Generated: house_full_vertical_0413.jpg
✅ Generated: house_full_vertical_0414.jpg
✅ Generated: house_full_vertical_0415.jpg
✅ Generated: house_full_vertical_0416.jpg
✅ Generated: house_full_vertical_0417.jpg
✅ Generated: house_full_vertical_0418.jpg
✅ Generated: house_full_vertical_0419.jpg
✅ Generated: house_full_vertical_0420.jpg
✅ Generated: house_full_vertical_0421.jpg
✅ Generated: house_full_vertical_0422.jpg
✅ Generated: house_full_vertical_0423.jpg
✅ Generated: house_full_vertical_0424.jpg
✅ Generated: house_full_vertical_0425.jpg
✅ Generated: house_full_vertical_0426.jpg
✅ Generated: house_full_vertical_0427.jpg
✅ Generated: house_full_vertical_0428.jpg
✅ Generated: house_full_vertical_0429.jpg
✅ Generated: house_full_vertical_0430.jpg
✅ Generated: house_full_vertical_0431.jpg
✅ Generated: house_full_vertical_0432.jpg
✅ Generated: house_full_vertical_0433.jpg
✅ Generated: house_full_vertical_0434.jpg
✅ Generated: house_full_vertical_0435.jpg
✅ Generated: house_full_vertical_0436.jpg
✅ Generated: house_full_vertical_0437.jpg
✅ Generated: house_full_vertical_0438.jpg
✅ Generated: house_full_vertical_0439.jpg
✅ Generated: house_full_vertical_0440.jpg
✅ Generated: house_full_vertical_0441.jpg
✅ Generated: house_full_vertical_0442.jpg
✅ Generated: house_full_vertical_0443.jpg
✅ Generated: house_full_vertical_0444.jpg
✅ Generated: house_full_vertical_0445.jpg
✅ Generated: house_full_vertical_0446.jpg
✅ Generated: house_full_vertical_0447.jpg
✅ Generated: house_full_vertical_0448.jpg
✅ Generated: house_full_vertical_0449.jpg
✅ Generated: house_full_vertical_0450.jpg
✅ Generated: house_full_vertical_0451.jpg
✅ Generated: house_full_vertical_0452.jpg
✅ Generated: house_full_vertical_0453.jpg
✅ Generated: house_full_vertical_0454.jpg
✅ Generated: house_full_vertical_0455.jpg
✅ Generated: house_full_vertical_0456.jpg
✅ Generated: house_full_vertical_0457.jpg
✅ Generated: house_full_vertical_0458.jpg
✅ Generated: house_full_vertical_0459.jpg
✅ Generated: house_full_vertical_0460.jpg
✅ Generated: house_full_vertical_0461.jpg
✅ Generated: house_full_vertical_0462.jpg
✅ Generated: house_full_vertical_0463.jpg
✅ Generated: house_full_vertical_0464.jpg
✅ Generated: house_full_vertical_0465.jpg
✅ Generated: house_full_vertical_0466.jpg
✅ Generated: house_full_vertical_0467.jpg
✅ Generated: house_full_vertical_0468.jpg
✅ Generated: house_full_vertical_0469.jpg
✅ Generated: house_full_vertical_0470.jpg
✅ Generated: house_full_vertical_0471.jpg
✅ Generated: house_full_vertical_0472.jpg
✅ Generated: house_full_vertical_0473.jpg
✅ Generated: house_full_vertical_0474.jpg
✅ Generated: house_full_vertical_0475.jpg
✅ Generated: house_full_vertical_0476.jpg
✅ Generated: house_full_vertical_0477.jpg
✅ Generated: house_full_vertical_0478.jpg
✅ Generated: house_full_vertical_0479.jpg
✅ Generated: house_full_vertical_0480.jpg
✅ Generated: house_full_vertical_0481.jpg
✅ Generated: house_full_vertical_0482.jpg
✅ Generated: house_full_vertical_0483.jpg
✅ Generated: house_full_vertical_0484.jpg
✅ Generated: house_full_vertical_0485.jpg
✅ Generated: house_full_vertical_0486.jpg
✅ Generated: house_full_vertical_0487.jpg
✅ Generated: house_full_vertical_0488.jpg
✅ Generated: house_full_vertical_0489.jpg
✅ Generated: house_full_vertical_0490.jpg
✅ Generated: house_full_vertical_0491.jpg
✅ Generated: house_full_vertical_0492.jpg
✅ Generated: house_full_vertical_0493.jpg
✅ Generated: house_full_vertical_0494.jpg
✅ Generated: house_full_vertical_0495.jpg
✅ Generated: house_full_vertical_0496.jpg
✅ Generated: house_full_vertical_0497.jpg
✅ Generated: house_full_vertical_0498.jpg
✅ Generated: house_full_vertical_0499.jpg
✅ Generated: house_full_vertical_0500.jpg
✅ Generated: house_full_vertical_0501.jpg
✅ Generated: house_full_vertical_0502.jpg
✅ Generated: house_full_vertical_0503.jpg
✅ Generated: house_full_vertical_0504.jpg
✅ Generated: house_full_vertical_0505.jpg
✅ Generated: house_full_vertical_0506.jpg
✅ Generated: house_full_vertical_0507.jpg
✅ Generated: house_full_vertical_0508.jpg
✅ Generated: house_full_vertical_0509.jpg
✅ Generated: house_full_vertical_0510.jpg
✅ Generated: house_full_vertical_0511.jpg
✅ Generated: house_full_vertical_0512.jpg
✅ Generated: house_full_vertical_0513.jpg
✅ Generated: house_full_vertical_0514.jpg
✅ Generated: house_full_vertical_0515.jpg
✅ Generated: house_full_vertical_0516.jpg
✅ Generated: house_full_vertical_0517.jpg
✅ Generated: house_full_vertical_0518.jpg
✅ Generated: house_full_vertical_0519.jpg
✅ Generated: house_full_vertical_0520.jpg
✅ Generated: house_full_vertical_0521.jpg
✅ Generated: house_full_vertical_0522.jpg
✅ Generated: house_full_vertical_0523.jpg
✅ Generated: house_full_vertical_0524.jpg
✅ Generated: house_full_vertical_0525.jpg
✅ Generated: house_full_vertical_0526.jpg
✅ Generated: house_full_vertical_0527.jpg
✅ Generated: house_full_vertical_0528.jpg
✅ Generated: house_full_vertical_0529.jpg
✅ Generated: house_full_vertical_0530.jpg
✅ Generated: house_full_vertical_0531.jpg
✅ Generated: house_full_vertical_0532.jpg
✅ Generated: house_full_vertical_0533.jpg
✅ Generated: house_full_vertical_0534.jpg
✅ Generated: house_full_vertical_0535.jpg
✅ Generated: house_full_vertical_0536.jpg
✅ Generated: house_full_vertical_0537.jpg
✅ Generated: house_full_vertical_0538.jpg
✅ Generated: house_full_vertical_0539.jpg
✅ Generated: house_full_vertical_0540.jpg
✅ Generated: house_full_vertical_0541.jpg
✅ Generated: house_full_vertical_0542.jpg
✅ Generated: house_full_vertical_0543.jpg
✅ Generated: house_full_vertical_0544.jpg
✅ Generated: house_full_vertical_0545.jpg
✅ Generated: house_full_vertical_0546.jpg
✅ Generated: house_full_vertical_0547.jpg
✅ Generated: house_full_vertical_0548.jpg
✅ Generated: house_full_vertical_0549.jpg
✅ Generated: house_full_vertical_0550.jpg
✅ Generated: house_full_vertical_0551.jpg
✅ Generated: house_full_vertical_0552.jpg
✅ Generated: house_full_vertical_0553.jpg
✅ Generated: house_full_vertical_0554.jpg
✅ Generated: house_full_vertical_0555.jpg
✅ Generated: house_full_vertical_0556.jpg
✅ Generated: house_full_vertical_0557.jpg
✅ Generated: house_full_vertical_0558.jpg
✅ Generated: house_full_vertical_0559.jpg
✅ Generated: house_full_vertical_0560.jpg
✅ Generated: house_full_vertical_0561.jpg
✅ Generated: house_full_vertical_0562.jpg
✅ Generated: house_full_vertical_0563.jpg
✅ Generated: house_full_vertical_0564.jpg
✅ Generated: house_full_vertical_0565.jpg
✅ Generated: house_full_vertical_0566.jpg
✅ Generated: house_full_vertical_0567.jpg
✅ Generated: house_full_vertical_0568.jpg
✅ Generated: house_full_vertical_0569.jpg
✅ Generated: house_full_vertical_0570.jpg
✅ Generated: house_full_vertical_0571.jpg
✅ Generated: house_full_vertical_0572.jpg
✅ Generated: house_full_vertical_0573.jpg
✅ Generated: house_full_vertical_0574.jpg
✅ Generated: house_full_vertical_0575.jpg
✅ Generated: house_full_vertical_0576.jpg
✅ Generated: house_full_vertical_0577.jpg
✅ Generated: house_full_vertical_0578.jpg
✅ Generated: house_full_vertical_0579.jpg
✅ Generated: house_full_vertical_0580.jpg
✅ Generated: house_full_vertical_0581.jpg
✅ Generated: house_full_vertical_0582.jpg
✅ Generated: house_full_vertical_0583.jpg
✅ Generated: house_full_vertical_0584.jpg
✅ Generated: house_full_vertical_0585.jpg
✅ Generated: house_full_vertical_0586.jpg
✅ Generated: house_full_vertical_0587.jpg
✅ Generated: house_full_vertical_0588.jpg
✅ Generated: house_full_vertical_0589.jpg
✅ Generated: house_full_vertical_0590.jpg
✅ Generated: house_full_vertical_0591.jpg
✅ Generated: house_full_vertical_0592.jpg
✅ Generated: house_full_vertical_0593.jpg
✅ Generated: house_full_vertical_0594.jpg
✅ Generated: house_full_vertical_0595.jpg
✅ Generated: house_full_vertical_0596.jpg
✅ Generated: house_full_vertical_0597.jpg
✅ Generated: house_full_vertical_0598.jpg
✅ Generated: house_full_vertical_0599.jpg
✅ Generated: house_full_vertical_0600.jpg
✅ Generated: house_full_vertical_0601.jpg
✅ Generated: house_full_vertical_0602.jpg
✅ Generated: house_full_vertical_0603.jpg
✅ Generated: house_full_vertical_0604.jpg
✅ Generated: house_full_vertical_0605.jpg
✅ Generated: house_full_vertical_0606.jpg
✅ Generated: house_full_vertical_0607.jpg
✅ Generated: house_full_vertical_0608.jpg
✅ Generated: house_full_vertical_0609.jpg
✅ Generated: house_full_vertical_0610.jpg
✅ Generated: house_full_vertical_0611.jpg
✅ Generated: house_full_vertical_0612.jpg
✅ Generated: house_full_vertical_0613.jpg
✅ Generated: house_full_vertical_0614.jpg
✅ Generated: house_full_vertical_0615.jpg
✅ Generated: house_full_vertical_0616.jpg
✅ Generated: house_full_vertical_0617.jpg
✅ Generated: house_full_vertical_0618.jpg
✅ Generated: house_full_vertical_0619.jpg
✅ Generated: house_full_vertical_0620.jpg
✅ Generated: house_full_vertical_0621.jpg
✅ Generated: house_full_vertical_0622.jpg
✅ Generated: house_full_vertical_0623.jpg
✅ Generated: house_full_vertical_0624.jpg
✅ Generated: house_full_vertical_0625.jpg
✅ Generated: house_full_vertical_0626.jpg
✅ Generated: house_full_vertical_0627.jpg
✅ Generated: house_full_vertical_0628.jpg
✅ Generated: house_full_vertical_0629.jpg
✅ Generated: house_full_vertical_0630.jpg
✅ Generated: house_full_vertical_0631.jpg
✅ Generated: house_full_vertical_0632.jpg
✅ Generated: house_full_vertical_0633.jpg
✅ Generated: house_full_vertical_0634.jpg
✅ Generated: house_full_vertical_0635.jpg
✅ Generated: house_full_vertical_0636.jpg
✅ Generated: house_full_vertical_0637.jpg
✅ Generated: house_full_vertical_0638.jpg
✅ Generated: house_full_vertical_0639.jpg
✅ Generated: house_full_vertical_0640.jpg
✅ Generated: house_full_vertical_0641.jpg
✅ Generated: house_full_vertical_0642.jpg
✅ Generated: house_full_vertical_0643.jpg
✅ Generated: house_full_vertical_0644.jpg
✅ Generated: house_full_vertical_0645.jpg
✅ Generated: house_full_vertical_0646.jpg
✅ Generated: house_full_vertical_0647.jpg
✅ Generated: house_full_vertical_0648.jpg
✅ Generated: house_full_vertical_0649.jpg
✅ Generated: house_full_vertical_0650.jpg
✅ Generated: house_full_vertical_0651.jpg
✅ Generated: house_full_vertical_0652.jpg
✅ Generated: house_full_vertical_0653.jpg
✅ Generated: house_full_vertical_0654.jpg
✅ Generated: house_full_vertical_0655.jpg
✅ Generated: house_full_vertical_0656.jpg
✅ Generated: house_full_vertical_0657.jpg
✅ Generated: house_full_vertical_0658.jpg
✅ Generated: house_full_vertical_0659.jpg
✅ Generated: house_full_vertical_0660.jpg
✅ Generated: house_full_vertical_0661.jpg
✅ Generated: house_full_vertical_0662.jpg
✅ Generated: house_full_vertical_0663.jpg
✅ Generated: house_full_vertical_0664.jpg
✅ Generated: house_full_vertical_0665.jpg
✅ Generated: house_full_vertical_0666.jpg
✅ Generated: house_full_vertical_0667.jpg
✅ Generated: house_full_vertical_0668.jpg
✅ Generated: house_full_vertical_0669.jpg
✅ Generated: house_full_vertical_0670.jpg
✅ Generated: house_full_vertical_0671.jpg
✅ Generated: house_full_vertical_0672.jpg
✅ Generated: house_full_vertical_0673.jpg
✅ Generated: house_full_vertical_0674.jpg
✅ Generated: house_full_vertical_0675.jpg
✅ Generated: house_full_vertical_0676.jpg
✅ Generated: house_full_vertical_0677.jpg
✅ Generated: house_full_vertical_0678.jpg
✅ Generated: house_full_vertical_0679.jpg
✅ Generated: house_full_vertical_0680.jpg
✅ Generated: house_full_vertical_0681.jpg
✅ Generated: house_full_vertical_0682.jpg
✅ Generated: house_full_vertical_0683.jpg
✅ Generated: house_full_vertical_0684.jpg
✅ Generated: house_full_vertical_0685.jpg
✅ Generated: house_full_vertical_0686.jpg
✅ Generated: house_full_vertical_0687.jpg
✅ Generated: house_full_vertical_0688.jpg
✅ Generated: house_full_vertical_0689.jpg
✅ Generated: house_full_vertical_0690.jpg
✅ Generated: house_full_vertical_0691.jpg
✅ Generated: house_full_vertical_0692.jpg
✅ Generated: house_full_vertical_0693.jpg
✅ Generated: house_full_vertical_0694.jpg
✅ Generated: house_full_vertical_0695.jpg
✅ Generated: house_full_vertical_0696.jpg
✅ Generated: house_full_vertical_0697.jpg
✅ Generated: house_full_vertical_0698.jpg
✅ Generated: house_full_vertical_0699.jpg
✅ Generated: house_full_vertical_0700.jpg
✅ Generated: house_full_vertical_0701.jpg
✅ Generated: house_full_vertical_0702.jpg
✅ Generated: house_full_vertical_0703.jpg
✅ Generated: house_full_vertical_0704.jpg
✅ Generated: house_full_vertical_0705.jpg
✅ Generated: house_full_vertical_0706.jpg
✅ Generated: house_full_vertical_0707.jpg
✅ Generated: house_full_vertical_0708.jpg
✅ Generated: house_full_vertical_0709.jpg
✅ Generated: house_full_vertical_0710.jpg
✅ Generated: house_full_vertical_0711.jpg
✅ Generated: house_full_vertical_0712.jpg
✅ Generated: house_full_vertical_0713.jpg
✅ Generated: house_full_vertical_0714.jpg
✅ Generated: house_full_vertical_0715.jpg
✅ Generated: house_full_vertical_0716.jpg
✅ Generated: house_full_vertical_0717.jpg
✅ Generated: house_full_vertical_0718.jpg
✅ Generated: house_full_vertical_0719.jpg
✅ Generated: house_full_vertical_0720.jpg
✅ Generated: house_full_vertical_0721.jpg
✅ Generated: house_full_vertical_0722.jpg
✅ Generated: house_full_vertical_0723.jpg
✅ Generated: house_full_vertical_0724.jpg
✅ Generated: house_full_vertical_0725.jpg
✅ Generated: house_full_vertical_0726.jpg
✅ Generated: house_full_vertical_0727.jpg
✅ Generated: house_full_vertical_0728.jpg
✅ Generated: house_full_vertical_0729.jpg
✅ Generated: house_full_vertical_0730.jpg
✅ Generated: house_full_vertical_0731.jpg
✅ Generated: house_full_vertical_0732.jpg
✅ Generated: house_full_vertical_0733.jpg
✅ Generated: house_full_vertical_0734.jpg
✅ Generated: house_full_vertical_0735.jpg
✅ Generated: house_full_vertical_0736.jpg
✅ Generated: house_full_vertical_0737.jpg
✅ Generated: house_full_vertical_0738.jpg
✅ Generated: house_full_vertical_0739.jpg
✅ Generated: house_full_vertical_0740.jpg
✅ Generated: house_full_vertical_0741.jpg
✅ Generated: house_full_vertical_0742.jpg
✅ Generated: house_full_vertical_0743.jpg
✅ Generated: house_full_vertical_0744.jpg
✅ Generated: house_full_vertical_0745.jpg
✅ Generated: house_full_vertical_0746.jpg
✅ Generated: house_full_vertical_0747.jpg
✅ Generated: house_full_vertical_0748.jpg
✅ Generated: house_full_vertical_0749.jpg
✅ Generated: house_full_vertical_0750.jpg
✅ Generated: house_full_vertical_0751.jpg
✅ Generated: house_full_vertical_0752.jpg
✅ Generated: house_full_vertical_0753.jpg
✅ Generated: house_full_vertical_0754.jpg
✅ Generated: house_full_vertical_0755.jpg
✅ Generated: house_full_vertical_0756.jpg
✅ Generated: house_full_vertical_0757.jpg
✅ Generated: house_full_vertical_0758.jpg
✅ Generated: house_full_vertical_0759.jpg
✅ Generated: house_full_vertical_0760.jpg
✅ Generated: house_full_vertical_0761.jpg
✅ Generated: house_full_vertical_0762.jpg
✅ Generated: house_full_vertical_0763.jpg
✅ Generated: house_full_vertical_0764.jpg
✅ Generated: house_full_vertical_0765.jpg
✅ Generated: house_full_vertical_0766.jpg
✅ Generated: house_full_vertical_0767.jpg
✅ Generated: house_full_vertical_0768.jpg
✅ Generated: house_full_vertical_0769.jpg
✅ Generated: house_full_vertical_0770.jpg
✅ Generated: house_full_vertical_0771.jpg
✅ Generated: house_full_vertical_0772.jpg
✅ Generated: house_full_vertical_0773.jpg
✅ Generated: house_full_vertical_0774.jpg
✅ Generated: house_full_vertical_0775.jpg
✅ Generated: house_full_vertical_0776.jpg
✅ Generated: house_full_vertical_0777.jpg
✅ Generated: house_full_vertical_0778.jpg
✅ Generated: house_full_vertical_0779.jpg
✅ Generated: house_full_vertical_0780.jpg
✅ Generated: house_full_vertical_0781.jpg
✅ Generated: house_full_vertical_0782.jpg
✅ Generated: house_full_vertical_0783.jpg
✅ Generated: house_full_vertical_0784.jpg
✅ Generated: house_full_vertical_0785.jpg
✅ Generated: house_full_vertical_0786.jpg
✅ Generated: house_full_vertical_0787.jpg
✅ Generated: house_full_vertical_0788.jpg
✅ Generated: house_full_vertical_0789.jpg
✅ Generated: house_full_vertical_0790.jpg
✅ Generated: house_full_vertical_0791.jpg
✅ Generated: house_full_vertical_0792.jpg
✅ Generated: house_full_vertical_0793.jpg
✅ Generated: house_full_vertical_0794.jpg
✅ Generated: house_full_vertical_0795.jpg
✅ Generated: house_full_vertical_0796.jpg
✅ Generated: house_full_vertical_0797.jpg
✅ Generated: house_full_vertical_0798.jpg
✅ Generated: house_full_vertical_0799.jpg
✅ Generated: house_full_vertical_0800.jpg
✅ Generated: house_full_vertical_0801.jpg
✅ Generated: house_full_vertical_0802.jpg
✅ Generated: house_full_vertical_0803.jpg
✅ Generated: house_full_vertical_0804.jpg
✅ Generated: house_full_vertical_0805.jpg
✅ Generated: house_full_vertical_0806.jpg
✅ Generated: house_full_vertical_0807.jpg
✅ Generated: house_full_vertical_0808.jpg
✅ Generated: house_full_vertical_0809.jpg
✅ Generated: house_full_vertical_0810.jpg
✅ Generated: house_full_vertical_0811.jpg
✅ Generated: house_full_vertical_0812.jpg
✅ Generated: house_full_vertical_0813.jpg
✅ Generated: house_full_vertical_0814.jpg
✅ Generated: house_full_vertical_0815.jpg
✅ Generated: house_full_vertical_0816.jpg
✅ Generated: house_full_vertical_0817.jpg
✅ Generated: house_full_vertical_0818.jpg
✅ Generated: house_full_vertical_0819.jpg
✅ Generated: house_full_vertical_0820.jpg
✅ Generated: house_full_vertical_0821.jpg
✅ Generated: house_full_vertical_0822.jpg
✅ Generated: house_full_vertical_0823.jpg
✅ Generated: house_full_vertical_0824.jpg
✅ Generated: house_full_vertical_0825.jpg
✅ Generated: house_full_vertical_0826.jpg
✅ Generated: house_full_vertical_0827.jpg
✅ Generated: house_full_vertical_0828.jpg
✅ Generated: house_full_vertical_0829.jpg
✅ Generated: house_full_vertical_0830.jpg
✅ Generated: house_full_vertical_0831.jpg
✅ Generated: house_full_vertical_0832.jpg
✅ Generated: house_full_vertical_0833.jpg
✅ Generated: house_full_vertical_0834.jpg
✅ Generated: house_full_vertical_0835.jpg
✅ Generated: house_full_vertical_0836.jpg
✅ Generated: house_full_vertical_0837.jpg
✅ Generated: house_full_vertical_0838.jpg
✅ Generated: house_full_vertical_0839.jpg
✅ Generated: house_full_vertical_0840.jpg
✅ Generated: house_full_vertical_0841.jpg
✅ Generated: house_full_vertical_0842.jpg
✅ Generated: house_full_vertical_0843.jpg
✅ Generated: house_full_vertical_0844.jpg
✅ Generated: house_full_vertical_0845.jpg
✅ Generated: house_full_vertical_0846.jpg
✅ Generated: house_full_vertical_0847.jpg
✅ Generated: house_full_vertical_0848.jpg
✅ Generated: house_full_vertical_0849.jpg
✅ Generated: house_full_vertical_0850.jpg
✅ Generated: house_full_vertical_0851.jpg
✅ Generated: house_full_vertical_0852.jpg
✅ Generated: house_full_vertical_0853.jpg
✅ Generated: house_full_vertical_0854.jpg
✅ Generated: house_full_vertical_0855.jpg
✅ Generated: house_full_vertical_0856.jpg
✅ Generated: house_full_vertical_0857.jpg
✅ Generated: house_full_vertical_0858.jpg
✅ Generated: house_full_vertical_0859.jpg
✅ Generated: house_full_vertical_0860.jpg
✅ Generated: house_full_vertical_0861.jpg
✅ Generated: house_full_vertical_0862.jpg
✅ Generated: house_full_vertical_0863.jpg
✅ Generated: house_full_vertical_0864.jpg
✅ Generated: house_full_vertical_0865.jpg
✅ Generated: house_full_vertical_0866.jpg
✅ Generated: house_full_vertical_0867.jpg
✅ Generated: house_full_vertical_0868.jpg
✅ Generated: house_full_vertical_0869.jpg
✅ Generated: house_full_vertical_0870.jpg
✅ Generated: house_full_vertical_0871.jpg
✅ Generated: house_full_vertical_0872.jpg
✅ Generated: house_full_vertical_0873.jpg
✅ Generated: house_full_vertical_0874.jpg
✅ Generated: house_full_vertical_0875.jpg
✅ Generated: house_full_vertical_0876.jpg
✅ Generated: house_full_vertical_0877.jpg
✅ Generated: house_full_vertical_0878.jpg
✅ Generated: house_full_vertical_0879.jpg
✅ Generated: house_full_vertical_0880.jpg
✅ Generated: house_full_vertical_0881.jpg
✅ Generated: house_full_vertical_0882.jpg
✅ Generated: house_full_vertical_0883.jpg
✅ Generated: house_full_vertical_0884.jpg
✅ Generated: house_full_vertical_0885.jpg
✅ Generated: house_full_vertical_0886.jpg
✅ Generated: house_full_vertical_0887.jpg
✅ Generated: house_full_vertical_0888.jpg
✅ Generated: house_full_vertical_0889.jpg
✅ Generated: house_full_vertical_0890.jpg
✅ Generated: house_full_vertical_0891.jpg
✅ Generated: house_full_vertical_0892.jpg
✅ Generated: house_full_vertical_0893.jpg
✅ Generated: house_full_vertical_0894.jpg
✅ Generated: house_full_vertical_0895.jpg
✅ Generated: house_full_vertical_0896.jpg
✅ Generated: house_full_vertical_0897.jpg
✅ Generated: house_full_vertical_0898.jpg
✅ Generated: house_full_vertical_0899.jpg
✅ Generated: house_full_vertical_0900.jpg
✅ Generated: house_full_vertical_0901.jpg
✅ Generated: house_full_vertical_0902.jpg
✅ Generated: house_full_vertical_0903.jpg
✅ Generated: house_full_vertical_0904.jpg
✅ Generated: house_full_vertical_0905.jpg
✅ Generated: house_full_vertical_0906.jpg
✅ Generated: house_full_vertical_0907.jpg
✅ Generated: house_full_vertical_0908.jpg
✅ Generated: house_full_vertical_0909.jpg
✅ Generated: house_full_vertical_0910.jpg
✅ Generated: house_full_vertical_0911.jpg
✅ Generated: house_full_vertical_0912.jpg
✅ Generated: house_full_vertical_0913.jpg
✅ Generated: house_full_vertical_0914.jpg
✅ Generated: house_full_vertical_0915.jpg
✅ Generated: house_full_vertical_0916.jpg
✅ Generated: house_full_vertical_0917.jpg
✅ Generated: house_full_vertical_0918.jpg
✅ Generated: house_full_vertical_0919.jpg
✅ Generated: house_full_vertical_0920.jpg
✅ Generated: house_full_vertical_0921.jpg
✅ Generated: house_full_vertical_0922.jpg
✅ Generated: house_full_vertical_0923.jpg
✅ Generated: house_full_vertical_0924.jpg
✅ Generated: house_full_vertical_0925.jpg
✅ Generated: house_full_vertical_0926.jpg
✅ Generated: house_full_vertical_0927.jpg
✅ Generated: house_full_vertical_0928.jpg
✅ Generated: house_full_vertical_0929.jpg
✅ Generated: house_full_vertical_0930.jpg
✅ Generated: house_full_vertical_0931.jpg
✅ Generated: house_full_vertical_0932.jpg
✅ Generated: house_full_vertical_0933.jpg
✅ Generated: house_full_vertical_0934.jpg
✅ Generated: house_full_vertical_0935.jpg
✅ Generated: house_full_vertical_0936.jpg
✅ Generated: house_full_vertical_0937.jpg
✅ Generated: house_full_vertical_0938.jpg
✅ Generated: house_full_vertical_0939.jpg
✅ Generated: house_full_vertical_0940.jpg
✅ Generated: house_full_vertical_0941.jpg
✅ Generated: house_full_vertical_0942.jpg
✅ Generated: house_full_vertical_0943.jpg
✅ Generated: house_full_vertical_0944.jpg
✅ Generated: house_full_vertical_0945.jpg
✅ Generated: house_full_vertical_0946.jpg
✅ Generated: house_full_vertical_0947.jpg
✅ Generated: house_full_vertical_0948.jpg
✅ Generated: house_full_vertical_0949.jpg
✅ Generated: house_full_vertical_0950.jpg
✅ Generated: house_full_vertical_0951.jpg
✅ Generated: house_full_vertical_0952.jpg
✅ Generated: house_full_vertical_0953.jpg
✅ Generated: house_full_vertical_0954.jpg
✅ Generated: house_full_vertical_0955.jpg
✅ Generated: house_full_vertical_0956.jpg
✅ Generated: house_full_vertical_0957.jpg
✅ Generated: house_full_vertical_0958.jpg
✅ Generated: house_full_vertical_0959.jpg
✅ Generated: house_full_vertical_0960.jpg
✅ Generated: house_full_vertical_0961.jpg
✅ Generated: house_full_vertical_0962.jpg
✅ Generated: house_full_vertical_0963.jpg
✅ Generated: house_full_vertical_0964.jpg
✅ Generated: house_full_vertical_0965.jpg
✅ Generated: house_full_vertical_0966.jpg
✅ Generated: house_full_vertical_0967.jpg
✅ Generated: house_full_vertical_0968.jpg
✅ Generated: house_full_vertical_0969.jpg
✅ Generated: house_full_vertical_0970.jpg
✅ Generated: house_full_vertical_0971.jpg
✅ Generated: house_full_vertical_0972.jpg
✅ Generated: house_full_vertical_0973.jpg
✅ Generated: house_full_vertical_0974.jpg
✅ Generated: house_full_vertical_0975.jpg
✅ Generated: house_full_vertical_0976.jpg
✅ Generated: house_full_vertical_0977.jpg
✅ Generated: house_full_vertical_0978.jpg
✅ Generated: house_full_vertical_0979.jpg
✅ Generated: house_full_vertical_0980.jpg
✅ Generated: house_full_vertical_0981.jpg
✅ Generated: house_full_vertical_0982.jpg
✅ Generated: house_full_vertical_0983.jpg
✅ Generated: house_full_vertical_0984.jpg
✅ Generated: house_full_vertical_0985.jpg
✅ Generated: house_full_vertical_0986.jpg
✅ Generated: house_full_vertical_0987.jpg
✅ Generated: house_full_vertical_0988.jpg
✅ Generated: house_full_vertical_0989.jpg
✅ Generated: house_full_vertical_0990.jpg
✅ Generated: house_full_vertical_0991.jpg
✅ Generated: house_full_vertical_0992.jpg
✅ Generated: house_full_vertical_0993.jpg
✅ Generated: house_full_vertical_0994.jpg
✅ Generated: house_full_vertical_0995.jpg
✅ Generated: house_full_vertical_0996.jpg
✅ Generated: house_full_vertical_0997.jpg
✅ Generated: house_full_vertical_0998.jpg
✅ Generated: house_full_vertical_0999.jpg
✅ Generated: house_full_vertical_1000.jpg

✨ Completed! รวมทั้งหมดมี 1000 รูป
✅ Job Finished!
