Job started at: 2026-01-05 11:18:41
Running "module reset". Resetting modules to system default. The following $MODULEPATH directories have been removed: None

Lmod is automatically replacing "cce/19.0.0" with "gcc-native/14.2".


Lmod is automatically replacing "PrgEnv-cray/8.6.0" with "PrgEnv-gnu/8.6.0".


Due to MODULEPATH changes, the following have been reloaded:
  1) cray-libsci/25.03.0     2) cray-mpich/8.1.32


Lmod is automatically replacing "gcc-native/14.2" with "gcc/12.2.0".


The following have been reloaded with a version change:
  1) cray-libsci/25.03.0 => cray-libsci/23.09.1.1
  2) cray-mpich/8.1.32 => cray-mpich/8.1.27

/project/lt200393-foullm/train/unslot/env/bin/python
🚀 Running Passport Generator Script...
🚀 Starting Passport Generation...
📂 Linking Driving License Assets: /lustrefs/disk/project/lt200393-foullm/Yanakorn_Peach/Dataset/Driving_license
✅ Generated: Passport001.jpg + Labels
✅ Generated: Passport002.jpg + Labels
✅ Generated: Passport003.jpg + Labels
✅ Generated: Passport004.jpg + Labels
✅ Generated: Passport005.jpg + Labels
✅ Generated: Passport006.jpg + Labels
✅ Generated: Passport007.jpg + Labels
✅ Generated: Passport008.jpg + Labels
✅ Generated: Passport009.jpg + Labels
✅ Generated: Passport010.jpg + Labels
✅ Generated: Passport011.jpg + Labels
✅ Generated: Passport012.jpg + Labels
✅ Generated: Passport013.jpg + Labels
✅ Generated: Passport014.jpg + Labels
✅ Generated: Passport015.jpg + Labels
✅ Generated: Passport016.jpg + Labels
✅ Generated: Passport017.jpg + Labels
✅ Generated: Passport018.jpg + Labels
✅ Generated: Passport019.jpg + Labels
✅ Generated: Passport020.jpg + Labels
✅ Generated: Passport021.jpg + Labels
✅ Generated: Passport022.jpg + Labels
✅ Generated: Passport023.jpg + Labels
✅ Generated: Passport024.jpg + Labels
✅ Generated: Passport025.jpg + Labels
✅ Generated: Passport026.jpg + Labels
✅ Generated: Passport027.jpg + Labels
✅ Generated: Passport028.jpg + Labels
✅ Generated: Passport029.jpg + Labels
✅ Generated: Passport030.jpg + Labels
✅ Generated: Passport031.jpg + Labels
✅ Generated: Passport032.jpg + Labels
✅ Generated: Passport033.jpg + Labels
✅ Generated: Passport034.jpg + Labels
✅ Generated: Passport035.jpg + Labels
✅ Generated: Passport036.jpg + Labels
✅ Generated: Passport037.jpg + Labels
✅ Generated: Passport038.jpg + Labels
✅ Generated: Passport039.jpg + Labels
✅ Generated: Passport040.jpg + Labels
✅ Generated: Passport041.jpg + Labels
✅ Generated: Passport042.jpg + Labels
✅ Generated: Passport043.jpg + Labels
✅ Generated: Passport044.jpg + Labels
✅ Generated: Passport045.jpg + Labels
✅ Generated: Passport046.jpg + Labels
✅ Generated: Passport047.jpg + Labels
✅ Generated: Passport048.jpg + Labels
✅ Generated: Passport049.jpg + Labels
✅ Generated: Passport050.jpg + Labels
✅ Generated: Passport051.jpg + Labels
✅ Generated: Passport052.jpg + Labels
✅ Generated: Passport053.jpg + Labels
✅ Generated: Passport054.jpg + Labels
✅ Generated: Passport055.jpg + Labels
✅ Generated: Passport056.jpg + Labels
✅ Generated: Passport057.jpg + Labels
✅ Generated: Passport058.jpg + Labels
✅ Generated: Passport059.jpg + Labels
✅ Generated: Passport060.jpg + Labels
✅ Generated: Passport061.jpg + Labels
✅ Generated: Passport062.jpg + Labels
✅ Generated: Passport063.jpg + Labels
✅ Generated: Passport064.jpg + Labels
✅ Generated: Passport065.jpg + Labels
✅ Generated: Passport066.jpg + Labels
✅ Generated: Passport067.jpg + Labels
✅ Generated: Passport068.jpg + Labels
✅ Generated: Passport069.jpg + Labels
✅ Generated: Passport070.jpg + Labels
✅ Generated: Passport071.jpg + Labels
✅ Generated: Passport072.jpg + Labels
✅ Generated: Passport073.jpg + Labels
✅ Generated: Passport074.jpg + Labels
✅ Generated: Passport075.jpg + Labels
✅ Generated: Passport076.jpg + Labels
✅ Generated: Passport077.jpg + Labels
✅ Generated: Passport078.jpg + Labels
✅ Generated: Passport079.jpg + Labels
✅ Generated: Passport080.jpg + Labels
✅ Generated: Passport081.jpg + Labels
✅ Generated: Passport082.jpg + Labels
✅ Generated: Passport083.jpg + Labels
✅ Generated: Passport084.jpg + Labels
✅ Generated: Passport085.jpg + Labels
✅ Generated: Passport086.jpg + Labels
✅ Generated: Passport087.jpg + Labels
✅ Generated: Passport088.jpg + Labels
✅ Generated: Passport089.jpg + Labels
✅ Generated: Passport090.jpg + Labels
✅ Generated: Passport091.jpg + Labels
✅ Generated: Passport092.jpg + Labels
✅ Generated: Passport093.jpg + Labels
✅ Generated: Passport094.jpg + Labels
✅ Generated: Passport095.jpg + Labels
✅ Generated: Passport096.jpg + Labels
✅ Generated: Passport097.jpg + Labels
✅ Generated: Passport098.jpg + Labels
✅ Generated: Passport099.jpg + Labels
✅ Generated: Passport100.jpg + Labels
✅ Generated: Passport101.jpg + Labels
✅ Generated: Passport102.jpg + Labels
✅ Generated: Passport103.jpg + Labels
✅ Generated: Passport104.jpg + Labels
✅ Generated: Passport105.jpg + Labels
✅ Generated: Passport106.jpg + Labels
✅ Generated: Passport107.jpg + Labels
✅ Generated: Passport108.jpg + Labels
✅ Generated: Passport109.jpg + Labels
✅ Generated: Passport110.jpg + Labels
✅ Generated: Passport111.jpg + Labels
✅ Generated: Passport112.jpg + Labels
✅ Generated: Passport113.jpg + Labels
✅ Generated: Passport114.jpg + Labels
✅ Generated: Passport115.jpg + Labels
✅ Generated: Passport116.jpg + Labels
✅ Generated: Passport117.jpg + Labels
✅ Generated: Passport118.jpg + Labels
✅ Generated: Passport119.jpg + Labels
✅ Generated: Passport120.jpg + Labels
✅ Generated: Passport121.jpg + Labels
✅ Generated: Passport122.jpg + Labels
✅ Generated: Passport123.jpg + Labels
✅ Generated: Passport124.jpg + Labels
✅ Generated: Passport125.jpg + Labels
✅ Generated: Passport126.jpg + Labels
✅ Generated: Passport127.jpg + Labels
✅ Generated: Passport128.jpg + Labels
✅ Generated: Passport129.jpg + Labels
✅ Generated: Passport130.jpg + Labels
✅ Generated: Passport131.jpg + Labels
✅ Generated: Passport132.jpg + Labels
✅ Generated: Passport133.jpg + Labels
✅ Generated: Passport134.jpg + Labels
✅ Generated: Passport135.jpg + Labels
✅ Generated: Passport136.jpg + Labels
✅ Generated: Passport137.jpg + Labels
✅ Generated: Passport138.jpg + Labels
✅ Generated: Passport139.jpg + Labels
✅ Generated: Passport140.jpg + Labels
✅ Generated: Passport141.jpg + Labels
✅ Generated: Passport142.jpg + Labels
✅ Generated: Passport143.jpg + Labels
✅ Generated: Passport144.jpg + Labels
✅ Generated: Passport145.jpg + Labels
✅ Generated: Passport146.jpg + Labels
✅ Generated: Passport147.jpg + Labels
✅ Generated: Passport148.jpg + Labels
✅ Generated: Passport149.jpg + Labels
✅ Generated: Passport150.jpg + Labels
✅ Generated: Passport151.jpg + Labels
✅ Generated: Passport152.jpg + Labels
✅ Generated: Passport153.jpg + Labels
✅ Generated: Passport154.jpg + Labels
✅ Generated: Passport155.jpg + Labels
✅ Generated: Passport156.jpg + Labels
✅ Generated: Passport157.jpg + Labels
✅ Generated: Passport158.jpg + Labels
✅ Generated: Passport159.jpg + Labels
✅ Generated: Passport160.jpg + Labels
✅ Generated: Passport161.jpg + Labels
✅ Generated: Passport162.jpg + Labels
✅ Generated: Passport163.jpg + Labels
✅ Generated: Passport164.jpg + Labels
✅ Generated: Passport165.jpg + Labels
✅ Generated: Passport166.jpg + Labels
✅ Generated: Passport167.jpg + Labels
✅ Generated: Passport168.jpg + Labels
✅ Generated: Passport169.jpg + Labels
✅ Generated: Passport170.jpg + Labels
✅ Generated: Passport171.jpg + Labels
✅ Generated: Passport172.jpg + Labels
✅ Generated: Passport173.jpg + Labels
✅ Generated: Passport174.jpg + Labels
✅ Generated: Passport175.jpg + Labels
✅ Generated: Passport176.jpg + Labels
✅ Generated: Passport177.jpg + Labels
✅ Generated: Passport178.jpg + Labels
✅ Generated: Passport179.jpg + Labels
✅ Generated: Passport180.jpg + Labels
✅ Generated: Passport181.jpg + Labels
✅ Generated: Passport182.jpg + Labels
✅ Generated: Passport183.jpg + Labels
✅ Generated: Passport184.jpg + Labels
✅ Generated: Passport185.jpg + Labels
✅ Generated: Passport186.jpg + Labels
✅ Generated: Passport187.jpg + Labels
✅ Generated: Passport188.jpg + Labels
✅ Generated: Passport189.jpg + Labels
✅ Generated: Passport190.jpg + Labels
✅ Generated: Passport191.jpg + Labels
✅ Generated: Passport192.jpg + Labels
✅ Generated: Passport193.jpg + Labels
✅ Generated: Passport194.jpg + Labels
✅ Generated: Passport195.jpg + Labels
✅ Generated: Passport196.jpg + Labels
✅ Generated: Passport197.jpg + Labels
✅ Generated: Passport198.jpg + Labels
✅ Generated: Passport199.jpg + Labels
✅ Generated: Passport200.jpg + Labels
✅ Generated: Passport201.jpg + Labels
✅ Generated: Passport202.jpg + Labels
✅ Generated: Passport203.jpg + Labels
✅ Generated: Passport204.jpg + Labels
✅ Generated: Passport205.jpg + Labels
✅ Generated: Passport206.jpg + Labels
✅ Generated: Passport207.jpg + Labels
✅ Generated: Passport208.jpg + Labels
✅ Generated: Passport209.jpg + Labels
✅ Generated: Passport210.jpg + Labels
✅ Generated: Passport211.jpg + Labels
✅ Generated: Passport212.jpg + Labels
✅ Generated: Passport213.jpg + Labels
✅ Generated: Passport214.jpg + Labels
✅ Generated: Passport215.jpg + Labels
✅ Generated: Passport216.jpg + Labels
✅ Generated: Passport217.jpg + Labels
✅ Generated: Passport218.jpg + Labels
✅ Generated: Passport219.jpg + Labels
✅ Generated: Passport220.jpg + Labels
✅ Generated: Passport221.jpg + Labels
✅ Generated: Passport222.jpg + Labels
✅ Generated: Passport223.jpg + Labels
✅ Generated: Passport224.jpg + Labels
✅ Generated: Passport225.jpg + Labels
✅ Generated: Passport226.jpg + Labels
✅ Generated: Passport227.jpg + Labels
✅ Generated: Passport228.jpg + Labels
✅ Generated: Passport229.jpg + Labels
✅ Generated: Passport230.jpg + Labels
✅ Generated: Passport231.jpg + Labels
✅ Generated: Passport232.jpg + Labels
✅ Generated: Passport233.jpg + Labels
✅ Generated: Passport234.jpg + Labels
✅ Generated: Passport235.jpg + Labels
✅ Generated: Passport236.jpg + Labels
✅ Generated: Passport237.jpg + Labels
✅ Generated: Passport238.jpg + Labels
✅ Generated: Passport239.jpg + Labels
✅ Generated: Passport240.jpg + Labels
✅ Generated: Passport241.jpg + Labels
✅ Generated: Passport242.jpg + Labels
✅ Generated: Passport243.jpg + Labels
✅ Generated: Passport244.jpg + Labels
✅ Generated: Passport245.jpg + Labels
✅ Generated: Passport246.jpg + Labels
✅ Generated: Passport247.jpg + Labels
✅ Generated: Passport248.jpg + Labels
✅ Generated: Passport249.jpg + Labels
✅ Generated: Passport250.jpg + Labels
✅ Generated: Passport251.jpg + Labels
✅ Generated: Passport252.jpg + Labels
✅ Generated: Passport253.jpg + Labels
✅ Generated: Passport254.jpg + Labels
✅ Generated: Passport255.jpg + Labels
✅ Generated: Passport256.jpg + Labels
✅ Generated: Passport257.jpg + Labels
✅ Generated: Passport258.jpg + Labels
✅ Generated: Passport259.jpg + Labels
✅ Generated: Passport260.jpg + Labels
✅ Generated: Passport261.jpg + Labels
✅ Generated: Passport262.jpg + Labels
✅ Generated: Passport263.jpg + Labels
✅ Generated: Passport264.jpg + Labels
✅ Generated: Passport265.jpg + Labels
✅ Generated: Passport266.jpg + Labels
✅ Generated: Passport267.jpg + Labels
✅ Generated: Passport268.jpg + Labels
✅ Generated: Passport269.jpg + Labels
✅ Generated: Passport270.jpg + Labels
✅ Generated: Passport271.jpg + Labels
✅ Generated: Passport272.jpg + Labels
✅ Generated: Passport273.jpg + Labels
✅ Generated: Passport274.jpg + Labels
✅ Generated: Passport275.jpg + Labels
✅ Generated: Passport276.jpg + Labels
✅ Generated: Passport277.jpg + Labels
✅ Generated: Passport278.jpg + Labels
✅ Generated: Passport279.jpg + Labels
✅ Generated: Passport280.jpg + Labels
✅ Generated: Passport281.jpg + Labels
✅ Generated: Passport282.jpg + Labels
✅ Generated: Passport283.jpg + Labels
✅ Generated: Passport284.jpg + Labels
✅ Generated: Passport285.jpg + Labels
✅ Generated: Passport286.jpg + Labels
✅ Generated: Passport287.jpg + Labels
✅ Generated: Passport288.jpg + Labels
✅ Generated: Passport289.jpg + Labels
✅ Generated: Passport290.jpg + Labels
✅ Generated: Passport291.jpg + Labels
✅ Generated: Passport292.jpg + Labels
✅ Generated: Passport293.jpg + Labels
✅ Generated: Passport294.jpg + Labels
✅ Generated: Passport295.jpg + Labels
✅ Generated: Passport296.jpg + Labels
✅ Generated: Passport297.jpg + Labels
✅ Generated: Passport298.jpg + Labels
✅ Generated: Passport299.jpg + Labels
✅ Generated: Passport300.jpg + Labels
✅ Generated: Passport301.jpg + Labels
✅ Generated: Passport302.jpg + Labels
✅ Generated: Passport303.jpg + Labels
✅ Generated: Passport304.jpg + Labels
✅ Generated: Passport305.jpg + Labels
✅ Generated: Passport306.jpg + Labels
✅ Generated: Passport307.jpg + Labels
✅ Generated: Passport308.jpg + Labels
✅ Generated: Passport309.jpg + Labels
✅ Generated: Passport310.jpg + Labels
✅ Generated: Passport311.jpg + Labels
✅ Generated: Passport312.jpg + Labels
✅ Generated: Passport313.jpg + Labels
✅ Generated: Passport314.jpg + Labels
✅ Generated: Passport315.jpg + Labels
✅ Generated: Passport316.jpg + Labels
✅ Generated: Passport317.jpg + Labels
✅ Generated: Passport318.jpg + Labels
✅ Generated: Passport319.jpg + Labels
✅ Generated: Passport320.jpg + Labels
✅ Generated: Passport321.jpg + Labels
✅ Generated: Passport322.jpg + Labels
✅ Generated: Passport323.jpg + Labels
✅ Generated: Passport324.jpg + Labels
✅ Generated: Passport325.jpg + Labels
✅ Generated: Passport326.jpg + Labels
✅ Generated: Passport327.jpg + Labels
✅ Generated: Passport328.jpg + Labels
✅ Generated: Passport329.jpg + Labels
✅ Generated: Passport330.jpg + Labels
✅ Generated: Passport331.jpg + Labels
✅ Generated: Passport332.jpg + Labels
✅ Generated: Passport333.jpg + Labels
✅ Generated: Passport334.jpg + Labels
✅ Generated: Passport335.jpg + Labels
✅ Generated: Passport336.jpg + Labels
✅ Generated: Passport337.jpg + Labels
✅ Generated: Passport338.jpg + Labels
✅ Generated: Passport339.jpg + Labels
✅ Generated: Passport340.jpg + Labels
✅ Generated: Passport341.jpg + Labels
✅ Generated: Passport342.jpg + Labels
✅ Generated: Passport343.jpg + Labels
✅ Generated: Passport344.jpg + Labels
✅ Generated: Passport345.jpg + Labels
✅ Generated: Passport346.jpg + Labels
✅ Generated: Passport347.jpg + Labels
✅ Generated: Passport348.jpg + Labels
✅ Generated: Passport349.jpg + Labels
✅ Generated: Passport350.jpg + Labels
✅ Generated: Passport351.jpg + Labels
✅ Generated: Passport352.jpg + Labels
✅ Generated: Passport353.jpg + Labels
✅ Generated: Passport354.jpg + Labels
✅ Generated: Passport355.jpg + Labels
✅ Generated: Passport356.jpg + Labels
✅ Generated: Passport357.jpg + Labels
✅ Generated: Passport358.jpg + Labels
✅ Generated: Passport359.jpg + Labels
✅ Generated: Passport360.jpg + Labels
✅ Generated: Passport361.jpg + Labels
✅ Generated: Passport362.jpg + Labels
✅ Generated: Passport363.jpg + Labels
✅ Generated: Passport364.jpg + Labels
✅ Generated: Passport365.jpg + Labels
✅ Generated: Passport366.jpg + Labels
✅ Generated: Passport367.jpg + Labels
✅ Generated: Passport368.jpg + Labels
✅ Generated: Passport369.jpg + Labels
✅ Generated: Passport370.jpg + Labels
✅ Generated: Passport371.jpg + Labels
✅ Generated: Passport372.jpg + Labels
✅ Generated: Passport373.jpg + Labels
✅ Generated: Passport374.jpg + Labels
✅ Generated: Passport375.jpg + Labels
✅ Generated: Passport376.jpg + Labels
✅ Generated: Passport377.jpg + Labels
✅ Generated: Passport378.jpg + Labels
✅ Generated: Passport379.jpg + Labels
✅ Generated: Passport380.jpg + Labels
✅ Generated: Passport381.jpg + Labels
✅ Generated: Passport382.jpg + Labels
✅ Generated: Passport383.jpg + Labels
✅ Generated: Passport384.jpg + Labels
✅ Generated: Passport385.jpg + Labels
✅ Generated: Passport386.jpg + Labels
✅ Generated: Passport387.jpg + Labels
✅ Generated: Passport388.jpg + Labels
✅ Generated: Passport389.jpg + Labels
✅ Generated: Passport390.jpg + Labels
✅ Generated: Passport391.jpg + Labels
✅ Generated: Passport392.jpg + Labels
✅ Generated: Passport393.jpg + Labels
✅ Generated: Passport394.jpg + Labels
✅ Generated: Passport395.jpg + Labels
✅ Generated: Passport396.jpg + Labels
✅ Generated: Passport397.jpg + Labels
✅ Generated: Passport398.jpg + Labels
✅ Generated: Passport399.jpg + Labels
✅ Generated: Passport400.jpg + Labels
✅ Generated: Passport401.jpg + Labels
✅ Generated: Passport402.jpg + Labels
✅ Generated: Passport403.jpg + Labels
✅ Generated: Passport404.jpg + Labels
✅ Generated: Passport405.jpg + Labels
✅ Generated: Passport406.jpg + Labels
✅ Generated: Passport407.jpg + Labels
✅ Generated: Passport408.jpg + Labels
✅ Generated: Passport409.jpg + Labels
✅ Generated: Passport410.jpg + Labels
✅ Generated: Passport411.jpg + Labels
✅ Generated: Passport412.jpg + Labels
✅ Generated: Passport413.jpg + Labels
✅ Generated: Passport414.jpg + Labels
✅ Generated: Passport415.jpg + Labels
✅ Generated: Passport416.jpg + Labels
✅ Generated: Passport417.jpg + Labels
✅ Generated: Passport418.jpg + Labels
✅ Generated: Passport419.jpg + Labels
✅ Generated: Passport420.jpg + Labels
✅ Generated: Passport421.jpg + Labels
✅ Generated: Passport422.jpg + Labels
✅ Generated: Passport423.jpg + Labels
✅ Generated: Passport424.jpg + Labels
✅ Generated: Passport425.jpg + Labels
✅ Generated: Passport426.jpg + Labels
✅ Generated: Passport427.jpg + Labels
✅ Generated: Passport428.jpg + Labels
✅ Generated: Passport429.jpg + Labels
✅ Generated: Passport430.jpg + Labels
✅ Generated: Passport431.jpg + Labels
✅ Generated: Passport432.jpg + Labels
✅ Generated: Passport433.jpg + Labels
✅ Generated: Passport434.jpg + Labels
✅ Generated: Passport435.jpg + Labels
✅ Generated: Passport436.jpg + Labels
✅ Generated: Passport437.jpg + Labels
✅ Generated: Passport438.jpg + Labels
✅ Generated: Passport439.jpg + Labels
✅ Generated: Passport440.jpg + Labels
✅ Generated: Passport441.jpg + Labels
✅ Generated: Passport442.jpg + Labels
✅ Generated: Passport443.jpg + Labels
✅ Generated: Passport444.jpg + Labels
✅ Generated: Passport445.jpg + Labels
✅ Generated: Passport446.jpg + Labels
✅ Generated: Passport447.jpg + Labels
✅ Generated: Passport448.jpg + Labels
✅ Generated: Passport449.jpg + Labels
✅ Generated: Passport450.jpg + Labels
✅ Generated: Passport451.jpg + Labels
✅ Generated: Passport452.jpg + Labels
✅ Generated: Passport453.jpg + Labels
✅ Generated: Passport454.jpg + Labels
✅ Generated: Passport455.jpg + Labels
✅ Generated: Passport456.jpg + Labels
✅ Generated: Passport457.jpg + Labels
✅ Generated: Passport458.jpg + Labels
✅ Generated: Passport459.jpg + Labels
✅ Generated: Passport460.jpg + Labels
✅ Generated: Passport461.jpg + Labels
✅ Generated: Passport462.jpg + Labels
✅ Generated: Passport463.jpg + Labels
✅ Generated: Passport464.jpg + Labels
✅ Generated: Passport465.jpg + Labels
✅ Generated: Passport466.jpg + Labels
✅ Generated: Passport467.jpg + Labels
✅ Generated: Passport468.jpg + Labels
✅ Generated: Passport469.jpg + Labels
✅ Generated: Passport470.jpg + Labels
✅ Generated: Passport471.jpg + Labels
✅ Generated: Passport472.jpg + Labels
✅ Generated: Passport473.jpg + Labels
✅ Generated: Passport474.jpg + Labels
✅ Generated: Passport475.jpg + Labels
✅ Generated: Passport476.jpg + Labels
✅ Generated: Passport477.jpg + Labels
✅ Generated: Passport478.jpg + Labels
✅ Generated: Passport479.jpg + Labels
✅ Generated: Passport480.jpg + Labels
✅ Generated: Passport481.jpg + Labels
✅ Generated: Passport482.jpg + Labels
✅ Generated: Passport483.jpg + Labels
✅ Generated: Passport484.jpg + Labels
✅ Generated: Passport485.jpg + Labels
✅ Generated: Passport486.jpg + Labels
✅ Generated: Passport487.jpg + Labels
✅ Generated: Passport488.jpg + Labels
✅ Generated: Passport489.jpg + Labels
✅ Generated: Passport490.jpg + Labels
✅ Generated: Passport491.jpg + Labels
✅ Generated: Passport492.jpg + Labels
✅ Generated: Passport493.jpg + Labels
✅ Generated: Passport494.jpg + Labels
✅ Generated: Passport495.jpg + Labels
✅ Generated: Passport496.jpg + Labels
✅ Generated: Passport497.jpg + Labels
✅ Generated: Passport498.jpg + Labels
✅ Generated: Passport499.jpg + Labels
✅ Generated: Passport500.jpg + Labels

✨ Completed! Output in: /lustrefs/disk/project/lt200393-foullm/Yanakorn_Peach/Dataset/Passport/output
✅ Job Finished!
