Job started at: 2026-01-05 10:53:12
Running "module reset". Resetting modules to system default. The following $MODULEPATH directories have been removed: None

Lmod is automatically replacing "cce/19.0.0" with "gcc-native/14.2".


Lmod is automatically replacing "PrgEnv-cray/8.6.0" with "PrgEnv-gnu/8.6.0".


Due to MODULEPATH changes, the following have been reloaded:
  1) cray-libsci/25.03.0     2) cray-mpich/8.1.32


Lmod is automatically replacing "gcc-native/14.2" with "gcc/12.2.0".


The following have been reloaded with a version change:
  1) cray-libsci/25.03.0 => cray-libsci/23.09.1.1
  2) cray-mpich/8.1.32 => cray-mpich/8.1.27

/project/lt200393-foullm/train/unslot/env/bin/python
🚀 Running Passport Generator Script...
🚀 Starting Passport Generation...
📂 Linking Driving License Assets: /lustrefs/disk/project/lt200393-foullm/Yanakorn_Peach/Dataset/Driving_license
✅ Generated: Passport_EN001.jpg
✅ Generated: Passport_EN002.jpg
✅ Generated: Passport_EN003.jpg
✅ Generated: Passport_EN004.jpg
✅ Generated: Passport_EN005.jpg
✅ Generated: Passport_EN006.jpg
✅ Generated: Passport_EN007.jpg
✅ Generated: Passport_EN008.jpg
✅ Generated: Passport_EN009.jpg
✅ Generated: Passport_EN010.jpg
✅ Generated: Passport_EN011.jpg
✅ Generated: Passport_EN012.jpg
✅ Generated: Passport_EN013.jpg
✅ Generated: Passport_EN014.jpg
✅ Generated: Passport_EN015.jpg
✅ Generated: Passport_EN016.jpg
✅ Generated: Passport_EN017.jpg
✅ Generated: Passport_EN018.jpg
✅ Generated: Passport_EN019.jpg
✅ Generated: Passport_EN020.jpg
✅ Generated: Passport_EN021.jpg
✅ Generated: Passport_EN022.jpg
✅ Generated: Passport_EN023.jpg
✅ Generated: Passport_EN024.jpg
✅ Generated: Passport_EN025.jpg
✅ Generated: Passport_EN026.jpg
✅ Generated: Passport_EN027.jpg
✅ Generated: Passport_EN028.jpg
✅ Generated: Passport_EN029.jpg
✅ Generated: Passport_EN030.jpg
✅ Generated: Passport_EN031.jpg
✅ Generated: Passport_EN032.jpg
✅ Generated: Passport_EN033.jpg
✅ Generated: Passport_EN034.jpg
✅ Generated: Passport_EN035.jpg
✅ Generated: Passport_EN036.jpg
✅ Generated: Passport_EN037.jpg
✅ Generated: Passport_EN038.jpg
✅ Generated: Passport_EN039.jpg
✅ Generated: Passport_EN040.jpg
✅ Generated: Passport_EN041.jpg
✅ Generated: Passport_EN042.jpg
✅ Generated: Passport_EN043.jpg
✅ Generated: Passport_EN044.jpg
✅ Generated: Passport_EN045.jpg
✅ Generated: Passport_EN046.jpg
✅ Generated: Passport_EN047.jpg
✅ Generated: Passport_EN048.jpg
✅ Generated: Passport_EN049.jpg
✅ Generated: Passport_EN050.jpg
✅ Generated: Passport_EN051.jpg
✅ Generated: Passport_EN052.jpg
✅ Generated: Passport_EN053.jpg
✅ Generated: Passport_EN054.jpg
✅ Generated: Passport_EN055.jpg
✅ Generated: Passport_EN056.jpg
✅ Generated: Passport_EN057.jpg
✅ Generated: Passport_EN058.jpg
✅ Generated: Passport_EN059.jpg
✅ Generated: Passport_EN060.jpg
✅ Generated: Passport_EN061.jpg
✅ Generated: Passport_EN062.jpg
✅ Generated: Passport_EN063.jpg
✅ Generated: Passport_EN064.jpg
✅ Generated: Passport_EN065.jpg
✅ Generated: Passport_EN066.jpg
✅ Generated: Passport_EN067.jpg
✅ Generated: Passport_EN068.jpg
✅ Generated: Passport_EN069.jpg
✅ Generated: Passport_EN070.jpg
✅ Generated: Passport_EN071.jpg
✅ Generated: Passport_EN072.jpg
✅ Generated: Passport_EN073.jpg
✅ Generated: Passport_EN074.jpg
✅ Generated: Passport_EN075.jpg
✅ Generated: Passport_EN076.jpg
✅ Generated: Passport_EN077.jpg
✅ Generated: Passport_EN078.jpg
✅ Generated: Passport_EN079.jpg
✅ Generated: Passport_EN080.jpg
✅ Generated: Passport_EN081.jpg
✅ Generated: Passport_EN082.jpg
✅ Generated: Passport_EN083.jpg
✅ Generated: Passport_EN084.jpg
✅ Generated: Passport_EN085.jpg
✅ Generated: Passport_EN086.jpg
✅ Generated: Passport_EN087.jpg
✅ Generated: Passport_EN088.jpg
✅ Generated: Passport_EN089.jpg
✅ Generated: Passport_EN090.jpg
✅ Generated: Passport_EN091.jpg
✅ Generated: Passport_EN092.jpg
✅ Generated: Passport_EN093.jpg
✅ Generated: Passport_EN094.jpg
✅ Generated: Passport_EN095.jpg
✅ Generated: Passport_EN096.jpg
✅ Generated: Passport_EN097.jpg
✅ Generated: Passport_EN098.jpg
✅ Generated: Passport_EN099.jpg
✅ Generated: Passport_EN100.jpg
✅ Generated: Passport_EN101.jpg
✅ Generated: Passport_EN102.jpg
✅ Generated: Passport_EN103.jpg
✅ Generated: Passport_EN104.jpg
✅ Generated: Passport_EN105.jpg
✅ Generated: Passport_EN106.jpg
✅ Generated: Passport_EN107.jpg
✅ Generated: Passport_EN108.jpg
✅ Generated: Passport_EN109.jpg
✅ Generated: Passport_EN110.jpg
✅ Generated: Passport_EN111.jpg
✅ Generated: Passport_EN112.jpg
✅ Generated: Passport_EN113.jpg
✅ Generated: Passport_EN114.jpg
✅ Generated: Passport_EN115.jpg
✅ Generated: Passport_EN116.jpg
✅ Generated: Passport_EN117.jpg
✅ Generated: Passport_EN118.jpg
✅ Generated: Passport_EN119.jpg
✅ Generated: Passport_EN120.jpg
✅ Generated: Passport_EN121.jpg
✅ Generated: Passport_EN122.jpg
✅ Generated: Passport_EN123.jpg
✅ Generated: Passport_EN124.jpg
✅ Generated: Passport_EN125.jpg
✅ Generated: Passport_EN126.jpg
✅ Generated: Passport_EN127.jpg
✅ Generated: Passport_EN128.jpg
✅ Generated: Passport_EN129.jpg
✅ Generated: Passport_EN130.jpg
✅ Generated: Passport_EN131.jpg
✅ Generated: Passport_EN132.jpg
✅ Generated: Passport_EN133.jpg
✅ Generated: Passport_EN134.jpg
✅ Generated: Passport_EN135.jpg
✅ Generated: Passport_EN136.jpg
✅ Generated: Passport_EN137.jpg
✅ Generated: Passport_EN138.jpg
✅ Generated: Passport_EN139.jpg
✅ Generated: Passport_EN140.jpg
✅ Generated: Passport_EN141.jpg
✅ Generated: Passport_EN142.jpg
✅ Generated: Passport_EN143.jpg
✅ Generated: Passport_EN144.jpg
✅ Generated: Passport_EN145.jpg
✅ Generated: Passport_EN146.jpg
✅ Generated: Passport_EN147.jpg
✅ Generated: Passport_EN148.jpg
✅ Generated: Passport_EN149.jpg
✅ Generated: Passport_EN150.jpg
✅ Generated: Passport_EN151.jpg
✅ Generated: Passport_EN152.jpg
✅ Generated: Passport_EN153.jpg
✅ Generated: Passport_EN154.jpg
✅ Generated: Passport_EN155.jpg
✅ Generated: Passport_EN156.jpg
✅ Generated: Passport_EN157.jpg
✅ Generated: Passport_EN158.jpg
✅ Generated: Passport_EN159.jpg
✅ Generated: Passport_EN160.jpg
✅ Generated: Passport_EN161.jpg
✅ Generated: Passport_EN162.jpg
✅ Generated: Passport_EN163.jpg
✅ Generated: Passport_EN164.jpg
✅ Generated: Passport_EN165.jpg
✅ Generated: Passport_EN166.jpg
✅ Generated: Passport_EN167.jpg
✅ Generated: Passport_EN168.jpg
✅ Generated: Passport_EN169.jpg
✅ Generated: Passport_EN170.jpg
✅ Generated: Passport_EN171.jpg
✅ Generated: Passport_EN172.jpg
✅ Generated: Passport_EN173.jpg
✅ Generated: Passport_EN174.jpg
✅ Generated: Passport_EN175.jpg
✅ Generated: Passport_EN176.jpg
✅ Generated: Passport_EN177.jpg
✅ Generated: Passport_EN178.jpg
✅ Generated: Passport_EN179.jpg
✅ Generated: Passport_EN180.jpg
✅ Generated: Passport_EN181.jpg
✅ Generated: Passport_EN182.jpg
✅ Generated: Passport_EN183.jpg
✅ Generated: Passport_EN184.jpg
✅ Generated: Passport_EN185.jpg
✅ Generated: Passport_EN186.jpg
✅ Generated: Passport_EN187.jpg
✅ Generated: Passport_EN188.jpg
✅ Generated: Passport_EN189.jpg
✅ Generated: Passport_EN190.jpg
✅ Generated: Passport_EN191.jpg
✅ Generated: Passport_EN192.jpg
✅ Generated: Passport_EN193.jpg
✅ Generated: Passport_EN194.jpg
✅ Generated: Passport_EN195.jpg
✅ Generated: Passport_EN196.jpg
✅ Generated: Passport_EN197.jpg
✅ Generated: Passport_EN198.jpg
✅ Generated: Passport_EN199.jpg
✅ Generated: Passport_EN200.jpg
✅ Generated: Passport_EN201.jpg
✅ Generated: Passport_EN202.jpg
✅ Generated: Passport_EN203.jpg
✅ Generated: Passport_EN204.jpg
✅ Generated: Passport_EN205.jpg
✅ Generated: Passport_EN206.jpg
✅ Generated: Passport_EN207.jpg
✅ Generated: Passport_EN208.jpg
✅ Generated: Passport_EN209.jpg
✅ Generated: Passport_EN210.jpg
✅ Generated: Passport_EN211.jpg
✅ Generated: Passport_EN212.jpg
✅ Generated: Passport_EN213.jpg
✅ Generated: Passport_EN214.jpg
✅ Generated: Passport_EN215.jpg
✅ Generated: Passport_EN216.jpg
✅ Generated: Passport_EN217.jpg
✅ Generated: Passport_EN218.jpg
✅ Generated: Passport_EN219.jpg
✅ Generated: Passport_EN220.jpg
✅ Generated: Passport_EN221.jpg
✅ Generated: Passport_EN222.jpg
✅ Generated: Passport_EN223.jpg
✅ Generated: Passport_EN224.jpg
✅ Generated: Passport_EN225.jpg
✅ Generated: Passport_EN226.jpg
✅ Generated: Passport_EN227.jpg
✅ Generated: Passport_EN228.jpg
✅ Generated: Passport_EN229.jpg
✅ Generated: Passport_EN230.jpg
✅ Generated: Passport_EN231.jpg
✅ Generated: Passport_EN232.jpg
✅ Generated: Passport_EN233.jpg
✅ Generated: Passport_EN234.jpg
✅ Generated: Passport_EN235.jpg
✅ Generated: Passport_EN236.jpg
✅ Generated: Passport_EN237.jpg
✅ Generated: Passport_EN238.jpg
✅ Generated: Passport_EN239.jpg
✅ Generated: Passport_EN240.jpg
✅ Generated: Passport_EN241.jpg
✅ Generated: Passport_EN242.jpg
✅ Generated: Passport_EN243.jpg
✅ Generated: Passport_EN244.jpg
✅ Generated: Passport_EN245.jpg
✅ Generated: Passport_EN246.jpg
✅ Generated: Passport_EN247.jpg
✅ Generated: Passport_EN248.jpg
✅ Generated: Passport_EN249.jpg
✅ Generated: Passport_EN250.jpg
✅ Generated: Passport_EN251.jpg
✅ Generated: Passport_EN252.jpg
✅ Generated: Passport_EN253.jpg
✅ Generated: Passport_EN254.jpg
✅ Generated: Passport_EN255.jpg
✅ Generated: Passport_EN256.jpg
✅ Generated: Passport_EN257.jpg
✅ Generated: Passport_EN258.jpg
✅ Generated: Passport_EN259.jpg
✅ Generated: Passport_EN260.jpg
✅ Generated: Passport_EN261.jpg
✅ Generated: Passport_EN262.jpg
✅ Generated: Passport_EN263.jpg
✅ Generated: Passport_EN264.jpg
✅ Generated: Passport_EN265.jpg
✅ Generated: Passport_EN266.jpg
✅ Generated: Passport_EN267.jpg
✅ Generated: Passport_EN268.jpg
✅ Generated: Passport_EN269.jpg
✅ Generated: Passport_EN270.jpg
✅ Generated: Passport_EN271.jpg
✅ Generated: Passport_EN272.jpg
✅ Generated: Passport_EN273.jpg
✅ Generated: Passport_EN274.jpg
✅ Generated: Passport_EN275.jpg
✅ Generated: Passport_EN276.jpg
✅ Generated: Passport_EN277.jpg
✅ Generated: Passport_EN278.jpg
✅ Generated: Passport_EN279.jpg
✅ Generated: Passport_EN280.jpg
✅ Generated: Passport_EN281.jpg
✅ Generated: Passport_EN282.jpg
✅ Generated: Passport_EN283.jpg
✅ Generated: Passport_EN284.jpg
✅ Generated: Passport_EN285.jpg
✅ Generated: Passport_EN286.jpg
✅ Generated: Passport_EN287.jpg
✅ Generated: Passport_EN288.jpg
✅ Generated: Passport_EN289.jpg
✅ Generated: Passport_EN290.jpg
✅ Generated: Passport_EN291.jpg
✅ Generated: Passport_EN292.jpg
✅ Generated: Passport_EN293.jpg
✅ Generated: Passport_EN294.jpg
✅ Generated: Passport_EN295.jpg
✅ Generated: Passport_EN296.jpg
✅ Generated: Passport_EN297.jpg
✅ Generated: Passport_EN298.jpg
✅ Generated: Passport_EN299.jpg
✅ Generated: Passport_EN300.jpg
✅ Generated: Passport_EN301.jpg
✅ Generated: Passport_EN302.jpg
✅ Generated: Passport_EN303.jpg
✅ Generated: Passport_EN304.jpg
✅ Generated: Passport_EN305.jpg
✅ Generated: Passport_EN306.jpg
✅ Generated: Passport_EN307.jpg
✅ Generated: Passport_EN308.jpg
✅ Generated: Passport_EN309.jpg
✅ Generated: Passport_EN310.jpg
✅ Generated: Passport_EN311.jpg
✅ Generated: Passport_EN312.jpg
✅ Generated: Passport_EN313.jpg
✅ Generated: Passport_EN314.jpg
✅ Generated: Passport_EN315.jpg
✅ Generated: Passport_EN316.jpg
✅ Generated: Passport_EN317.jpg
✅ Generated: Passport_EN318.jpg
✅ Generated: Passport_EN319.jpg
✅ Generated: Passport_EN320.jpg
✅ Generated: Passport_EN321.jpg
✅ Generated: Passport_EN322.jpg
✅ Generated: Passport_EN323.jpg
✅ Generated: Passport_EN324.jpg
✅ Generated: Passport_EN325.jpg
✅ Generated: Passport_EN326.jpg
✅ Generated: Passport_EN327.jpg
✅ Generated: Passport_EN328.jpg
✅ Generated: Passport_EN329.jpg
✅ Generated: Passport_EN330.jpg
✅ Generated: Passport_EN331.jpg
✅ Generated: Passport_EN332.jpg
✅ Generated: Passport_EN333.jpg
✅ Generated: Passport_EN334.jpg
✅ Generated: Passport_EN335.jpg
✅ Generated: Passport_EN336.jpg
✅ Generated: Passport_EN337.jpg
✅ Generated: Passport_EN338.jpg
✅ Generated: Passport_EN339.jpg
✅ Generated: Passport_EN340.jpg
✅ Generated: Passport_EN341.jpg
✅ Generated: Passport_EN342.jpg
✅ Generated: Passport_EN343.jpg
✅ Generated: Passport_EN344.jpg
✅ Generated: Passport_EN345.jpg
✅ Generated: Passport_EN346.jpg
✅ Generated: Passport_EN347.jpg
✅ Generated: Passport_EN348.jpg
✅ Generated: Passport_EN349.jpg
✅ Generated: Passport_EN350.jpg
✅ Generated: Passport_EN351.jpg
✅ Generated: Passport_EN352.jpg
✅ Generated: Passport_EN353.jpg
✅ Generated: Passport_EN354.jpg
✅ Generated: Passport_EN355.jpg
✅ Generated: Passport_EN356.jpg
✅ Generated: Passport_EN357.jpg
✅ Generated: Passport_EN358.jpg
✅ Generated: Passport_EN359.jpg
✅ Generated: Passport_EN360.jpg
✅ Generated: Passport_EN361.jpg
✅ Generated: Passport_EN362.jpg
✅ Generated: Passport_EN363.jpg
✅ Generated: Passport_EN364.jpg
✅ Generated: Passport_EN365.jpg
✅ Generated: Passport_EN366.jpg
✅ Generated: Passport_EN367.jpg
✅ Generated: Passport_EN368.jpg
✅ Generated: Passport_EN369.jpg
✅ Generated: Passport_EN370.jpg
✅ Generated: Passport_EN371.jpg
✅ Generated: Passport_EN372.jpg
✅ Generated: Passport_EN373.jpg
✅ Generated: Passport_EN374.jpg
✅ Generated: Passport_EN375.jpg
✅ Generated: Passport_EN376.jpg
✅ Generated: Passport_EN377.jpg
✅ Generated: Passport_EN378.jpg
✅ Generated: Passport_EN379.jpg
✅ Generated: Passport_EN380.jpg
✅ Generated: Passport_EN381.jpg
✅ Generated: Passport_EN382.jpg
✅ Generated: Passport_EN383.jpg
✅ Generated: Passport_EN384.jpg
✅ Generated: Passport_EN385.jpg
✅ Generated: Passport_EN386.jpg
✅ Generated: Passport_EN387.jpg
✅ Generated: Passport_EN388.jpg
✅ Generated: Passport_EN389.jpg
✅ Generated: Passport_EN390.jpg
✅ Generated: Passport_EN391.jpg
✅ Generated: Passport_EN392.jpg
✅ Generated: Passport_EN393.jpg
✅ Generated: Passport_EN394.jpg
✅ Generated: Passport_EN395.jpg
✅ Generated: Passport_EN396.jpg
✅ Generated: Passport_EN397.jpg
✅ Generated: Passport_EN398.jpg
✅ Generated: Passport_EN399.jpg
✅ Generated: Passport_EN400.jpg
✅ Generated: Passport_EN401.jpg
✅ Generated: Passport_EN402.jpg
✅ Generated: Passport_EN403.jpg
✅ Generated: Passport_EN404.jpg
✅ Generated: Passport_EN405.jpg
✅ Generated: Passport_EN406.jpg
✅ Generated: Passport_EN407.jpg
✅ Generated: Passport_EN408.jpg
✅ Generated: Passport_EN409.jpg
✅ Generated: Passport_EN410.jpg
✅ Generated: Passport_EN411.jpg
✅ Generated: Passport_EN412.jpg
✅ Generated: Passport_EN413.jpg
✅ Generated: Passport_EN414.jpg
✅ Generated: Passport_EN415.jpg
✅ Generated: Passport_EN416.jpg
✅ Generated: Passport_EN417.jpg
✅ Generated: Passport_EN418.jpg
✅ Generated: Passport_EN419.jpg
✅ Generated: Passport_EN420.jpg
✅ Generated: Passport_EN421.jpg
✅ Generated: Passport_EN422.jpg
✅ Generated: Passport_EN423.jpg
✅ Generated: Passport_EN424.jpg
✅ Generated: Passport_EN425.jpg
✅ Generated: Passport_EN426.jpg
✅ Generated: Passport_EN427.jpg
✅ Generated: Passport_EN428.jpg
✅ Generated: Passport_EN429.jpg
✅ Generated: Passport_EN430.jpg
✅ Generated: Passport_EN431.jpg
✅ Generated: Passport_EN432.jpg
✅ Generated: Passport_EN433.jpg
✅ Generated: Passport_EN434.jpg
✅ Generated: Passport_EN435.jpg
✅ Generated: Passport_EN436.jpg
✅ Generated: Passport_EN437.jpg
✅ Generated: Passport_EN438.jpg
✅ Generated: Passport_EN439.jpg
✅ Generated: Passport_EN440.jpg
✅ Generated: Passport_EN441.jpg
✅ Generated: Passport_EN442.jpg
✅ Generated: Passport_EN443.jpg
✅ Generated: Passport_EN444.jpg
✅ Generated: Passport_EN445.jpg
✅ Generated: Passport_EN446.jpg
✅ Generated: Passport_EN447.jpg
✅ Generated: Passport_EN448.jpg
✅ Generated: Passport_EN449.jpg
✅ Generated: Passport_EN450.jpg
✅ Generated: Passport_EN451.jpg
✅ Generated: Passport_EN452.jpg
✅ Generated: Passport_EN453.jpg
✅ Generated: Passport_EN454.jpg
✅ Generated: Passport_EN455.jpg
✅ Generated: Passport_EN456.jpg
✅ Generated: Passport_EN457.jpg
✅ Generated: Passport_EN458.jpg
✅ Generated: Passport_EN459.jpg
✅ Generated: Passport_EN460.jpg
✅ Generated: Passport_EN461.jpg
✅ Generated: Passport_EN462.jpg
✅ Generated: Passport_EN463.jpg
✅ Generated: Passport_EN464.jpg
✅ Generated: Passport_EN465.jpg
✅ Generated: Passport_EN466.jpg
✅ Generated: Passport_EN467.jpg
✅ Generated: Passport_EN468.jpg
✅ Generated: Passport_EN469.jpg
✅ Generated: Passport_EN470.jpg
✅ Generated: Passport_EN471.jpg
✅ Generated: Passport_EN472.jpg
✅ Generated: Passport_EN473.jpg
✅ Generated: Passport_EN474.jpg
✅ Generated: Passport_EN475.jpg
✅ Generated: Passport_EN476.jpg
✅ Generated: Passport_EN477.jpg
✅ Generated: Passport_EN478.jpg
✅ Generated: Passport_EN479.jpg
✅ Generated: Passport_EN480.jpg
✅ Generated: Passport_EN481.jpg
✅ Generated: Passport_EN482.jpg
✅ Generated: Passport_EN483.jpg
✅ Generated: Passport_EN484.jpg
✅ Generated: Passport_EN485.jpg
✅ Generated: Passport_EN486.jpg
✅ Generated: Passport_EN487.jpg
✅ Generated: Passport_EN488.jpg
✅ Generated: Passport_EN489.jpg
✅ Generated: Passport_EN490.jpg
✅ Generated: Passport_EN491.jpg
✅ Generated: Passport_EN492.jpg
✅ Generated: Passport_EN493.jpg
✅ Generated: Passport_EN494.jpg
✅ Generated: Passport_EN495.jpg
✅ Generated: Passport_EN496.jpg
✅ Generated: Passport_EN497.jpg
✅ Generated: Passport_EN498.jpg
✅ Generated: Passport_EN499.jpg
✅ Generated: Passport_EN500.jpg

✨ Completed! Check output at: /lustrefs/disk/project/lt200393-foullm/Yanakorn_Peach/Dataset/Passport/output
✅ Job Finished!
