Job started at: 2026-01-05 10:46:34
Running "module reset". Resetting modules to system default. The following $MODULEPATH directories have been removed: None

Lmod is automatically replacing "cce/19.0.0" with "gcc-native/14.2".


Lmod is automatically replacing "PrgEnv-cray/8.6.0" with "PrgEnv-gnu/8.6.0".


Due to MODULEPATH changes, the following have been reloaded:
  1) cray-libsci/25.03.0     2) cray-mpich/8.1.32


Lmod is automatically replacing "gcc-native/14.2" with "gcc/12.2.0".


The following have been reloaded with a version change:
  1) cray-libsci/25.03.0 => cray-libsci/23.09.1.1
  2) cray-mpich/8.1.32 => cray-mpich/8.1.27

/project/lt200393-foullm/train/unslot/env/bin/python
🚀 Running Passport Generator Script...
🚀 Starting Passport Generation...
📂 Linking Driving License Assets: /lustrefs/disk/project/lt200393-foullm/Yanakorn_Peach/Dataset/Driving_license
✅ Generated: real_v57_ultra_bold_001.jpg
✅ Generated: real_v57_ultra_bold_002.jpg
✅ Generated: real_v57_ultra_bold_003.jpg
✅ Generated: real_v57_ultra_bold_004.jpg
✅ Generated: real_v57_ultra_bold_005.jpg

✨ Completed! Check output at: /lustrefs/disk/project/lt200393-foullm/Yanakorn_Peach/Dataset/Passport/output
✅ Job Finished!
