Job started at: 2026-01-05 09:57:23
Running "module reset". Resetting modules to system default. The following $MODULEPATH directories have been removed: None

Lmod is automatically replacing "cce/19.0.0" with "gcc-native/14.2".


Lmod is automatically replacing "PrgEnv-cray/8.6.0" with "PrgEnv-gnu/8.6.0".


Due to MODULEPATH changes, the following have been reloaded:
  1) cray-libsci/25.03.0     2) cray-mpich/8.1.32


Lmod is automatically replacing "gcc-native/14.2" with "gcc/12.2.0".


The following have been reloaded with a version change:
  1) cray-libsci/25.03.0 => cray-libsci/23.09.1.1
  2) cray-mpich/8.1.32 => cray-mpich/8.1.27

/project/lt200393-foullm/train/unslot/env/bin/python
Defaulting to user installation because normal site-packages is not writeable
Requirement already satisfied: pillow in /project/lt200393-foullm/train/unslot/env/lib/python3.11/site-packages (11.3.0)
🚀 Running Generator Script...
🚀 เริ่มสร้างใบขับขี่ (Colab Metallic Hologram Style)...
📦 เจอรูปต้นฉบับ: 48 รูป | เป้าหมาย: 500 ใบ
✅ Generated: /project/lt200393-foullm/Yanakorn_Peach/Dataset/Driving_license/output_test/Lic_ColabHolo_0001_Man_face_smart_002.jpg
✅ Generated: /project/lt200393-foullm/Yanakorn_Peach/Dataset/Driving_license/output_test/Lic_ColabHolo_0002_Man_face_smart_016.jpg
✅ Generated: /project/lt200393-foullm/Yanakorn_Peach/Dataset/Driving_license/output_test/Lic_ColabHolo_0003_Man_face_smart_005.jpg
✅ Generated: /project/lt200393-foullm/Yanakorn_Peach/Dataset/Driving_license/output_test/Lic_ColabHolo_0004_Man_face_smart_025.jpg
✅ Generated: /project/lt200393-foullm/Yanakorn_Peach/Dataset/Driving_license/output_test/Lic_ColabHolo_0005_Man_face_smart_022.jpg
✅ Generated: /project/lt200393-foullm/Yanakorn_Peach/Dataset/Driving_license/output_test/Lic_ColabHolo_0006_Man_face_smart_035.jpg
✅ Generated: /project/lt200393-foullm/Yanakorn_Peach/Dataset/Driving_license/output_test/Lic_ColabHolo_0007_Man_face_smart_000.jpg
✅ Generated: /project/lt200393-foullm/Yanakorn_Peach/Dataset/Driving_license/output_test/Lic_ColabHolo_0008_Man_face_smart_012.jpg
✅ Generated: /project/lt200393-foullm/Yanakorn_Peach/Dataset/Driving_license/output_test/Lic_ColabHolo_0009_Man_face_smart_010.jpg
✅ Generated: /project/lt200393-foullm/Yanakorn_Peach/Dataset/Driving_license/output_test/Lic_ColabHolo_0010_Man_face_smart_038.jpg
⏳ สร้างไปแล้ว 10...
✅ Generated: /project/lt200393-foullm/Yanakorn_Peach/Dataset/Driving_license/output_test/Lic_ColabHolo_0011_Man_face_smart_036.jpg
✅ Generated: /project/lt200393-foullm/Yanakorn_Peach/Dataset/Driving_license/output_test/Lic_ColabHolo_0012_Man_face_smart_002.jpg
✅ Generated: /project/lt200393-foullm/Yanakorn_Peach/Dataset/Driving_license/output_test/Lic_ColabHolo_0013_Man_face_smart_004.jpg
✅ Generated: /project/lt200393-foullm/Yanakorn_Peach/Dataset/Driving_license/output_test/Lic_ColabHolo_0014_Man_face_smart_027.jpg
✅ Generated: /project/lt200393-foullm/Yanakorn_Peach/Dataset/Driving_license/output_test/Lic_ColabHolo_0015_Man_face_smart_045.jpg
✅ Generated: /project/lt200393-foullm/Yanakorn_Peach/Dataset/Driving_license/output_test/Lic_ColabHolo_0016_Man_face_smart_025.jpg
✅ Generated: /project/lt200393-foullm/Yanakorn_Peach/Dataset/Driving_license/output_test/Lic_ColabHolo_0017_Man_face_smart_010.jpg
✅ Generated: /project/lt200393-foullm/Yanakorn_Peach/Dataset/Driving_license/output_test/Lic_ColabHolo_0018_Man_face_smart_045.jpg
✅ Generated: /project/lt200393-foullm/Yanakorn_Peach/Dataset/Driving_license/output_test/Lic_ColabHolo_0019_Man_face_smart_045.jpg
✅ Generated: /project/lt200393-foullm/Yanakorn_Peach/Dataset/Driving_license/output_test/Lic_ColabHolo_0020_Man_face_smart_037.jpg
⏳ สร้างไปแล้ว 20...
✅ Generated: /project/lt200393-foullm/Yanakorn_Peach/Dataset/Driving_license/output_test/Lic_ColabHolo_0021_Man_face_smart_021.jpg
✅ Generated: /project/lt200393-foullm/Yanakorn_Peach/Dataset/Driving_license/output_test/Lic_ColabHolo_0022_Man_face_smart_012.jpg
✅ Generated: /project/lt200393-foullm/Yanakorn_Peach/Dataset/Driving_license/output_test/Lic_ColabHolo_0023_Man_face_smart_032.jpg
✅ Generated: /project/lt200393-foullm/Yanakorn_Peach/Dataset/Driving_license/output_test/Lic_ColabHolo_0024_Man_face_smart_036.jpg
✅ Generated: /project/lt200393-foullm/Yanakorn_Peach/Dataset/Driving_license/output_test/Lic_ColabHolo_0025_Man_face_smart_010.jpg
✅ Generated: /project/lt200393-foullm/Yanakorn_Peach/Dataset/Driving_license/output_test/Lic_ColabHolo_0026_Man_face_smart_028.jpg
✅ Generated: /project/lt200393-foullm/Yanakorn_Peach/Dataset/Driving_license/output_test/Lic_ColabHolo_0027_Man_face_smart_012.jpg
✅ Generated: /project/lt200393-foullm/Yanakorn_Peach/Dataset/Driving_license/output_test/Lic_ColabHolo_0028_Man_face_smart_027.jpg
✅ Generated: /project/lt200393-foullm/Yanakorn_Peach/Dataset/Driving_license/output_test/Lic_ColabHolo_0029_Man_face_smart_036.jpg
✅ Generated: /project/lt200393-foullm/Yanakorn_Peach/Dataset/Driving_license/output_test/Lic_ColabHolo_0030_Man_face_smart_017.jpg
⏳ สร้างไปแล้ว 30...
✅ Generated: /project/lt200393-foullm/Yanakorn_Peach/Dataset/Driving_license/output_test/Lic_ColabHolo_0031_Man_face_smart_031.jpg
✅ Generated: /project/lt200393-foullm/Yanakorn_Peach/Dataset/Driving_license/output_test/Lic_ColabHolo_0032_Man_face_smart_003.jpg
✅ Generated: /project/lt200393-foullm/Yanakorn_Peach/Dataset/Driving_license/output_test/Lic_ColabHolo_0033_Man_face_smart_006.jpg
✅ Generated: /project/lt200393-foullm/Yanakorn_Peach/Dataset/Driving_license/output_test/Lic_ColabHolo_0034_Man_face_smart_026.jpg
✅ Generated: /project/lt200393-foullm/Yanakorn_Peach/Dataset/Driving_license/output_test/Lic_ColabHolo_0035_Man_face_smart_021.jpg
✅ Generated: /project/lt200393-foullm/Yanakorn_Peach/Dataset/Driving_license/output_test/Lic_ColabHolo_0036_Man_face_smart_034.jpg
✅ Generated: /project/lt200393-foullm/Yanakorn_Peach/Dataset/Driving_license/output_test/Lic_ColabHolo_0037_Man_face_smart_014.jpg
✅ Generated: /project/lt200393-foullm/Yanakorn_Peach/Dataset/Driving_license/output_test/Lic_ColabHolo_0038_Man_face_smart_032.jpg
✅ Generated: /project/lt200393-foullm/Yanakorn_Peach/Dataset/Driving_license/output_test/Lic_ColabHolo_0039_Man_face_smart_037.jpg
✅ Generated: /project/lt200393-foullm/Yanakorn_Peach/Dataset/Driving_license/output_test/Lic_ColabHolo_0040_Man_face_smart_028.jpg
⏳ สร้างไปแล้ว 40...
✅ Generated: /project/lt200393-foullm/Yanakorn_Peach/Dataset/Driving_license/output_test/Lic_ColabHolo_0041_Man_face_smart_015.jpg
✅ Generated: /project/lt200393-foullm/Yanakorn_Peach/Dataset/Driving_license/output_test/Lic_ColabHolo_0042_Man_face_smart_013.jpg
✅ Generated: /project/lt200393-foullm/Yanakorn_Peach/Dataset/Driving_license/output_test/Lic_ColabHolo_0043_Man_face_smart_039.jpg
✅ Generated: /project/lt200393-foullm/Yanakorn_Peach/Dataset/Driving_license/output_test/Lic_ColabHolo_0044_Man_face_smart_010.jpg
✅ Generated: /project/lt200393-foullm/Yanakorn_Peach/Dataset/Driving_license/output_test/Lic_ColabHolo_0045_Man_face_smart_008.jpg
✅ Generated: /project/lt200393-foullm/Yanakorn_Peach/Dataset/Driving_license/output_test/Lic_ColabHolo_0046_Man_face_smart_011.jpg
✅ Generated: /project/lt200393-foullm/Yanakorn_Peach/Dataset/Driving_license/output_test/Lic_ColabHolo_0047_Man_face_smart_003.jpg
✅ Generated: /project/lt200393-foullm/Yanakorn_Peach/Dataset/Driving_license/output_test/Lic_ColabHolo_0048_Man_face_smart_010.jpg
✅ Generated: /project/lt200393-foullm/Yanakorn_Peach/Dataset/Driving_license/output_test/Lic_ColabHolo_0049_Man_face_smart_023.jpg
✅ Generated: /project/lt200393-foullm/Yanakorn_Peach/Dataset/Driving_license/output_test/Lic_ColabHolo_0050_Man_face_smart_030.jpg
⏳ สร้างไปแล้ว 50...
✅ Generated: /project/lt200393-foullm/Yanakorn_Peach/Dataset/Driving_license/output_test/Lic_ColabHolo_0051_Man_face_smart_008.jpg
✅ Generated: /project/lt200393-foullm/Yanakorn_Peach/Dataset/Driving_license/output_test/Lic_ColabHolo_0052_Man_face_smart_016.jpg
✅ Generated: /project/lt200393-foullm/Yanakorn_Peach/Dataset/Driving_license/output_test/Lic_ColabHolo_0053_Man_face_smart_001.jpg
✅ Generated: /project/lt200393-foullm/Yanakorn_Peach/Dataset/Driving_license/output_test/Lic_ColabHolo_0054_Man_face_smart_045.jpg
✅ Generated: /project/lt200393-foullm/Yanakorn_Peach/Dataset/Driving_license/output_test/Lic_ColabHolo_0055_Man_face_smart_026.jpg
✅ Generated: /project/lt200393-foullm/Yanakorn_Peach/Dataset/Driving_license/output_test/Lic_ColabHolo_0056_Man_face_smart_003.jpg
✅ Generated: /project/lt200393-foullm/Yanakorn_Peach/Dataset/Driving_license/output_test/Lic_ColabHolo_0057_Man_face_smart_031.jpg
✅ Generated: /project/lt200393-foullm/Yanakorn_Peach/Dataset/Driving_license/output_test/Lic_ColabHolo_0058_Man_face_smart_016.jpg
✅ Generated: /project/lt200393-foullm/Yanakorn_Peach/Dataset/Driving_license/output_test/Lic_ColabHolo_0059_Man_face_smart_029.jpg
✅ Generated: /project/lt200393-foullm/Yanakorn_Peach/Dataset/Driving_license/output_test/Lic_ColabHolo_0060_Man_face_smart_013.jpg
⏳ สร้างไปแล้ว 60...
✅ Generated: /project/lt200393-foullm/Yanakorn_Peach/Dataset/Driving_license/output_test/Lic_ColabHolo_0061_Man_face_smart_041.jpg
✅ Generated: /project/lt200393-foullm/Yanakorn_Peach/Dataset/Driving_license/output_test/Lic_ColabHolo_0062_Man_face_smart_026.jpg
✅ Generated: /project/lt200393-foullm/Yanakorn_Peach/Dataset/Driving_license/output_test/Lic_ColabHolo_0063_Man_face_smart_032.jpg
✅ Generated: /project/lt200393-foullm/Yanakorn_Peach/Dataset/Driving_license/output_test/Lic_ColabHolo_0064_Man_face_smart_009.jpg
✅ Generated: /project/lt200393-foullm/Yanakorn_Peach/Dataset/Driving_license/output_test/Lic_ColabHolo_0065_Man_face_smart_046.jpg
✅ Generated: /project/lt200393-foullm/Yanakorn_Peach/Dataset/Driving_license/output_test/Lic_ColabHolo_0066_Man_face_smart_014.jpg
✅ Generated: /project/lt200393-foullm/Yanakorn_Peach/Dataset/Driving_license/output_test/Lic_ColabHolo_0067_Man_face_smart_031.jpg
✅ Generated: /project/lt200393-foullm/Yanakorn_Peach/Dataset/Driving_license/output_test/Lic_ColabHolo_0068_Man_face_smart_043.jpg
✅ Generated: /project/lt200393-foullm/Yanakorn_Peach/Dataset/Driving_license/output_test/Lic_ColabHolo_0069_Man_face_smart_046.jpg
✅ Generated: /project/lt200393-foullm/Yanakorn_Peach/Dataset/Driving_license/output_test/Lic_ColabHolo_0070_Man_face_smart_041.jpg
⏳ สร้างไปแล้ว 70...
✅ Generated: /project/lt200393-foullm/Yanakorn_Peach/Dataset/Driving_license/output_test/Lic_ColabHolo_0071_Man_face_smart_045.jpg
✅ Generated: /project/lt200393-foullm/Yanakorn_Peach/Dataset/Driving_license/output_test/Lic_ColabHolo_0072_Man_face_smart_043.jpg
✅ Generated: /project/lt200393-foullm/Yanakorn_Peach/Dataset/Driving_license/output_test/Lic_ColabHolo_0073_Man_face_smart_023.jpg
✅ Generated: /project/lt200393-foullm/Yanakorn_Peach/Dataset/Driving_license/output_test/Lic_ColabHolo_0074_Man_face_smart_027.jpg
✅ Generated: /project/lt200393-foullm/Yanakorn_Peach/Dataset/Driving_license/output_test/Lic_ColabHolo_0075_Man_face_smart_030.jpg
✅ Generated: /project/lt200393-foullm/Yanakorn_Peach/Dataset/Driving_license/output_test/Lic_ColabHolo_0076_Man_face_smart_037.jpg
✅ Generated: /project/lt200393-foullm/Yanakorn_Peach/Dataset/Driving_license/output_test/Lic_ColabHolo_0077_Man_face_smart_038.jpg
✅ Generated: /project/lt200393-foullm/Yanakorn_Peach/Dataset/Driving_license/output_test/Lic_ColabHolo_0078_Man_face_smart_019.jpg
✅ Generated: /project/lt200393-foullm/Yanakorn_Peach/Dataset/Driving_license/output_test/Lic_ColabHolo_0079_Man_face_smart_018.jpg
✅ Generated: /project/lt200393-foullm/Yanakorn_Peach/Dataset/Driving_license/output_test/Lic_ColabHolo_0080_Man_face_smart_007.jpg
⏳ สร้างไปแล้ว 80...
✅ Generated: /project/lt200393-foullm/Yanakorn_Peach/Dataset/Driving_license/output_test/Lic_ColabHolo_0081_Man_face_smart_031.jpg
✅ Generated: /project/lt200393-foullm/Yanakorn_Peach/Dataset/Driving_license/output_test/Lic_ColabHolo_0082_Man_face_smart_032.jpg
✅ Generated: /project/lt200393-foullm/Yanakorn_Peach/Dataset/Driving_license/output_test/Lic_ColabHolo_0083_Man_face_smart_038.jpg
✅ Generated: /project/lt200393-foullm/Yanakorn_Peach/Dataset/Driving_license/output_test/Lic_ColabHolo_0084_Man_face_smart_004.jpg
✅ Generated: /project/lt200393-foullm/Yanakorn_Peach/Dataset/Driving_license/output_test/Lic_ColabHolo_0085_Man_face_smart_045.jpg
✅ Generated: /project/lt200393-foullm/Yanakorn_Peach/Dataset/Driving_license/output_test/Lic_ColabHolo_0086_Man_face_smart_037.jpg
✅ Generated: /project/lt200393-foullm/Yanakorn_Peach/Dataset/Driving_license/output_test/Lic_ColabHolo_0087_Man_face_smart_022.jpg
✅ Generated: /project/lt200393-foullm/Yanakorn_Peach/Dataset/Driving_license/output_test/Lic_ColabHolo_0088_Man_face_smart_007.jpg
✅ Generated: /project/lt200393-foullm/Yanakorn_Peach/Dataset/Driving_license/output_test/Lic_ColabHolo_0089_Man_face_smart_001.jpg
✅ Generated: /project/lt200393-foullm/Yanakorn_Peach/Dataset/Driving_license/output_test/Lic_ColabHolo_0090_Man_face_smart_032.jpg
⏳ สร้างไปแล้ว 90...
✅ Generated: /project/lt200393-foullm/Yanakorn_Peach/Dataset/Driving_license/output_test/Lic_ColabHolo_0091_Man_face_smart_016.jpg
✅ Generated: /project/lt200393-foullm/Yanakorn_Peach/Dataset/Driving_license/output_test/Lic_ColabHolo_0092_Man_face_smart_019.jpg
✅ Generated: /project/lt200393-foullm/Yanakorn_Peach/Dataset/Driving_license/output_test/Lic_ColabHolo_0093_Man_face_smart_011.jpg
✅ Generated: /project/lt200393-foullm/Yanakorn_Peach/Dataset/Driving_license/output_test/Lic_ColabHolo_0094_Man_face_smart_025.jpg
✅ Generated: /project/lt200393-foullm/Yanakorn_Peach/Dataset/Driving_license/output_test/Lic_ColabHolo_0095_Man_face_smart_025.jpg
✅ Generated: /project/lt200393-foullm/Yanakorn_Peach/Dataset/Driving_license/output_test/Lic_ColabHolo_0096_Man_face_smart_010.jpg
✅ Generated: /project/lt200393-foullm/Yanakorn_Peach/Dataset/Driving_license/output_test/Lic_ColabHolo_0097_Man_face_smart_000.jpg
✅ Generated: /project/lt200393-foullm/Yanakorn_Peach/Dataset/Driving_license/output_test/Lic_ColabHolo_0098_Man_face_smart_047.jpg
✅ Generated: /project/lt200393-foullm/Yanakorn_Peach/Dataset/Driving_license/output_test/Lic_ColabHolo_0099_Man_face_smart_038.jpg
✅ Generated: /project/lt200393-foullm/Yanakorn_Peach/Dataset/Driving_license/output_test/Lic_ColabHolo_0100_Man_face_smart_023.jpg
⏳ สร้างไปแล้ว 100...
✅ Generated: /project/lt200393-foullm/Yanakorn_Peach/Dataset/Driving_license/output_test/Lic_ColabHolo_0101_Man_face_smart_028.jpg
✅ Generated: /project/lt200393-foullm/Yanakorn_Peach/Dataset/Driving_license/output_test/Lic_ColabHolo_0102_Man_face_smart_001.jpg
✅ Generated: /project/lt200393-foullm/Yanakorn_Peach/Dataset/Driving_license/output_test/Lic_ColabHolo_0103_Man_face_smart_024.jpg
✅ Generated: /project/lt200393-foullm/Yanakorn_Peach/Dataset/Driving_license/output_test/Lic_ColabHolo_0104_Man_face_smart_011.jpg
✅ Generated: /project/lt200393-foullm/Yanakorn_Peach/Dataset/Driving_license/output_test/Lic_ColabHolo_0105_Man_face_smart_014.jpg
✅ Generated: /project/lt200393-foullm/Yanakorn_Peach/Dataset/Driving_license/output_test/Lic_ColabHolo_0106_Man_face_smart_008.jpg
✅ Generated: /project/lt200393-foullm/Yanakorn_Peach/Dataset/Driving_license/output_test/Lic_ColabHolo_0107_Man_face_smart_013.jpg
✅ Generated: /project/lt200393-foullm/Yanakorn_Peach/Dataset/Driving_license/output_test/Lic_ColabHolo_0108_Man_face_smart_043.jpg
✅ Generated: /project/lt200393-foullm/Yanakorn_Peach/Dataset/Driving_license/output_test/Lic_ColabHolo_0109_Man_face_smart_010.jpg
✅ Generated: /project/lt200393-foullm/Yanakorn_Peach/Dataset/Driving_license/output_test/Lic_ColabHolo_0110_Man_face_smart_045.jpg
⏳ สร้างไปแล้ว 110...
✅ Generated: /project/lt200393-foullm/Yanakorn_Peach/Dataset/Driving_license/output_test/Lic_ColabHolo_0111_Man_face_smart_018.jpg
✅ Generated: /project/lt200393-foullm/Yanakorn_Peach/Dataset/Driving_license/output_test/Lic_ColabHolo_0112_Man_face_smart_018.jpg
✅ Generated: /project/lt200393-foullm/Yanakorn_Peach/Dataset/Driving_license/output_test/Lic_ColabHolo_0113_Man_face_smart_040.jpg
✅ Generated: /project/lt200393-foullm/Yanakorn_Peach/Dataset/Driving_license/output_test/Lic_ColabHolo_0114_Man_face_smart_028.jpg
✅ Generated: /project/lt200393-foullm/Yanakorn_Peach/Dataset/Driving_license/output_test/Lic_ColabHolo_0115_Man_face_smart_005.jpg
✅ Generated: /project/lt200393-foullm/Yanakorn_Peach/Dataset/Driving_license/output_test/Lic_ColabHolo_0116_Man_face_smart_013.jpg
✅ Generated: /project/lt200393-foullm/Yanakorn_Peach/Dataset/Driving_license/output_test/Lic_ColabHolo_0117_Man_face_smart_047.jpg
✅ Generated: /project/lt200393-foullm/Yanakorn_Peach/Dataset/Driving_license/output_test/Lic_ColabHolo_0118_Man_face_smart_033.jpg
✅ Generated: /project/lt200393-foullm/Yanakorn_Peach/Dataset/Driving_license/output_test/Lic_ColabHolo_0119_Man_face_smart_009.jpg
✅ Generated: /project/lt200393-foullm/Yanakorn_Peach/Dataset/Driving_license/output_test/Lic_ColabHolo_0120_Man_face_smart_006.jpg
⏳ สร้างไปแล้ว 120...
✅ Generated: /project/lt200393-foullm/Yanakorn_Peach/Dataset/Driving_license/output_test/Lic_ColabHolo_0121_Man_face_smart_022.jpg
✅ Generated: /project/lt200393-foullm/Yanakorn_Peach/Dataset/Driving_license/output_test/Lic_ColabHolo_0122_Man_face_smart_025.jpg
✅ Generated: /project/lt200393-foullm/Yanakorn_Peach/Dataset/Driving_license/output_test/Lic_ColabHolo_0123_Man_face_smart_021.jpg
✅ Generated: /project/lt200393-foullm/Yanakorn_Peach/Dataset/Driving_license/output_test/Lic_ColabHolo_0124_Man_face_smart_024.jpg
✅ Generated: /project/lt200393-foullm/Yanakorn_Peach/Dataset/Driving_license/output_test/Lic_ColabHolo_0125_Man_face_smart_044.jpg
✅ Generated: /project/lt200393-foullm/Yanakorn_Peach/Dataset/Driving_license/output_test/Lic_ColabHolo_0126_Man_face_smart_028.jpg
✅ Generated: /project/lt200393-foullm/Yanakorn_Peach/Dataset/Driving_license/output_test/Lic_ColabHolo_0127_Man_face_smart_023.jpg
✅ Generated: /project/lt200393-foullm/Yanakorn_Peach/Dataset/Driving_license/output_test/Lic_ColabHolo_0128_Man_face_smart_016.jpg
✅ Generated: /project/lt200393-foullm/Yanakorn_Peach/Dataset/Driving_license/output_test/Lic_ColabHolo_0129_Man_face_smart_038.jpg
✅ Generated: /project/lt200393-foullm/Yanakorn_Peach/Dataset/Driving_license/output_test/Lic_ColabHolo_0130_Man_face_smart_033.jpg
⏳ สร้างไปแล้ว 130...
✅ Generated: /project/lt200393-foullm/Yanakorn_Peach/Dataset/Driving_license/output_test/Lic_ColabHolo_0131_Man_face_smart_007.jpg
✅ Generated: /project/lt200393-foullm/Yanakorn_Peach/Dataset/Driving_license/output_test/Lic_ColabHolo_0132_Man_face_smart_025.jpg
✅ Generated: /project/lt200393-foullm/Yanakorn_Peach/Dataset/Driving_license/output_test/Lic_ColabHolo_0133_Man_face_smart_007.jpg
✅ Generated: /project/lt200393-foullm/Yanakorn_Peach/Dataset/Driving_license/output_test/Lic_ColabHolo_0134_Man_face_smart_045.jpg
✅ Generated: /project/lt200393-foullm/Yanakorn_Peach/Dataset/Driving_license/output_test/Lic_ColabHolo_0135_Man_face_smart_016.jpg
✅ Generated: /project/lt200393-foullm/Yanakorn_Peach/Dataset/Driving_license/output_test/Lic_ColabHolo_0136_Man_face_smart_034.jpg
✅ Generated: /project/lt200393-foullm/Yanakorn_Peach/Dataset/Driving_license/output_test/Lic_ColabHolo_0137_Man_face_smart_043.jpg
✅ Generated: /project/lt200393-foullm/Yanakorn_Peach/Dataset/Driving_license/output_test/Lic_ColabHolo_0138_Man_face_smart_003.jpg
✅ Generated: /project/lt200393-foullm/Yanakorn_Peach/Dataset/Driving_license/output_test/Lic_ColabHolo_0139_Man_face_smart_032.jpg
✅ Generated: /project/lt200393-foullm/Yanakorn_Peach/Dataset/Driving_license/output_test/Lic_ColabHolo_0140_Man_face_smart_014.jpg
⏳ สร้างไปแล้ว 140...
✅ Generated: /project/lt200393-foullm/Yanakorn_Peach/Dataset/Driving_license/output_test/Lic_ColabHolo_0141_Man_face_smart_031.jpg
✅ Generated: /project/lt200393-foullm/Yanakorn_Peach/Dataset/Driving_license/output_test/Lic_ColabHolo_0142_Man_face_smart_029.jpg
✅ Generated: /project/lt200393-foullm/Yanakorn_Peach/Dataset/Driving_license/output_test/Lic_ColabHolo_0143_Man_face_smart_022.jpg
✅ Generated: /project/lt200393-foullm/Yanakorn_Peach/Dataset/Driving_license/output_test/Lic_ColabHolo_0144_Man_face_smart_007.jpg
✅ Generated: /project/lt200393-foullm/Yanakorn_Peach/Dataset/Driving_license/output_test/Lic_ColabHolo_0145_Man_face_smart_003.jpg
✅ Generated: /project/lt200393-foullm/Yanakorn_Peach/Dataset/Driving_license/output_test/Lic_ColabHolo_0146_Man_face_smart_045.jpg
✅ Generated: /project/lt200393-foullm/Yanakorn_Peach/Dataset/Driving_license/output_test/Lic_ColabHolo_0147_Man_face_smart_003.jpg
✅ Generated: /project/lt200393-foullm/Yanakorn_Peach/Dataset/Driving_license/output_test/Lic_ColabHolo_0148_Man_face_smart_045.jpg
✅ Generated: /project/lt200393-foullm/Yanakorn_Peach/Dataset/Driving_license/output_test/Lic_ColabHolo_0149_Man_face_smart_023.jpg
✅ Generated: /project/lt200393-foullm/Yanakorn_Peach/Dataset/Driving_license/output_test/Lic_ColabHolo_0150_Man_face_smart_045.jpg
⏳ สร้างไปแล้ว 150...
✅ Generated: /project/lt200393-foullm/Yanakorn_Peach/Dataset/Driving_license/output_test/Lic_ColabHolo_0151_Man_face_smart_014.jpg
✅ Generated: /project/lt200393-foullm/Yanakorn_Peach/Dataset/Driving_license/output_test/Lic_ColabHolo_0152_Man_face_smart_019.jpg
✅ Generated: /project/lt200393-foullm/Yanakorn_Peach/Dataset/Driving_license/output_test/Lic_ColabHolo_0153_Man_face_smart_011.jpg
✅ Generated: /project/lt200393-foullm/Yanakorn_Peach/Dataset/Driving_license/output_test/Lic_ColabHolo_0154_Man_face_smart_011.jpg
✅ Generated: /project/lt200393-foullm/Yanakorn_Peach/Dataset/Driving_license/output_test/Lic_ColabHolo_0155_Man_face_smart_032.jpg
✅ Generated: /project/lt200393-foullm/Yanakorn_Peach/Dataset/Driving_license/output_test/Lic_ColabHolo_0156_Man_face_smart_045.jpg
✅ Generated: /project/lt200393-foullm/Yanakorn_Peach/Dataset/Driving_license/output_test/Lic_ColabHolo_0157_Man_face_smart_036.jpg
✅ Generated: /project/lt200393-foullm/Yanakorn_Peach/Dataset/Driving_license/output_test/Lic_ColabHolo_0158_Man_face_smart_013.jpg
✅ Generated: /project/lt200393-foullm/Yanakorn_Peach/Dataset/Driving_license/output_test/Lic_ColabHolo_0159_Man_face_smart_016.jpg
✅ Generated: /project/lt200393-foullm/Yanakorn_Peach/Dataset/Driving_license/output_test/Lic_ColabHolo_0160_Man_face_smart_025.jpg
⏳ สร้างไปแล้ว 160...
✅ Generated: /project/lt200393-foullm/Yanakorn_Peach/Dataset/Driving_license/output_test/Lic_ColabHolo_0161_Man_face_smart_021.jpg
✅ Generated: /project/lt200393-foullm/Yanakorn_Peach/Dataset/Driving_license/output_test/Lic_ColabHolo_0162_Man_face_smart_029.jpg
✅ Generated: /project/lt200393-foullm/Yanakorn_Peach/Dataset/Driving_license/output_test/Lic_ColabHolo_0163_Man_face_smart_024.jpg
✅ Generated: /project/lt200393-foullm/Yanakorn_Peach/Dataset/Driving_license/output_test/Lic_ColabHolo_0164_Man_face_smart_046.jpg
✅ Generated: /project/lt200393-foullm/Yanakorn_Peach/Dataset/Driving_license/output_test/Lic_ColabHolo_0165_Man_face_smart_032.jpg
✅ Generated: /project/lt200393-foullm/Yanakorn_Peach/Dataset/Driving_license/output_test/Lic_ColabHolo_0166_Man_face_smart_015.jpg
✅ Generated: /project/lt200393-foullm/Yanakorn_Peach/Dataset/Driving_license/output_test/Lic_ColabHolo_0167_Man_face_smart_009.jpg
✅ Generated: /project/lt200393-foullm/Yanakorn_Peach/Dataset/Driving_license/output_test/Lic_ColabHolo_0168_Man_face_smart_012.jpg
✅ Generated: /project/lt200393-foullm/Yanakorn_Peach/Dataset/Driving_license/output_test/Lic_ColabHolo_0169_Man_face_smart_003.jpg
✅ Generated: /project/lt200393-foullm/Yanakorn_Peach/Dataset/Driving_license/output_test/Lic_ColabHolo_0170_Man_face_smart_020.jpg
⏳ สร้างไปแล้ว 170...
✅ Generated: /project/lt200393-foullm/Yanakorn_Peach/Dataset/Driving_license/output_test/Lic_ColabHolo_0171_Man_face_smart_044.jpg
✅ Generated: /project/lt200393-foullm/Yanakorn_Peach/Dataset/Driving_license/output_test/Lic_ColabHolo_0172_Man_face_smart_014.jpg
✅ Generated: /project/lt200393-foullm/Yanakorn_Peach/Dataset/Driving_license/output_test/Lic_ColabHolo_0173_Man_face_smart_015.jpg
✅ Generated: /project/lt200393-foullm/Yanakorn_Peach/Dataset/Driving_license/output_test/Lic_ColabHolo_0174_Man_face_smart_005.jpg
✅ Generated: /project/lt200393-foullm/Yanakorn_Peach/Dataset/Driving_license/output_test/Lic_ColabHolo_0175_Man_face_smart_026.jpg
✅ Generated: /project/lt200393-foullm/Yanakorn_Peach/Dataset/Driving_license/output_test/Lic_ColabHolo_0176_Man_face_smart_007.jpg
✅ Generated: /project/lt200393-foullm/Yanakorn_Peach/Dataset/Driving_license/output_test/Lic_ColabHolo_0177_Man_face_smart_014.jpg
✅ Generated: /project/lt200393-foullm/Yanakorn_Peach/Dataset/Driving_license/output_test/Lic_ColabHolo_0178_Man_face_smart_041.jpg
✅ Generated: /project/lt200393-foullm/Yanakorn_Peach/Dataset/Driving_license/output_test/Lic_ColabHolo_0179_Man_face_smart_003.jpg
✅ Generated: /project/lt200393-foullm/Yanakorn_Peach/Dataset/Driving_license/output_test/Lic_ColabHolo_0180_Man_face_smart_023.jpg
⏳ สร้างไปแล้ว 180...
✅ Generated: /project/lt200393-foullm/Yanakorn_Peach/Dataset/Driving_license/output_test/Lic_ColabHolo_0181_Man_face_smart_036.jpg
✅ Generated: /project/lt200393-foullm/Yanakorn_Peach/Dataset/Driving_license/output_test/Lic_ColabHolo_0182_Man_face_smart_021.jpg
✅ Generated: /project/lt200393-foullm/Yanakorn_Peach/Dataset/Driving_license/output_test/Lic_ColabHolo_0183_Man_face_smart_016.jpg
✅ Generated: /project/lt200393-foullm/Yanakorn_Peach/Dataset/Driving_license/output_test/Lic_ColabHolo_0184_Man_face_smart_042.jpg
✅ Generated: /project/lt200393-foullm/Yanakorn_Peach/Dataset/Driving_license/output_test/Lic_ColabHolo_0185_Man_face_smart_015.jpg
✅ Generated: /project/lt200393-foullm/Yanakorn_Peach/Dataset/Driving_license/output_test/Lic_ColabHolo_0186_Man_face_smart_039.jpg
✅ Generated: /project/lt200393-foullm/Yanakorn_Peach/Dataset/Driving_license/output_test/Lic_ColabHolo_0187_Man_face_smart_034.jpg
✅ Generated: /project/lt200393-foullm/Yanakorn_Peach/Dataset/Driving_license/output_test/Lic_ColabHolo_0188_Man_face_smart_041.jpg
✅ Generated: /project/lt200393-foullm/Yanakorn_Peach/Dataset/Driving_license/output_test/Lic_ColabHolo_0189_Man_face_smart_018.jpg
✅ Generated: /project/lt200393-foullm/Yanakorn_Peach/Dataset/Driving_license/output_test/Lic_ColabHolo_0190_Man_face_smart_021.jpg
⏳ สร้างไปแล้ว 190...
✅ Generated: /project/lt200393-foullm/Yanakorn_Peach/Dataset/Driving_license/output_test/Lic_ColabHolo_0191_Man_face_smart_034.jpg
✅ Generated: /project/lt200393-foullm/Yanakorn_Peach/Dataset/Driving_license/output_test/Lic_ColabHolo_0192_Man_face_smart_029.jpg
✅ Generated: /project/lt200393-foullm/Yanakorn_Peach/Dataset/Driving_license/output_test/Lic_ColabHolo_0193_Man_face_smart_035.jpg
✅ Generated: /project/lt200393-foullm/Yanakorn_Peach/Dataset/Driving_license/output_test/Lic_ColabHolo_0194_Man_face_smart_007.jpg
✅ Generated: /project/lt200393-foullm/Yanakorn_Peach/Dataset/Driving_license/output_test/Lic_ColabHolo_0195_Man_face_smart_009.jpg
✅ Generated: /project/lt200393-foullm/Yanakorn_Peach/Dataset/Driving_license/output_test/Lic_ColabHolo_0196_Man_face_smart_015.jpg
✅ Generated: /project/lt200393-foullm/Yanakorn_Peach/Dataset/Driving_license/output_test/Lic_ColabHolo_0197_Man_face_smart_035.jpg
✅ Generated: /project/lt200393-foullm/Yanakorn_Peach/Dataset/Driving_license/output_test/Lic_ColabHolo_0198_Man_face_smart_038.jpg
✅ Generated: /project/lt200393-foullm/Yanakorn_Peach/Dataset/Driving_license/output_test/Lic_ColabHolo_0199_Man_face_smart_010.jpg
✅ Generated: /project/lt200393-foullm/Yanakorn_Peach/Dataset/Driving_license/output_test/Lic_ColabHolo_0200_Man_face_smart_008.jpg
⏳ สร้างไปแล้ว 200...
✅ Generated: /project/lt200393-foullm/Yanakorn_Peach/Dataset/Driving_license/output_test/Lic_ColabHolo_0201_Man_face_smart_041.jpg
✅ Generated: /project/lt200393-foullm/Yanakorn_Peach/Dataset/Driving_license/output_test/Lic_ColabHolo_0202_Man_face_smart_028.jpg
✅ Generated: /project/lt200393-foullm/Yanakorn_Peach/Dataset/Driving_license/output_test/Lic_ColabHolo_0203_Man_face_smart_004.jpg
✅ Generated: /project/lt200393-foullm/Yanakorn_Peach/Dataset/Driving_license/output_test/Lic_ColabHolo_0204_Man_face_smart_002.jpg
✅ Generated: /project/lt200393-foullm/Yanakorn_Peach/Dataset/Driving_license/output_test/Lic_ColabHolo_0205_Man_face_smart_024.jpg
✅ Generated: /project/lt200393-foullm/Yanakorn_Peach/Dataset/Driving_license/output_test/Lic_ColabHolo_0206_Man_face_smart_040.jpg
✅ Generated: /project/lt200393-foullm/Yanakorn_Peach/Dataset/Driving_license/output_test/Lic_ColabHolo_0207_Man_face_smart_045.jpg
✅ Generated: /project/lt200393-foullm/Yanakorn_Peach/Dataset/Driving_license/output_test/Lic_ColabHolo_0208_Man_face_smart_017.jpg
✅ Generated: /project/lt200393-foullm/Yanakorn_Peach/Dataset/Driving_license/output_test/Lic_ColabHolo_0209_Man_face_smart_010.jpg
✅ Generated: /project/lt200393-foullm/Yanakorn_Peach/Dataset/Driving_license/output_test/Lic_ColabHolo_0210_Man_face_smart_026.jpg
⏳ สร้างไปแล้ว 210...
✅ Generated: /project/lt200393-foullm/Yanakorn_Peach/Dataset/Driving_license/output_test/Lic_ColabHolo_0211_Man_face_smart_009.jpg
✅ Generated: /project/lt200393-foullm/Yanakorn_Peach/Dataset/Driving_license/output_test/Lic_ColabHolo_0212_Man_face_smart_012.jpg
✅ Generated: /project/lt200393-foullm/Yanakorn_Peach/Dataset/Driving_license/output_test/Lic_ColabHolo_0213_Man_face_smart_036.jpg
✅ Generated: /project/lt200393-foullm/Yanakorn_Peach/Dataset/Driving_license/output_test/Lic_ColabHolo_0214_Man_face_smart_037.jpg
✅ Generated: /project/lt200393-foullm/Yanakorn_Peach/Dataset/Driving_license/output_test/Lic_ColabHolo_0215_Man_face_smart_031.jpg
✅ Generated: /project/lt200393-foullm/Yanakorn_Peach/Dataset/Driving_license/output_test/Lic_ColabHolo_0216_Man_face_smart_022.jpg
✅ Generated: /project/lt200393-foullm/Yanakorn_Peach/Dataset/Driving_license/output_test/Lic_ColabHolo_0217_Man_face_smart_040.jpg
✅ Generated: /project/lt200393-foullm/Yanakorn_Peach/Dataset/Driving_license/output_test/Lic_ColabHolo_0218_Man_face_smart_034.jpg
✅ Generated: /project/lt200393-foullm/Yanakorn_Peach/Dataset/Driving_license/output_test/Lic_ColabHolo_0219_Man_face_smart_034.jpg
✅ Generated: /project/lt200393-foullm/Yanakorn_Peach/Dataset/Driving_license/output_test/Lic_ColabHolo_0220_Man_face_smart_031.jpg
⏳ สร้างไปแล้ว 220...
✅ Generated: /project/lt200393-foullm/Yanakorn_Peach/Dataset/Driving_license/output_test/Lic_ColabHolo_0221_Man_face_smart_018.jpg
✅ Generated: /project/lt200393-foullm/Yanakorn_Peach/Dataset/Driving_license/output_test/Lic_ColabHolo_0222_Man_face_smart_025.jpg
✅ Generated: /project/lt200393-foullm/Yanakorn_Peach/Dataset/Driving_license/output_test/Lic_ColabHolo_0223_Man_face_smart_012.jpg
✅ Generated: /project/lt200393-foullm/Yanakorn_Peach/Dataset/Driving_license/output_test/Lic_ColabHolo_0224_Man_face_smart_026.jpg
✅ Generated: /project/lt200393-foullm/Yanakorn_Peach/Dataset/Driving_license/output_test/Lic_ColabHolo_0225_Man_face_smart_030.jpg
✅ Generated: /project/lt200393-foullm/Yanakorn_Peach/Dataset/Driving_license/output_test/Lic_ColabHolo_0226_Man_face_smart_006.jpg
✅ Generated: /project/lt200393-foullm/Yanakorn_Peach/Dataset/Driving_license/output_test/Lic_ColabHolo_0227_Man_face_smart_017.jpg
✅ Generated: /project/lt200393-foullm/Yanakorn_Peach/Dataset/Driving_license/output_test/Lic_ColabHolo_0228_Man_face_smart_030.jpg
✅ Generated: /project/lt200393-foullm/Yanakorn_Peach/Dataset/Driving_license/output_test/Lic_ColabHolo_0229_Man_face_smart_025.jpg
✅ Generated: /project/lt200393-foullm/Yanakorn_Peach/Dataset/Driving_license/output_test/Lic_ColabHolo_0230_Man_face_smart_041.jpg
⏳ สร้างไปแล้ว 230...
✅ Generated: /project/lt200393-foullm/Yanakorn_Peach/Dataset/Driving_license/output_test/Lic_ColabHolo_0231_Man_face_smart_032.jpg
✅ Generated: /project/lt200393-foullm/Yanakorn_Peach/Dataset/Driving_license/output_test/Lic_ColabHolo_0232_Man_face_smart_015.jpg
✅ Generated: /project/lt200393-foullm/Yanakorn_Peach/Dataset/Driving_license/output_test/Lic_ColabHolo_0233_Man_face_smart_031.jpg
✅ Generated: /project/lt200393-foullm/Yanakorn_Peach/Dataset/Driving_license/output_test/Lic_ColabHolo_0234_Man_face_smart_043.jpg
✅ Generated: /project/lt200393-foullm/Yanakorn_Peach/Dataset/Driving_license/output_test/Lic_ColabHolo_0235_Man_face_smart_033.jpg
✅ Generated: /project/lt200393-foullm/Yanakorn_Peach/Dataset/Driving_license/output_test/Lic_ColabHolo_0236_Man_face_smart_002.jpg
✅ Generated: /project/lt200393-foullm/Yanakorn_Peach/Dataset/Driving_license/output_test/Lic_ColabHolo_0237_Man_face_smart_043.jpg
✅ Generated: /project/lt200393-foullm/Yanakorn_Peach/Dataset/Driving_license/output_test/Lic_ColabHolo_0238_Man_face_smart_014.jpg
✅ Generated: /project/lt200393-foullm/Yanakorn_Peach/Dataset/Driving_license/output_test/Lic_ColabHolo_0239_Man_face_smart_024.jpg
✅ Generated: /project/lt200393-foullm/Yanakorn_Peach/Dataset/Driving_license/output_test/Lic_ColabHolo_0240_Man_face_smart_041.jpg
⏳ สร้างไปแล้ว 240...
✅ Generated: /project/lt200393-foullm/Yanakorn_Peach/Dataset/Driving_license/output_test/Lic_ColabHolo_0241_Man_face_smart_046.jpg
✅ Generated: /project/lt200393-foullm/Yanakorn_Peach/Dataset/Driving_license/output_test/Lic_ColabHolo_0242_Man_face_smart_024.jpg
✅ Generated: /project/lt200393-foullm/Yanakorn_Peach/Dataset/Driving_license/output_test/Lic_ColabHolo_0243_Man_face_smart_018.jpg
✅ Generated: /project/lt200393-foullm/Yanakorn_Peach/Dataset/Driving_license/output_test/Lic_ColabHolo_0244_Man_face_smart_024.jpg
✅ Generated: /project/lt200393-foullm/Yanakorn_Peach/Dataset/Driving_license/output_test/Lic_ColabHolo_0245_Man_face_smart_000.jpg
✅ Generated: /project/lt200393-foullm/Yanakorn_Peach/Dataset/Driving_license/output_test/Lic_ColabHolo_0246_Man_face_smart_022.jpg
✅ Generated: /project/lt200393-foullm/Yanakorn_Peach/Dataset/Driving_license/output_test/Lic_ColabHolo_0247_Man_face_smart_036.jpg
✅ Generated: /project/lt200393-foullm/Yanakorn_Peach/Dataset/Driving_license/output_test/Lic_ColabHolo_0248_Man_face_smart_014.jpg
✅ Generated: /project/lt200393-foullm/Yanakorn_Peach/Dataset/Driving_license/output_test/Lic_ColabHolo_0249_Man_face_smart_043.jpg
✅ Generated: /project/lt200393-foullm/Yanakorn_Peach/Dataset/Driving_license/output_test/Lic_ColabHolo_0250_Man_face_smart_017.jpg
⏳ สร้างไปแล้ว 250...
✅ Generated: /project/lt200393-foullm/Yanakorn_Peach/Dataset/Driving_license/output_test/Lic_ColabHolo_0251_Man_face_smart_031.jpg
✅ Generated: /project/lt200393-foullm/Yanakorn_Peach/Dataset/Driving_license/output_test/Lic_ColabHolo_0252_Man_face_smart_023.jpg
✅ Generated: /project/lt200393-foullm/Yanakorn_Peach/Dataset/Driving_license/output_test/Lic_ColabHolo_0253_Man_face_smart_000.jpg
✅ Generated: /project/lt200393-foullm/Yanakorn_Peach/Dataset/Driving_license/output_test/Lic_ColabHolo_0254_Man_face_smart_004.jpg
✅ Generated: /project/lt200393-foullm/Yanakorn_Peach/Dataset/Driving_license/output_test/Lic_ColabHolo_0255_Man_face_smart_045.jpg
✅ Generated: /project/lt200393-foullm/Yanakorn_Peach/Dataset/Driving_license/output_test/Lic_ColabHolo_0256_Man_face_smart_011.jpg
✅ Generated: /project/lt200393-foullm/Yanakorn_Peach/Dataset/Driving_license/output_test/Lic_ColabHolo_0257_Man_face_smart_041.jpg
✅ Generated: /project/lt200393-foullm/Yanakorn_Peach/Dataset/Driving_license/output_test/Lic_ColabHolo_0258_Man_face_smart_012.jpg
✅ Generated: /project/lt200393-foullm/Yanakorn_Peach/Dataset/Driving_license/output_test/Lic_ColabHolo_0259_Man_face_smart_034.jpg
✅ Generated: /project/lt200393-foullm/Yanakorn_Peach/Dataset/Driving_license/output_test/Lic_ColabHolo_0260_Man_face_smart_011.jpg
⏳ สร้างไปแล้ว 260...
✅ Generated: /project/lt200393-foullm/Yanakorn_Peach/Dataset/Driving_license/output_test/Lic_ColabHolo_0261_Man_face_smart_033.jpg
✅ Generated: /project/lt200393-foullm/Yanakorn_Peach/Dataset/Driving_license/output_test/Lic_ColabHolo_0262_Man_face_smart_015.jpg
✅ Generated: /project/lt200393-foullm/Yanakorn_Peach/Dataset/Driving_license/output_test/Lic_ColabHolo_0263_Man_face_smart_041.jpg
✅ Generated: /project/lt200393-foullm/Yanakorn_Peach/Dataset/Driving_license/output_test/Lic_ColabHolo_0264_Man_face_smart_009.jpg
✅ Generated: /project/lt200393-foullm/Yanakorn_Peach/Dataset/Driving_license/output_test/Lic_ColabHolo_0265_Man_face_smart_020.jpg
✅ Generated: /project/lt200393-foullm/Yanakorn_Peach/Dataset/Driving_license/output_test/Lic_ColabHolo_0266_Man_face_smart_042.jpg
✅ Generated: /project/lt200393-foullm/Yanakorn_Peach/Dataset/Driving_license/output_test/Lic_ColabHolo_0267_Man_face_smart_019.jpg
✅ Generated: /project/lt200393-foullm/Yanakorn_Peach/Dataset/Driving_license/output_test/Lic_ColabHolo_0268_Man_face_smart_030.jpg
✅ Generated: /project/lt200393-foullm/Yanakorn_Peach/Dataset/Driving_license/output_test/Lic_ColabHolo_0269_Man_face_smart_038.jpg
✅ Generated: /project/lt200393-foullm/Yanakorn_Peach/Dataset/Driving_license/output_test/Lic_ColabHolo_0270_Man_face_smart_044.jpg
⏳ สร้างไปแล้ว 270...
✅ Generated: /project/lt200393-foullm/Yanakorn_Peach/Dataset/Driving_license/output_test/Lic_ColabHolo_0271_Man_face_smart_041.jpg
✅ Generated: /project/lt200393-foullm/Yanakorn_Peach/Dataset/Driving_license/output_test/Lic_ColabHolo_0272_Man_face_smart_043.jpg
✅ Generated: /project/lt200393-foullm/Yanakorn_Peach/Dataset/Driving_license/output_test/Lic_ColabHolo_0273_Man_face_smart_041.jpg
✅ Generated: /project/lt200393-foullm/Yanakorn_Peach/Dataset/Driving_license/output_test/Lic_ColabHolo_0274_Man_face_smart_036.jpg
✅ Generated: /project/lt200393-foullm/Yanakorn_Peach/Dataset/Driving_license/output_test/Lic_ColabHolo_0275_Man_face_smart_025.jpg
✅ Generated: /project/lt200393-foullm/Yanakorn_Peach/Dataset/Driving_license/output_test/Lic_ColabHolo_0276_Man_face_smart_007.jpg
✅ Generated: /project/lt200393-foullm/Yanakorn_Peach/Dataset/Driving_license/output_test/Lic_ColabHolo_0277_Man_face_smart_040.jpg
✅ Generated: /project/lt200393-foullm/Yanakorn_Peach/Dataset/Driving_license/output_test/Lic_ColabHolo_0278_Man_face_smart_045.jpg
✅ Generated: /project/lt200393-foullm/Yanakorn_Peach/Dataset/Driving_license/output_test/Lic_ColabHolo_0279_Man_face_smart_020.jpg
✅ Generated: /project/lt200393-foullm/Yanakorn_Peach/Dataset/Driving_license/output_test/Lic_ColabHolo_0280_Man_face_smart_009.jpg
⏳ สร้างไปแล้ว 280...
✅ Generated: /project/lt200393-foullm/Yanakorn_Peach/Dataset/Driving_license/output_test/Lic_ColabHolo_0281_Man_face_smart_029.jpg
✅ Generated: /project/lt200393-foullm/Yanakorn_Peach/Dataset/Driving_license/output_test/Lic_ColabHolo_0282_Man_face_smart_016.jpg
✅ Generated: /project/lt200393-foullm/Yanakorn_Peach/Dataset/Driving_license/output_test/Lic_ColabHolo_0283_Man_face_smart_044.jpg
✅ Generated: /project/lt200393-foullm/Yanakorn_Peach/Dataset/Driving_license/output_test/Lic_ColabHolo_0284_Man_face_smart_021.jpg
✅ Generated: /project/lt200393-foullm/Yanakorn_Peach/Dataset/Driving_license/output_test/Lic_ColabHolo_0285_Man_face_smart_024.jpg
✅ Generated: /project/lt200393-foullm/Yanakorn_Peach/Dataset/Driving_license/output_test/Lic_ColabHolo_0286_Man_face_smart_044.jpg
✅ Generated: /project/lt200393-foullm/Yanakorn_Peach/Dataset/Driving_license/output_test/Lic_ColabHolo_0287_Man_face_smart_015.jpg
✅ Generated: /project/lt200393-foullm/Yanakorn_Peach/Dataset/Driving_license/output_test/Lic_ColabHolo_0288_Man_face_smart_031.jpg
✅ Generated: /project/lt200393-foullm/Yanakorn_Peach/Dataset/Driving_license/output_test/Lic_ColabHolo_0289_Man_face_smart_016.jpg
✅ Generated: /project/lt200393-foullm/Yanakorn_Peach/Dataset/Driving_license/output_test/Lic_ColabHolo_0290_Man_face_smart_024.jpg
⏳ สร้างไปแล้ว 290...
✅ Generated: /project/lt200393-foullm/Yanakorn_Peach/Dataset/Driving_license/output_test/Lic_ColabHolo_0291_Man_face_smart_026.jpg
✅ Generated: /project/lt200393-foullm/Yanakorn_Peach/Dataset/Driving_license/output_test/Lic_ColabHolo_0292_Man_face_smart_008.jpg
✅ Generated: /project/lt200393-foullm/Yanakorn_Peach/Dataset/Driving_license/output_test/Lic_ColabHolo_0293_Man_face_smart_015.jpg
✅ Generated: /project/lt200393-foullm/Yanakorn_Peach/Dataset/Driving_license/output_test/Lic_ColabHolo_0294_Man_face_smart_003.jpg
✅ Generated: /project/lt200393-foullm/Yanakorn_Peach/Dataset/Driving_license/output_test/Lic_ColabHolo_0295_Man_face_smart_026.jpg
✅ Generated: /project/lt200393-foullm/Yanakorn_Peach/Dataset/Driving_license/output_test/Lic_ColabHolo_0296_Man_face_smart_028.jpg
✅ Generated: /project/lt200393-foullm/Yanakorn_Peach/Dataset/Driving_license/output_test/Lic_ColabHolo_0297_Man_face_smart_003.jpg
✅ Generated: /project/lt200393-foullm/Yanakorn_Peach/Dataset/Driving_license/output_test/Lic_ColabHolo_0298_Man_face_smart_038.jpg
✅ Generated: /project/lt200393-foullm/Yanakorn_Peach/Dataset/Driving_license/output_test/Lic_ColabHolo_0299_Man_face_smart_035.jpg
✅ Generated: /project/lt200393-foullm/Yanakorn_Peach/Dataset/Driving_license/output_test/Lic_ColabHolo_0300_Man_face_smart_042.jpg
⏳ สร้างไปแล้ว 300...
✅ Generated: /project/lt200393-foullm/Yanakorn_Peach/Dataset/Driving_license/output_test/Lic_ColabHolo_0301_Man_face_smart_034.jpg
✅ Generated: /project/lt200393-foullm/Yanakorn_Peach/Dataset/Driving_license/output_test/Lic_ColabHolo_0302_Man_face_smart_042.jpg
✅ Generated: /project/lt200393-foullm/Yanakorn_Peach/Dataset/Driving_license/output_test/Lic_ColabHolo_0303_Man_face_smart_045.jpg
✅ Generated: /project/lt200393-foullm/Yanakorn_Peach/Dataset/Driving_license/output_test/Lic_ColabHolo_0304_Man_face_smart_018.jpg
✅ Generated: /project/lt200393-foullm/Yanakorn_Peach/Dataset/Driving_license/output_test/Lic_ColabHolo_0305_Man_face_smart_030.jpg
✅ Generated: /project/lt200393-foullm/Yanakorn_Peach/Dataset/Driving_license/output_test/Lic_ColabHolo_0306_Man_face_smart_047.jpg
✅ Generated: /project/lt200393-foullm/Yanakorn_Peach/Dataset/Driving_license/output_test/Lic_ColabHolo_0307_Man_face_smart_032.jpg
✅ Generated: /project/lt200393-foullm/Yanakorn_Peach/Dataset/Driving_license/output_test/Lic_ColabHolo_0308_Man_face_smart_013.jpg
✅ Generated: /project/lt200393-foullm/Yanakorn_Peach/Dataset/Driving_license/output_test/Lic_ColabHolo_0309_Man_face_smart_002.jpg
✅ Generated: /project/lt200393-foullm/Yanakorn_Peach/Dataset/Driving_license/output_test/Lic_ColabHolo_0310_Man_face_smart_011.jpg
⏳ สร้างไปแล้ว 310...
✅ Generated: /project/lt200393-foullm/Yanakorn_Peach/Dataset/Driving_license/output_test/Lic_ColabHolo_0311_Man_face_smart_014.jpg
✅ Generated: /project/lt200393-foullm/Yanakorn_Peach/Dataset/Driving_license/output_test/Lic_ColabHolo_0312_Man_face_smart_016.jpg
✅ Generated: /project/lt200393-foullm/Yanakorn_Peach/Dataset/Driving_license/output_test/Lic_ColabHolo_0313_Man_face_smart_047.jpg
✅ Generated: /project/lt200393-foullm/Yanakorn_Peach/Dataset/Driving_license/output_test/Lic_ColabHolo_0314_Man_face_smart_002.jpg
✅ Generated: /project/lt200393-foullm/Yanakorn_Peach/Dataset/Driving_license/output_test/Lic_ColabHolo_0315_Man_face_smart_037.jpg
✅ Generated: /project/lt200393-foullm/Yanakorn_Peach/Dataset/Driving_license/output_test/Lic_ColabHolo_0316_Man_face_smart_006.jpg
✅ Generated: /project/lt200393-foullm/Yanakorn_Peach/Dataset/Driving_license/output_test/Lic_ColabHolo_0317_Man_face_smart_033.jpg
✅ Generated: /project/lt200393-foullm/Yanakorn_Peach/Dataset/Driving_license/output_test/Lic_ColabHolo_0318_Man_face_smart_044.jpg
✅ Generated: /project/lt200393-foullm/Yanakorn_Peach/Dataset/Driving_license/output_test/Lic_ColabHolo_0319_Man_face_smart_015.jpg
✅ Generated: /project/lt200393-foullm/Yanakorn_Peach/Dataset/Driving_license/output_test/Lic_ColabHolo_0320_Man_face_smart_028.jpg
⏳ สร้างไปแล้ว 320...
✅ Generated: /project/lt200393-foullm/Yanakorn_Peach/Dataset/Driving_license/output_test/Lic_ColabHolo_0321_Man_face_smart_013.jpg
✅ Generated: /project/lt200393-foullm/Yanakorn_Peach/Dataset/Driving_license/output_test/Lic_ColabHolo_0322_Man_face_smart_011.jpg
✅ Generated: /project/lt200393-foullm/Yanakorn_Peach/Dataset/Driving_license/output_test/Lic_ColabHolo_0323_Man_face_smart_023.jpg
✅ Generated: /project/lt200393-foullm/Yanakorn_Peach/Dataset/Driving_license/output_test/Lic_ColabHolo_0324_Man_face_smart_042.jpg
✅ Generated: /project/lt200393-foullm/Yanakorn_Peach/Dataset/Driving_license/output_test/Lic_ColabHolo_0325_Man_face_smart_027.jpg
✅ Generated: /project/lt200393-foullm/Yanakorn_Peach/Dataset/Driving_license/output_test/Lic_ColabHolo_0326_Man_face_smart_020.jpg
✅ Generated: /project/lt200393-foullm/Yanakorn_Peach/Dataset/Driving_license/output_test/Lic_ColabHolo_0327_Man_face_smart_027.jpg
✅ Generated: /project/lt200393-foullm/Yanakorn_Peach/Dataset/Driving_license/output_test/Lic_ColabHolo_0328_Man_face_smart_044.jpg
✅ Generated: /project/lt200393-foullm/Yanakorn_Peach/Dataset/Driving_license/output_test/Lic_ColabHolo_0329_Man_face_smart_029.jpg
✅ Generated: /project/lt200393-foullm/Yanakorn_Peach/Dataset/Driving_license/output_test/Lic_ColabHolo_0330_Man_face_smart_025.jpg
⏳ สร้างไปแล้ว 330...
✅ Generated: /project/lt200393-foullm/Yanakorn_Peach/Dataset/Driving_license/output_test/Lic_ColabHolo_0331_Man_face_smart_042.jpg
✅ Generated: /project/lt200393-foullm/Yanakorn_Peach/Dataset/Driving_license/output_test/Lic_ColabHolo_0332_Man_face_smart_002.jpg
✅ Generated: /project/lt200393-foullm/Yanakorn_Peach/Dataset/Driving_license/output_test/Lic_ColabHolo_0333_Man_face_smart_010.jpg
✅ Generated: /project/lt200393-foullm/Yanakorn_Peach/Dataset/Driving_license/output_test/Lic_ColabHolo_0334_Man_face_smart_038.jpg
✅ Generated: /project/lt200393-foullm/Yanakorn_Peach/Dataset/Driving_license/output_test/Lic_ColabHolo_0335_Man_face_smart_039.jpg
✅ Generated: /project/lt200393-foullm/Yanakorn_Peach/Dataset/Driving_license/output_test/Lic_ColabHolo_0336_Man_face_smart_021.jpg
✅ Generated: /project/lt200393-foullm/Yanakorn_Peach/Dataset/Driving_license/output_test/Lic_ColabHolo_0337_Man_face_smart_018.jpg
✅ Generated: /project/lt200393-foullm/Yanakorn_Peach/Dataset/Driving_license/output_test/Lic_ColabHolo_0338_Man_face_smart_041.jpg
✅ Generated: /project/lt200393-foullm/Yanakorn_Peach/Dataset/Driving_license/output_test/Lic_ColabHolo_0339_Man_face_smart_016.jpg
✅ Generated: /project/lt200393-foullm/Yanakorn_Peach/Dataset/Driving_license/output_test/Lic_ColabHolo_0340_Man_face_smart_004.jpg
⏳ สร้างไปแล้ว 340...
✅ Generated: /project/lt200393-foullm/Yanakorn_Peach/Dataset/Driving_license/output_test/Lic_ColabHolo_0341_Man_face_smart_043.jpg
✅ Generated: /project/lt200393-foullm/Yanakorn_Peach/Dataset/Driving_license/output_test/Lic_ColabHolo_0342_Man_face_smart_025.jpg
✅ Generated: /project/lt200393-foullm/Yanakorn_Peach/Dataset/Driving_license/output_test/Lic_ColabHolo_0343_Man_face_smart_035.jpg
✅ Generated: /project/lt200393-foullm/Yanakorn_Peach/Dataset/Driving_license/output_test/Lic_ColabHolo_0344_Man_face_smart_001.jpg
✅ Generated: /project/lt200393-foullm/Yanakorn_Peach/Dataset/Driving_license/output_test/Lic_ColabHolo_0345_Man_face_smart_021.jpg
✅ Generated: /project/lt200393-foullm/Yanakorn_Peach/Dataset/Driving_license/output_test/Lic_ColabHolo_0346_Man_face_smart_034.jpg
✅ Generated: /project/lt200393-foullm/Yanakorn_Peach/Dataset/Driving_license/output_test/Lic_ColabHolo_0347_Man_face_smart_046.jpg
✅ Generated: /project/lt200393-foullm/Yanakorn_Peach/Dataset/Driving_license/output_test/Lic_ColabHolo_0348_Man_face_smart_011.jpg
✅ Generated: /project/lt200393-foullm/Yanakorn_Peach/Dataset/Driving_license/output_test/Lic_ColabHolo_0349_Man_face_smart_015.jpg
✅ Generated: /project/lt200393-foullm/Yanakorn_Peach/Dataset/Driving_license/output_test/Lic_ColabHolo_0350_Man_face_smart_027.jpg
⏳ สร้างไปแล้ว 350...
✅ Generated: /project/lt200393-foullm/Yanakorn_Peach/Dataset/Driving_license/output_test/Lic_ColabHolo_0351_Man_face_smart_001.jpg
✅ Generated: /project/lt200393-foullm/Yanakorn_Peach/Dataset/Driving_license/output_test/Lic_ColabHolo_0352_Man_face_smart_034.jpg
✅ Generated: /project/lt200393-foullm/Yanakorn_Peach/Dataset/Driving_license/output_test/Lic_ColabHolo_0353_Man_face_smart_002.jpg
✅ Generated: /project/lt200393-foullm/Yanakorn_Peach/Dataset/Driving_license/output_test/Lic_ColabHolo_0354_Man_face_smart_023.jpg
✅ Generated: /project/lt200393-foullm/Yanakorn_Peach/Dataset/Driving_license/output_test/Lic_ColabHolo_0355_Man_face_smart_043.jpg
✅ Generated: /project/lt200393-foullm/Yanakorn_Peach/Dataset/Driving_license/output_test/Lic_ColabHolo_0356_Man_face_smart_018.jpg
✅ Generated: /project/lt200393-foullm/Yanakorn_Peach/Dataset/Driving_license/output_test/Lic_ColabHolo_0357_Man_face_smart_003.jpg
✅ Generated: /project/lt200393-foullm/Yanakorn_Peach/Dataset/Driving_license/output_test/Lic_ColabHolo_0358_Man_face_smart_001.jpg
✅ Generated: /project/lt200393-foullm/Yanakorn_Peach/Dataset/Driving_license/output_test/Lic_ColabHolo_0359_Man_face_smart_015.jpg
✅ Generated: /project/lt200393-foullm/Yanakorn_Peach/Dataset/Driving_license/output_test/Lic_ColabHolo_0360_Man_face_smart_014.jpg
⏳ สร้างไปแล้ว 360...
✅ Generated: /project/lt200393-foullm/Yanakorn_Peach/Dataset/Driving_license/output_test/Lic_ColabHolo_0361_Man_face_smart_037.jpg
✅ Generated: /project/lt200393-foullm/Yanakorn_Peach/Dataset/Driving_license/output_test/Lic_ColabHolo_0362_Man_face_smart_038.jpg
✅ Generated: /project/lt200393-foullm/Yanakorn_Peach/Dataset/Driving_license/output_test/Lic_ColabHolo_0363_Man_face_smart_042.jpg
✅ Generated: /project/lt200393-foullm/Yanakorn_Peach/Dataset/Driving_license/output_test/Lic_ColabHolo_0364_Man_face_smart_034.jpg
✅ Generated: /project/lt200393-foullm/Yanakorn_Peach/Dataset/Driving_license/output_test/Lic_ColabHolo_0365_Man_face_smart_047.jpg
✅ Generated: /project/lt200393-foullm/Yanakorn_Peach/Dataset/Driving_license/output_test/Lic_ColabHolo_0366_Man_face_smart_007.jpg
✅ Generated: /project/lt200393-foullm/Yanakorn_Peach/Dataset/Driving_license/output_test/Lic_ColabHolo_0367_Man_face_smart_031.jpg
✅ Generated: /project/lt200393-foullm/Yanakorn_Peach/Dataset/Driving_license/output_test/Lic_ColabHolo_0368_Man_face_smart_039.jpg
✅ Generated: /project/lt200393-foullm/Yanakorn_Peach/Dataset/Driving_license/output_test/Lic_ColabHolo_0369_Man_face_smart_023.jpg
✅ Generated: /project/lt200393-foullm/Yanakorn_Peach/Dataset/Driving_license/output_test/Lic_ColabHolo_0370_Man_face_smart_004.jpg
⏳ สร้างไปแล้ว 370...
✅ Generated: /project/lt200393-foullm/Yanakorn_Peach/Dataset/Driving_license/output_test/Lic_ColabHolo_0371_Man_face_smart_023.jpg
✅ Generated: /project/lt200393-foullm/Yanakorn_Peach/Dataset/Driving_license/output_test/Lic_ColabHolo_0372_Man_face_smart_045.jpg
✅ Generated: /project/lt200393-foullm/Yanakorn_Peach/Dataset/Driving_license/output_test/Lic_ColabHolo_0373_Man_face_smart_009.jpg
✅ Generated: /project/lt200393-foullm/Yanakorn_Peach/Dataset/Driving_license/output_test/Lic_ColabHolo_0374_Man_face_smart_030.jpg
✅ Generated: /project/lt200393-foullm/Yanakorn_Peach/Dataset/Driving_license/output_test/Lic_ColabHolo_0375_Man_face_smart_004.jpg
✅ Generated: /project/lt200393-foullm/Yanakorn_Peach/Dataset/Driving_license/output_test/Lic_ColabHolo_0376_Man_face_smart_037.jpg
✅ Generated: /project/lt200393-foullm/Yanakorn_Peach/Dataset/Driving_license/output_test/Lic_ColabHolo_0377_Man_face_smart_015.jpg
✅ Generated: /project/lt200393-foullm/Yanakorn_Peach/Dataset/Driving_license/output_test/Lic_ColabHolo_0378_Man_face_smart_038.jpg
✅ Generated: /project/lt200393-foullm/Yanakorn_Peach/Dataset/Driving_license/output_test/Lic_ColabHolo_0379_Man_face_smart_013.jpg
✅ Generated: /project/lt200393-foullm/Yanakorn_Peach/Dataset/Driving_license/output_test/Lic_ColabHolo_0380_Man_face_smart_004.jpg
⏳ สร้างไปแล้ว 380...
✅ Generated: /project/lt200393-foullm/Yanakorn_Peach/Dataset/Driving_license/output_test/Lic_ColabHolo_0381_Man_face_smart_032.jpg
✅ Generated: /project/lt200393-foullm/Yanakorn_Peach/Dataset/Driving_license/output_test/Lic_ColabHolo_0382_Man_face_smart_026.jpg
✅ Generated: /project/lt200393-foullm/Yanakorn_Peach/Dataset/Driving_license/output_test/Lic_ColabHolo_0383_Man_face_smart_028.jpg
✅ Generated: /project/lt200393-foullm/Yanakorn_Peach/Dataset/Driving_license/output_test/Lic_ColabHolo_0384_Man_face_smart_004.jpg
✅ Generated: /project/lt200393-foullm/Yanakorn_Peach/Dataset/Driving_license/output_test/Lic_ColabHolo_0385_Man_face_smart_040.jpg
✅ Generated: /project/lt200393-foullm/Yanakorn_Peach/Dataset/Driving_license/output_test/Lic_ColabHolo_0386_Man_face_smart_031.jpg
✅ Generated: /project/lt200393-foullm/Yanakorn_Peach/Dataset/Driving_license/output_test/Lic_ColabHolo_0387_Man_face_smart_023.jpg
✅ Generated: /project/lt200393-foullm/Yanakorn_Peach/Dataset/Driving_license/output_test/Lic_ColabHolo_0388_Man_face_smart_003.jpg
✅ Generated: /project/lt200393-foullm/Yanakorn_Peach/Dataset/Driving_license/output_test/Lic_ColabHolo_0389_Man_face_smart_023.jpg
✅ Generated: /project/lt200393-foullm/Yanakorn_Peach/Dataset/Driving_license/output_test/Lic_ColabHolo_0390_Man_face_smart_012.jpg
⏳ สร้างไปแล้ว 390...
✅ Generated: /project/lt200393-foullm/Yanakorn_Peach/Dataset/Driving_license/output_test/Lic_ColabHolo_0391_Man_face_smart_045.jpg
✅ Generated: /project/lt200393-foullm/Yanakorn_Peach/Dataset/Driving_license/output_test/Lic_ColabHolo_0392_Man_face_smart_007.jpg
✅ Generated: /project/lt200393-foullm/Yanakorn_Peach/Dataset/Driving_license/output_test/Lic_ColabHolo_0393_Man_face_smart_007.jpg
✅ Generated: /project/lt200393-foullm/Yanakorn_Peach/Dataset/Driving_license/output_test/Lic_ColabHolo_0394_Man_face_smart_041.jpg
✅ Generated: /project/lt200393-foullm/Yanakorn_Peach/Dataset/Driving_license/output_test/Lic_ColabHolo_0395_Man_face_smart_004.jpg
✅ Generated: /project/lt200393-foullm/Yanakorn_Peach/Dataset/Driving_license/output_test/Lic_ColabHolo_0396_Man_face_smart_022.jpg
✅ Generated: /project/lt200393-foullm/Yanakorn_Peach/Dataset/Driving_license/output_test/Lic_ColabHolo_0397_Man_face_smart_012.jpg
✅ Generated: /project/lt200393-foullm/Yanakorn_Peach/Dataset/Driving_license/output_test/Lic_ColabHolo_0398_Man_face_smart_004.jpg
✅ Generated: /project/lt200393-foullm/Yanakorn_Peach/Dataset/Driving_license/output_test/Lic_ColabHolo_0399_Man_face_smart_011.jpg
✅ Generated: /project/lt200393-foullm/Yanakorn_Peach/Dataset/Driving_license/output_test/Lic_ColabHolo_0400_Man_face_smart_006.jpg
⏳ สร้างไปแล้ว 400...
✅ Generated: /project/lt200393-foullm/Yanakorn_Peach/Dataset/Driving_license/output_test/Lic_ColabHolo_0401_Man_face_smart_028.jpg
✅ Generated: /project/lt200393-foullm/Yanakorn_Peach/Dataset/Driving_license/output_test/Lic_ColabHolo_0402_Man_face_smart_014.jpg
✅ Generated: /project/lt200393-foullm/Yanakorn_Peach/Dataset/Driving_license/output_test/Lic_ColabHolo_0403_Man_face_smart_039.jpg
✅ Generated: /project/lt200393-foullm/Yanakorn_Peach/Dataset/Driving_license/output_test/Lic_ColabHolo_0404_Man_face_smart_033.jpg
✅ Generated: /project/lt200393-foullm/Yanakorn_Peach/Dataset/Driving_license/output_test/Lic_ColabHolo_0405_Man_face_smart_005.jpg
✅ Generated: /project/lt200393-foullm/Yanakorn_Peach/Dataset/Driving_license/output_test/Lic_ColabHolo_0406_Man_face_smart_008.jpg
✅ Generated: /project/lt200393-foullm/Yanakorn_Peach/Dataset/Driving_license/output_test/Lic_ColabHolo_0407_Man_face_smart_021.jpg
✅ Generated: /project/lt200393-foullm/Yanakorn_Peach/Dataset/Driving_license/output_test/Lic_ColabHolo_0408_Man_face_smart_042.jpg
✅ Generated: /project/lt200393-foullm/Yanakorn_Peach/Dataset/Driving_license/output_test/Lic_ColabHolo_0409_Man_face_smart_028.jpg
✅ Generated: /project/lt200393-foullm/Yanakorn_Peach/Dataset/Driving_license/output_test/Lic_ColabHolo_0410_Man_face_smart_028.jpg
⏳ สร้างไปแล้ว 410...
✅ Generated: /project/lt200393-foullm/Yanakorn_Peach/Dataset/Driving_license/output_test/Lic_ColabHolo_0411_Man_face_smart_013.jpg
✅ Generated: /project/lt200393-foullm/Yanakorn_Peach/Dataset/Driving_license/output_test/Lic_ColabHolo_0412_Man_face_smart_045.jpg
✅ Generated: /project/lt200393-foullm/Yanakorn_Peach/Dataset/Driving_license/output_test/Lic_ColabHolo_0413_Man_face_smart_011.jpg
✅ Generated: /project/lt200393-foullm/Yanakorn_Peach/Dataset/Driving_license/output_test/Lic_ColabHolo_0414_Man_face_smart_014.jpg
✅ Generated: /project/lt200393-foullm/Yanakorn_Peach/Dataset/Driving_license/output_test/Lic_ColabHolo_0415_Man_face_smart_016.jpg
✅ Generated: /project/lt200393-foullm/Yanakorn_Peach/Dataset/Driving_license/output_test/Lic_ColabHolo_0416_Man_face_smart_027.jpg
✅ Generated: /project/lt200393-foullm/Yanakorn_Peach/Dataset/Driving_license/output_test/Lic_ColabHolo_0417_Man_face_smart_002.jpg
✅ Generated: /project/lt200393-foullm/Yanakorn_Peach/Dataset/Driving_license/output_test/Lic_ColabHolo_0418_Man_face_smart_037.jpg
✅ Generated: /project/lt200393-foullm/Yanakorn_Peach/Dataset/Driving_license/output_test/Lic_ColabHolo_0419_Man_face_smart_029.jpg
✅ Generated: /project/lt200393-foullm/Yanakorn_Peach/Dataset/Driving_license/output_test/Lic_ColabHolo_0420_Man_face_smart_001.jpg
⏳ สร้างไปแล้ว 420...
✅ Generated: /project/lt200393-foullm/Yanakorn_Peach/Dataset/Driving_license/output_test/Lic_ColabHolo_0421_Man_face_smart_033.jpg
✅ Generated: /project/lt200393-foullm/Yanakorn_Peach/Dataset/Driving_license/output_test/Lic_ColabHolo_0422_Man_face_smart_021.jpg
✅ Generated: /project/lt200393-foullm/Yanakorn_Peach/Dataset/Driving_license/output_test/Lic_ColabHolo_0423_Man_face_smart_010.jpg
✅ Generated: /project/lt200393-foullm/Yanakorn_Peach/Dataset/Driving_license/output_test/Lic_ColabHolo_0424_Man_face_smart_018.jpg
✅ Generated: /project/lt200393-foullm/Yanakorn_Peach/Dataset/Driving_license/output_test/Lic_ColabHolo_0425_Man_face_smart_044.jpg
✅ Generated: /project/lt200393-foullm/Yanakorn_Peach/Dataset/Driving_license/output_test/Lic_ColabHolo_0426_Man_face_smart_031.jpg
✅ Generated: /project/lt200393-foullm/Yanakorn_Peach/Dataset/Driving_license/output_test/Lic_ColabHolo_0427_Man_face_smart_032.jpg
✅ Generated: /project/lt200393-foullm/Yanakorn_Peach/Dataset/Driving_license/output_test/Lic_ColabHolo_0428_Man_face_smart_015.jpg
✅ Generated: /project/lt200393-foullm/Yanakorn_Peach/Dataset/Driving_license/output_test/Lic_ColabHolo_0429_Man_face_smart_007.jpg
✅ Generated: /project/lt200393-foullm/Yanakorn_Peach/Dataset/Driving_license/output_test/Lic_ColabHolo_0430_Man_face_smart_008.jpg
⏳ สร้างไปแล้ว 430...
✅ Generated: /project/lt200393-foullm/Yanakorn_Peach/Dataset/Driving_license/output_test/Lic_ColabHolo_0431_Man_face_smart_035.jpg
✅ Generated: /project/lt200393-foullm/Yanakorn_Peach/Dataset/Driving_license/output_test/Lic_ColabHolo_0432_Man_face_smart_017.jpg
✅ Generated: /project/lt200393-foullm/Yanakorn_Peach/Dataset/Driving_license/output_test/Lic_ColabHolo_0433_Man_face_smart_011.jpg
✅ Generated: /project/lt200393-foullm/Yanakorn_Peach/Dataset/Driving_license/output_test/Lic_ColabHolo_0434_Man_face_smart_026.jpg
✅ Generated: /project/lt200393-foullm/Yanakorn_Peach/Dataset/Driving_license/output_test/Lic_ColabHolo_0435_Man_face_smart_030.jpg
✅ Generated: /project/lt200393-foullm/Yanakorn_Peach/Dataset/Driving_license/output_test/Lic_ColabHolo_0436_Man_face_smart_047.jpg
✅ Generated: /project/lt200393-foullm/Yanakorn_Peach/Dataset/Driving_license/output_test/Lic_ColabHolo_0437_Man_face_smart_027.jpg
✅ Generated: /project/lt200393-foullm/Yanakorn_Peach/Dataset/Driving_license/output_test/Lic_ColabHolo_0438_Man_face_smart_027.jpg
✅ Generated: /project/lt200393-foullm/Yanakorn_Peach/Dataset/Driving_license/output_test/Lic_ColabHolo_0439_Man_face_smart_028.jpg
✅ Generated: /project/lt200393-foullm/Yanakorn_Peach/Dataset/Driving_license/output_test/Lic_ColabHolo_0440_Man_face_smart_021.jpg
⏳ สร้างไปแล้ว 440...
✅ Generated: /project/lt200393-foullm/Yanakorn_Peach/Dataset/Driving_license/output_test/Lic_ColabHolo_0441_Man_face_smart_044.jpg
✅ Generated: /project/lt200393-foullm/Yanakorn_Peach/Dataset/Driving_license/output_test/Lic_ColabHolo_0442_Man_face_smart_016.jpg
✅ Generated: /project/lt200393-foullm/Yanakorn_Peach/Dataset/Driving_license/output_test/Lic_ColabHolo_0443_Man_face_smart_047.jpg
✅ Generated: /project/lt200393-foullm/Yanakorn_Peach/Dataset/Driving_license/output_test/Lic_ColabHolo_0444_Man_face_smart_002.jpg
✅ Generated: /project/lt200393-foullm/Yanakorn_Peach/Dataset/Driving_license/output_test/Lic_ColabHolo_0445_Man_face_smart_033.jpg
✅ Generated: /project/lt200393-foullm/Yanakorn_Peach/Dataset/Driving_license/output_test/Lic_ColabHolo_0446_Man_face_smart_000.jpg
✅ Generated: /project/lt200393-foullm/Yanakorn_Peach/Dataset/Driving_license/output_test/Lic_ColabHolo_0447_Man_face_smart_027.jpg
✅ Generated: /project/lt200393-foullm/Yanakorn_Peach/Dataset/Driving_license/output_test/Lic_ColabHolo_0448_Man_face_smart_011.jpg
✅ Generated: /project/lt200393-foullm/Yanakorn_Peach/Dataset/Driving_license/output_test/Lic_ColabHolo_0449_Man_face_smart_039.jpg
✅ Generated: /project/lt200393-foullm/Yanakorn_Peach/Dataset/Driving_license/output_test/Lic_ColabHolo_0450_Man_face_smart_009.jpg
⏳ สร้างไปแล้ว 450...
✅ Generated: /project/lt200393-foullm/Yanakorn_Peach/Dataset/Driving_license/output_test/Lic_ColabHolo_0451_Man_face_smart_015.jpg
✅ Generated: /project/lt200393-foullm/Yanakorn_Peach/Dataset/Driving_license/output_test/Lic_ColabHolo_0452_Man_face_smart_015.jpg
✅ Generated: /project/lt200393-foullm/Yanakorn_Peach/Dataset/Driving_license/output_test/Lic_ColabHolo_0453_Man_face_smart_029.jpg
✅ Generated: /project/lt200393-foullm/Yanakorn_Peach/Dataset/Driving_license/output_test/Lic_ColabHolo_0454_Man_face_smart_023.jpg
✅ Generated: /project/lt200393-foullm/Yanakorn_Peach/Dataset/Driving_license/output_test/Lic_ColabHolo_0455_Man_face_smart_016.jpg
✅ Generated: /project/lt200393-foullm/Yanakorn_Peach/Dataset/Driving_license/output_test/Lic_ColabHolo_0456_Man_face_smart_039.jpg
✅ Generated: /project/lt200393-foullm/Yanakorn_Peach/Dataset/Driving_license/output_test/Lic_ColabHolo_0457_Man_face_smart_019.jpg
✅ Generated: /project/lt200393-foullm/Yanakorn_Peach/Dataset/Driving_license/output_test/Lic_ColabHolo_0458_Man_face_smart_043.jpg
✅ Generated: /project/lt200393-foullm/Yanakorn_Peach/Dataset/Driving_license/output_test/Lic_ColabHolo_0459_Man_face_smart_037.jpg
✅ Generated: /project/lt200393-foullm/Yanakorn_Peach/Dataset/Driving_license/output_test/Lic_ColabHolo_0460_Man_face_smart_030.jpg
⏳ สร้างไปแล้ว 460...
✅ Generated: /project/lt200393-foullm/Yanakorn_Peach/Dataset/Driving_license/output_test/Lic_ColabHolo_0461_Man_face_smart_000.jpg
✅ Generated: /project/lt200393-foullm/Yanakorn_Peach/Dataset/Driving_license/output_test/Lic_ColabHolo_0462_Man_face_smart_013.jpg
✅ Generated: /project/lt200393-foullm/Yanakorn_Peach/Dataset/Driving_license/output_test/Lic_ColabHolo_0463_Man_face_smart_020.jpg
✅ Generated: /project/lt200393-foullm/Yanakorn_Peach/Dataset/Driving_license/output_test/Lic_ColabHolo_0464_Man_face_smart_002.jpg
✅ Generated: /project/lt200393-foullm/Yanakorn_Peach/Dataset/Driving_license/output_test/Lic_ColabHolo_0465_Man_face_smart_021.jpg
✅ Generated: /project/lt200393-foullm/Yanakorn_Peach/Dataset/Driving_license/output_test/Lic_ColabHolo_0466_Man_face_smart_033.jpg
✅ Generated: /project/lt200393-foullm/Yanakorn_Peach/Dataset/Driving_license/output_test/Lic_ColabHolo_0467_Man_face_smart_008.jpg
✅ Generated: /project/lt200393-foullm/Yanakorn_Peach/Dataset/Driving_license/output_test/Lic_ColabHolo_0468_Man_face_smart_011.jpg
✅ Generated: /project/lt200393-foullm/Yanakorn_Peach/Dataset/Driving_license/output_test/Lic_ColabHolo_0469_Man_face_smart_031.jpg
✅ Generated: /project/lt200393-foullm/Yanakorn_Peach/Dataset/Driving_license/output_test/Lic_ColabHolo_0470_Man_face_smart_041.jpg
⏳ สร้างไปแล้ว 470...
✅ Generated: /project/lt200393-foullm/Yanakorn_Peach/Dataset/Driving_license/output_test/Lic_ColabHolo_0471_Man_face_smart_024.jpg
✅ Generated: /project/lt200393-foullm/Yanakorn_Peach/Dataset/Driving_license/output_test/Lic_ColabHolo_0472_Man_face_smart_004.jpg
✅ Generated: /project/lt200393-foullm/Yanakorn_Peach/Dataset/Driving_license/output_test/Lic_ColabHolo_0473_Man_face_smart_030.jpg
✅ Generated: /project/lt200393-foullm/Yanakorn_Peach/Dataset/Driving_license/output_test/Lic_ColabHolo_0474_Man_face_smart_006.jpg
✅ Generated: /project/lt200393-foullm/Yanakorn_Peach/Dataset/Driving_license/output_test/Lic_ColabHolo_0475_Man_face_smart_038.jpg
✅ Generated: /project/lt200393-foullm/Yanakorn_Peach/Dataset/Driving_license/output_test/Lic_ColabHolo_0476_Man_face_smart_018.jpg
✅ Generated: /project/lt200393-foullm/Yanakorn_Peach/Dataset/Driving_license/output_test/Lic_ColabHolo_0477_Man_face_smart_005.jpg
✅ Generated: /project/lt200393-foullm/Yanakorn_Peach/Dataset/Driving_license/output_test/Lic_ColabHolo_0478_Man_face_smart_042.jpg
✅ Generated: /project/lt200393-foullm/Yanakorn_Peach/Dataset/Driving_license/output_test/Lic_ColabHolo_0479_Man_face_smart_013.jpg
✅ Generated: /project/lt200393-foullm/Yanakorn_Peach/Dataset/Driving_license/output_test/Lic_ColabHolo_0480_Man_face_smart_034.jpg
⏳ สร้างไปแล้ว 480...
✅ Generated: /project/lt200393-foullm/Yanakorn_Peach/Dataset/Driving_license/output_test/Lic_ColabHolo_0481_Man_face_smart_010.jpg
✅ Generated: /project/lt200393-foullm/Yanakorn_Peach/Dataset/Driving_license/output_test/Lic_ColabHolo_0482_Man_face_smart_020.jpg
✅ Generated: /project/lt200393-foullm/Yanakorn_Peach/Dataset/Driving_license/output_test/Lic_ColabHolo_0483_Man_face_smart_046.jpg
✅ Generated: /project/lt200393-foullm/Yanakorn_Peach/Dataset/Driving_license/output_test/Lic_ColabHolo_0484_Man_face_smart_005.jpg
✅ Generated: /project/lt200393-foullm/Yanakorn_Peach/Dataset/Driving_license/output_test/Lic_ColabHolo_0485_Man_face_smart_043.jpg
✅ Generated: /project/lt200393-foullm/Yanakorn_Peach/Dataset/Driving_license/output_test/Lic_ColabHolo_0486_Man_face_smart_013.jpg
✅ Generated: /project/lt200393-foullm/Yanakorn_Peach/Dataset/Driving_license/output_test/Lic_ColabHolo_0487_Man_face_smart_041.jpg
✅ Generated: /project/lt200393-foullm/Yanakorn_Peach/Dataset/Driving_license/output_test/Lic_ColabHolo_0488_Man_face_smart_010.jpg
✅ Generated: /project/lt200393-foullm/Yanakorn_Peach/Dataset/Driving_license/output_test/Lic_ColabHolo_0489_Man_face_smart_000.jpg
✅ Generated: /project/lt200393-foullm/Yanakorn_Peach/Dataset/Driving_license/output_test/Lic_ColabHolo_0490_Man_face_smart_030.jpg
⏳ สร้างไปแล้ว 490...
✅ Generated: /project/lt200393-foullm/Yanakorn_Peach/Dataset/Driving_license/output_test/Lic_ColabHolo_0491_Man_face_smart_029.jpg
✅ Generated: /project/lt200393-foullm/Yanakorn_Peach/Dataset/Driving_license/output_test/Lic_ColabHolo_0492_Man_face_smart_008.jpg
✅ Generated: /project/lt200393-foullm/Yanakorn_Peach/Dataset/Driving_license/output_test/Lic_ColabHolo_0493_Man_face_smart_009.jpg
✅ Generated: /project/lt200393-foullm/Yanakorn_Peach/Dataset/Driving_license/output_test/Lic_ColabHolo_0494_Man_face_smart_039.jpg
✅ Generated: /project/lt200393-foullm/Yanakorn_Peach/Dataset/Driving_license/output_test/Lic_ColabHolo_0495_Man_face_smart_047.jpg
✅ Generated: /project/lt200393-foullm/Yanakorn_Peach/Dataset/Driving_license/output_test/Lic_ColabHolo_0496_Man_face_smart_021.jpg
✅ Generated: /project/lt200393-foullm/Yanakorn_Peach/Dataset/Driving_license/output_test/Lic_ColabHolo_0497_Man_face_smart_026.jpg
✅ Generated: /project/lt200393-foullm/Yanakorn_Peach/Dataset/Driving_license/output_test/Lic_ColabHolo_0498_Man_face_smart_010.jpg
✅ Generated: /project/lt200393-foullm/Yanakorn_Peach/Dataset/Driving_license/output_test/Lic_ColabHolo_0499_Man_face_smart_017.jpg
✅ Generated: /project/lt200393-foullm/Yanakorn_Peach/Dataset/Driving_license/output_test/Lic_ColabHolo_0500_Man_face_smart_020.jpg
⏳ สร้างไปแล้ว 500...
✨ เสร็จสมบูรณ์! เช็คผลลัพธ์ที่: /project/lt200393-foullm/Yanakorn_Peach/Dataset/Driving_license/output_test
✅ Job Finished!
