🚀 Starting Auto-Labeling for Electric Bills...
DEVICE: GPU 🟢
📂 Found 500 images in 'mea'
   Processed 10/500...
   Processed 20/500...
   Processed 30/500...
   Processed 40/500...
   Processed 50/500...
   Processed 60/500...
   Processed 70/500...
   Processed 80/500...
   Processed 90/500...
   Processed 100/500...
   Processed 110/500...
   Processed 120/500...
   Processed 130/500...
   Processed 140/500...
   Processed 150/500...
   Processed 160/500...
   Processed 170/500...
   Processed 180/500...
   Processed 190/500...
   Processed 200/500...
   Processed 210/500...
   Processed 220/500...
   Processed 230/500...
   Processed 240/500...
   Processed 250/500...
   Processed 260/500...
   Processed 270/500...
   Processed 280/500...
   Processed 290/500...
   Processed 300/500...
   Processed 310/500...
   Processed 320/500...
   Processed 330/500...
   Processed 340/500...
   Processed 350/500...
   Processed 360/500...
   Processed 370/500...
   Processed 380/500...
   Processed 390/500...
   Processed 400/500...
   Processed 410/500...
   Processed 420/500...
   Processed 430/500...
   Processed 440/500...
   Processed 450/500...
   Processed 460/500...
   Processed 470/500...
   Processed 480/500...
   Processed 490/500...
   Processed 500/500...
📂 Found 502 images in 'pea'
   Processed 10/502...
   Processed 20/502...
   Processed 30/502...
   Processed 40/502...
   Processed 50/502...
   Processed 60/502...
   Processed 70/502...
   Processed 80/502...
   Processed 90/502...
   Processed 100/502...
   Processed 110/502...
   Processed 120/502...
   Processed 130/502...
   Processed 140/502...
   Processed 150/502...
   Processed 160/502...
   Processed 170/502...
   Processed 180/502...
   Processed 190/502...
   Processed 200/502...
   Processed 210/502...
   Processed 220/502...
   Processed 230/502...
   Processed 240/502...
   Processed 250/502...
   Processed 260/502...
   Processed 270/502...
   Processed 280/502...
   Processed 290/502...
   Processed 300/502...
   Processed 310/502...
   Processed 320/502...
   Processed 330/502...
   Processed 340/502...
   Processed 350/502...
   Processed 360/502...
   Processed 370/502...
   Processed 380/502...
   Processed 390/502...
   Processed 400/502...
   Processed 410/502...
   Processed 420/502...
   Processed 430/502...
   Processed 440/502...
   Processed 450/502...
   Processed 460/502...
   Processed 470/502...
   Processed 480/502...
   Processed 490/502...
   Processed 500/502...

✅ เสร็จสมบูรณ์! สร้าง Dataset ทั้งหมด 1002 รายการ
💾 ไฟล์อยู่ที่: /project/lt200393-foullm/Yanakorn_Peach/TestFinetune/Copy_P_Tee/ocr_proj/datasets/dataset_Syndata/Electric_bill/electricity_bill_dataset.json
